******************************************************************************
                  TI ARM Linker PC v20.2.1                     
******************************************************************************
>> Linked Thu Feb 25 11:23:37 2021

OUTPUT FILE NAME:   <Lab3.out>
ENTRY POINT SYMBOL: "_c_int00_noargs"  address: 000026f1


MEMORY CONFIGURATION

         name            origin    length      used     unused   attr    fill
----------------------  --------  ---------  --------  --------  ----  --------
  FLASH                 00000000   00040000  00002a0d  0003d5f3  R  X
  SRAM                  20000000   00008000  00002302  00005cfe  RW X


SEGMENT ALLOCATION MAP

run origin  load origin   length   init length attrs members
----------  ----------- ---------- ----------- ----- -------
00000000    00000000    00002a10   00002a10    r-x
  00000000    00000000    0000026c   0000026c    r-- .intvecs
  0000026c    0000026c    00002658   00002658    r-x .text
  000028c4    000028c4    00000109   00000109    r-- .const
  000029d0    000029d0    00000040   00000040    r-- .cinit
20000000    20000000    00002306   00000000    rw-
  20000000    20000000    0000026c   00000000    rw- .vtable
  20000270    20000270    00001000   00000000    rw- .stack
  20001270    20001270    00001000   00000000    rw- .sysmem
  20002270    20002270    0000008c   00000000    rw- .bss
  200022fc    200022fc    0000000a   00000000    rw- .data


SECTION ALLOCATION MAP

 output                                  attributes/
section   page    origin      length       input sections
--------  ----  ----------  ----------   ----------------
.intvecs   0    00000000    0000026c     
                  00000000    0000026c     tm4c123gh6pm_startup_ccs.obj (.intvecs)

.text      0    0000026c    00002658     
                  0000026c    00000a4e     rtsv7M4_T_le_v4SPD16_eabi.lib : _printfi.c.obj (.text:__TI_printfi)
                  00000cba    00000002                                   : div0.asm.obj (.text)
                  00000cbc    00000328     lcd.obj (.text)
                  00000fe4    00000270     rtsv7M4_T_le_v4SPD16_eabi.lib : _printfi.c.obj (.text:_pconv_a)
                  00001254    00000248     Timer.obj (.text)
                  0000149c    000001d0     rtsv7M4_T_le_v4SPD16_eabi.lib : _printfi.c.obj (.text:_pconv_g)
                  0000166c    000001b6                                   : fd_add_t2.asm.obj (.text)
                  00001822    00000002     --HOLE-- [fill = 0]
                  00001824    0000015c     libcybotUART.lib : uart.obj (.text)
                  00001980    0000013c     rtsv7M4_T_le_v4SPD16_eabi.lib : _printfi.c.obj (.text:_pconv_e)
                  00001abc    00000136                                   : fd_div_t2.asm.obj (.text)
                  00001bf2    00000002     --HOLE-- [fill = 0]
                  00001bf4    00000124                                   : _printfi.c.obj (.text:fcvt)
                  00001d18    00000110                                   : s_scalbn.c.obj (.text:scalbn)
                  00001e28    000000fc                                   : fd_mul_t2.asm.obj (.text)
                  00001f24    000000b1                                   : _printfi.c.obj (.text:_ltostr)
                  00001fd5    00000003     --HOLE-- [fill = 0]
                  00001fd8    0000009c     button.obj (.text)
                  00002074    0000009c     rtsv7M4_T_le_v4SPD16_eabi.lib : memcpy_t2.asm.obj (.text)
                  00002110    00000096                                   : ull_div_t2.asm.obj (.text)
                  000021a6    00000086                                   : fd_cmp_t2.asm.obj (.text:__aeabi_cdcmple)
                  0000222c    00000086                                   : fd_cmp_t2.asm.obj (.text:__aeabi_cdrcmple)
                  000022b2    0000007a                                   : memset_t2.asm.obj (.text)
                  0000232c    0000006e                                   : _printfi.c.obj (.text:_mcpy)
                  0000239a    00000068                                   : copy_decompress_lzss.c.obj (.text:decompress:lzss:__TI_decompress_lzss)
                  00002402    00000002     --HOLE-- [fill = 0]
                  00002404    00000064                                   : s_frexp.c.obj (.text:frexp)
                  00002468    00000056                                   : _printfi.c.obj (.text:_pconv_f)
                  000024be    00000054                                   : _ltoa.c.obj (.text:__TI_ltoa)
                  00002512    00000052                                   : _printfi.c.obj (.text:_ecpy)
                  00002564    0000004c                                   : atoi.c.obj (.text:atoi)
                  000025b0    00000048                                   : fd_toi_t2.asm.obj (.text)
                  000025f8    00000044                                   : autoinit.c.obj (.text:__TI_auto_init_nobinit_nopinit:__TI_auto_init_nobinit_nopinit)
                  0000263c    00000040                                   : vsnprintf.c.obj (.text:vsnprintf)
                  0000267c    0000003e                                   : _printfi.c.obj (.text:_fcpy)
                  000026ba    00000002     --HOLE-- [fill = 0]
                  000026bc    00000034     driverlib.lib : interrupt.obj (.text:IntRegister)
                  000026f0    00000034     rtsv7M4_T_le_v4SPD16_eabi.lib : boot_cortex_m.c.obj (.text:_c_int00_noargs:_c_int00_noargs)
                  00002724    00000034     lab3_template.obj (.text)
                  00002758    00000030     rtsv7M4_T_le_v4SPD16_eabi.lib : vsnprintf.c.obj (.text:_outs)
                  00002788    0000002e                                   : i_tofd_t2.asm.obj (.text)
                  000027b6    0000001c                                   : copy_zero_init.c.obj (.text:decompress:ZI:__TI_zero_init_nomemset:__TI_zero_init_nomemset)
                  000027d2    0000001c                                   : memccpy.c.obj (.text:memccpy)
                  000027ee    0000001a                                   : s_copysign.c.obj (.text:copysign)
                  00002808    00000018                                   : vsnprintf.c.obj (.text:_outc)
                  00002820    00000018                                   : strcmp.c.obj (.text:strcmp)
                  00002838    00000016                                   : strchr.c.obj (.text:strchr)
                  0000284e    00000014                                   : strcpy.c.obj (.text:strcpy)
                  00002862    00000014                                   : strlen.c.obj (.text:strlen)
                  00002876    00000012                                   : wcslen.c.obj (.text:wcslen)
                  00002888    00000010     lcd.obj (.text:lcd_clear)
                  00002898    0000000e     rtsv7M4_T_le_v4SPD16_eabi.lib : copy_decompress_none.c.obj (.text:decompress:none:__TI_decompress_none)
                  000028a6    0000000c     tm4c123gh6pm_startup_ccs.obj (.text)
                  000028b2    00000002     --HOLE-- [fill = 0]
                  000028b4    00000008     rtsv7M4_T_le_v4SPD16_eabi.lib : errno.c.obj (.text:__aeabi_errno_addr)
                  000028bc    00000004                                   : pre_init.c.obj (.text:_system_pre_init)
                  000028c0    00000004                                   : exit.c.obj (.text:abort:abort)

.const     0    000028c4    00000109     
                  000028c4    00000101     rtsv7M4_T_le_v4SPD16_eabi.lib : ctype.c.obj (.const:.string:_ctypes_)
                  000029c5    00000004     lcd.obj (.const:.string:lineAddress$1)
                  000029c9    00000004     lcd.obj (.const:.string:lineAddresses$2)

.cinit     0    000029d0    00000040     
                  000029d0    0000000c     (__TI_handler_table)
                  000029dc    00000004     --HOLE-- [fill = 0]
                  000029e0    00000008     (.cinit..bss.load) [load image, compression = zero_init]
                  000029e8    00000008     (.cinit..vtable.load) [load image, compression = zero_init]
                  000029f0    00000007     (.cinit..data.load) [load image, compression = lzss]
                  000029f7    00000001     --HOLE-- [fill = 0]
                  000029f8    00000018     (__TI_cinit_table)

.init_array 
*          0    00000000    00000000     UNINITIALIZED

.vtable    0    20000000    0000026c     UNINITIALIZED
                  20000000    0000026c     driverlib.lib : interrupt.obj (.vtable)

.stack     0    20000270    00001000     UNINITIALIZED
                  20000270    00000004     rtsv7M4_T_le_v4SPD16_eabi.lib : boot_cortex_m.c.obj (.stack)
                  20000274    00000ffc     --HOLE--

.sysmem    0    20001270    00001000     UNINITIALIZED
                  20001270    00000010     rtsv7M4_T_le_v4SPD16_eabi.lib : memory.c.obj (.sysmem)
                  20001280    00000ff0     --HOLE--

.bss       0    20002270    0000008c     UNINITIALIZED
                  20002270    00000054     lcd.obj (.bss:lastbuffer$3)
                  200022c4    00000034     (.common:isr_char_buffer)
                  200022f8    00000004     (.common:_timeout_ticks)

.data      0    200022fc    0000000a     UNINITIALIZED
                  200022fc    00000004     libcybotUART.lib : uart.obj (.data)
                  20002300    00000004     rtsv7M4_T_le_v4SPD16_eabi.lib : errno.c.obj (.data)
                  20002304    00000001     Timer.obj (.data)
                  20002305    00000001     button.obj (.data)

__llvm_prf_cnts 
*          0    20000000    00000000     UNINITIALIZED

MODULE SUMMARY

       Module                         code   ro data   rw data
       ------                         ----   -------   -------
    .\
       lcd.obj                        824    8         84     
       tm4c123gh6pm_startup_ccs.obj   12     620       0      
       Timer.obj                      584    0         5      
       button.obj                     156    0         1      
       lab3_template.obj              52     0         0      
    +--+------------------------------+------+---------+---------+
       Total:                         1628   628       90     
                                                              
    ../libcybotUART.lib
       uart.obj                       348    0         56     
    +--+------------------------------+------+---------+---------+
       Total:                         348    0         56     
                                                              
    C:/ti/TivaWare_C_Series-2.1.4.178/driverlib/ccs/Debug/driverlib.lib
       interrupt.obj                  52     0         620    
    +--+------------------------------+------+---------+---------+
       Total:                         52     0         620    
                                                              
    C:\ti\ccs1010\ccs\tools\compiler\ti-cgt-arm_20.2.1.LTS\lib\rtsv7M4_T_le_v4SPD16_eabi.lib
       _printfi.c.obj                 4851   0         0      
       fd_add_t2.asm.obj              438    0         0      
       fd_div_t2.asm.obj              310    0         0      
       s_scalbn.c.obj                 272    0         0      
       fd_cmp_t2.asm.obj              268    0         0      
       ctype.c.obj                    0      257       0      
       fd_mul_t2.asm.obj              252    0         0      
       memcpy_t2.asm.obj              156    0         0      
       ull_div_t2.asm.obj             150    0         0      
       vsnprintf.c.obj                136    0         0      
       memset_t2.asm.obj              122    0         0      
       copy_decompress_lzss.c.obj     104    0         0      
       s_frexp.c.obj                  100    0         0      
       _ltoa.c.obj                    84     0         0      
       atoi.c.obj                     76     0         0      
       fd_toi_t2.asm.obj              72     0         0      
       autoinit.c.obj                 68     0         0      
       boot_cortex_m.c.obj            52     0         0      
       i_tofd_t2.asm.obj              46     0         0      
       copy_zero_init.c.obj           28     0         0      
       memccpy.c.obj                  28     0         0      
       s_copysign.c.obj               26     0         0      
       strcmp.c.obj                   24     0         0      
       strchr.c.obj                   22     0         0      
       strcpy.c.obj                   20     0         0      
       strlen.c.obj                   20     0         0      
       wcslen.c.obj                   18     0         0      
       copy_decompress_none.c.obj     14     0         0      
       errno.c.obj                    8      0         4      
       exit.c.obj                     4      0         0      
       pre_init.c.obj                 4      0         0      
       div0.asm.obj                   2      0         0      
    +--+------------------------------+------+---------+---------+
       Total:                         7775   257       4      
                                                              
       Heap:                          0      0         4096   
       Stack:                         0      0         4096   
       Linker Generated:              0      59        0      
    +--+------------------------------+------+---------+---------+
       Grand Total:                   9803   944       8962   


LINKER GENERATED COPY TABLES

__TI_cinit_table @ 000029f8 records: 3, size/record: 8, table size: 24
	.bss: load addr=000029e0, load size=00000008 bytes, run addr=20002270, run size=0000008c bytes, compression=zero_init
	.vtable: load addr=000029e8, load size=00000008 bytes, run addr=20000000, run size=0000026c bytes, compression=zero_init
	.data: load addr=000029f0, load size=00000007 bytes, run addr=200022fc, run size=0000000a bytes, compression=lzss


LINKER GENERATED HANDLER TABLE

__TI_handler_table @ 000029d0 records: 3, size/record: 4, table size: 12
	index: 0, handler: __TI_zero_init
	index: 1, handler: __TI_decompress_lzss
	index: 2, handler: __TI_decompress_none


GLOBAL SYMBOLS: SORTED ALPHABETICALLY BY Name 

address   name                          
-------   ----                          
000028c1  C$$EXIT                       
000026bd  IntRegister                   
000028a7  ResetISR                      
20001270  __STACK_END                   
00001000  __STACK_SIZE                  
20000470  __STACK_TOP                   
00001000  __SYSMEM_SIZE                 
000029f8  __TI_CINIT_Base               
00002a10  __TI_CINIT_Limit              
000029d0  __TI_Handler_Table_Base       
000029dc  __TI_Handler_Table_Limit      
000025f9  __TI_auto_init_nobinit_nopinit
0000239b  __TI_decompress_lzss          
00002899  __TI_decompress_none          
000024bf  __TI_ltoa                     
ffffffff  __TI_pprof_out_hndl           
0000026d  __TI_printfi                  
ffffffff  __TI_prof_data_size           
ffffffff  __TI_prof_data_start          
00000000  __TI_static_base__            
000027b7  __TI_zero_init_nomemset       
000021a7  __aeabi_cdcmpeq               
000021a7  __aeabi_cdcmple               
0000222d  __aeabi_cdrcmple              
000025b1  __aeabi_d2iz                  
00001677  __aeabi_dadd                  
00001abd  __aeabi_ddiv                  
00001e29  __aeabi_dmul                  
0000166d  __aeabi_dsub                  
000028b5  __aeabi_errno_addr            
00002789  __aeabi_i2d                   
00000cbb  __aeabi_idiv0                 
00000cbb  __aeabi_ldiv0                 
000022b3  __aeabi_memclr                
000022b3  __aeabi_memclr4               
000022b3  __aeabi_memclr8               
00002075  __aeabi_memcpy                
00002075  __aeabi_memcpy4               
00002075  __aeabi_memcpy8               
000022b5  __aeabi_memset                
000022b5  __aeabi_memset4               
000022b5  __aeabi_memset8               
00002111  __aeabi_uldivmod              
ffffffff  __binit__                     
ffffffff  __c_args__                    
UNDEFED   __mpu_init                    
20000270  __stack                       
20000000  __start___llvm_prf_cnts       
20000000  __stop___llvm_prf_cnts        
000026f1  _c_int00_noargs               
000028c4  _ctypes_                      
20002304  _running                      
20001270  _sys_memory                   
UNDEFED   _system_post_cinit            
000028bd  _system_pre_init              
200022f8  _timeout_ticks                
000028c1  abort                         
00002565  atoi                          
ffffffff  binit                         
00002019  button_getButton              
00001fd9  button_init                   
000027ef  copysign                      
000027ef  copysignl                     
0000192d  cyBot_UART1_Handler           
00001913  cyBot_getByte                 
00001825  cyBot_sendByte                
000018f5  cyBot_uart_flush              
00001863  cyBot_uart_init               
0000184b  cyBot_uart_sendBuffer         
00001831  cyBot_uart_sendStr            
20002300  errno                         
00002405  frexp                         
00002405  frexpl                        
20000000  g_pfnRAMVectors               
00000000  g_pfnVectors                  
200022c4  isr_char_buffer               
200022fc  isr_counter                   
00002889  lcd_clear                     
00000e91  lcd_gotoLine                  
00000cf9  lcd_init                      
00000ef7  lcd_printf                    
00000db9  lcd_putc                      
00000df1  lcd_puts                      
00000cbd  lcd_reverseNibble             
00000e0f  lcd_sendCommand               
00000e4d  lcd_sendNibble                
00000eb9  lcd_setCursorPos              
00001d19  ldexp                         
00001d19  ldexpl                        
00002725  main                          
000027d3  memccpy                       
00002075  memcpy                        
000022bb  memset                        
00001d19  scalbn                        
00001d19  scalbnl                       
00002839  strchr                        
00002821  strcmp                        
0000284f  strcpy                        
00002863  strlen                        
00001373  timer_getMicros               
0000131b  timer_getMillis               
00001255  timer_init                    
000012f7  timer_pause                   
00001309  timer_resume                  
000012cd  timer_stop                    
000013cd  timer_waitMicros              
000013ff  timer_waitMillis              
0000263d  vsnprintf                     
00002877  wcslen                        


GLOBAL SYMBOLS: SORTED BY Symbol Address 

address   name                          
-------   ----                          
00000000  __TI_static_base__            
00000000  g_pfnVectors                  
0000026d  __TI_printfi                  
00000cbb  __aeabi_idiv0                 
00000cbb  __aeabi_ldiv0                 
00000cbd  lcd_reverseNibble             
00000cf9  lcd_init                      
00000db9  lcd_putc                      
00000df1  lcd_puts                      
00000e0f  lcd_sendCommand               
00000e4d  lcd_sendNibble                
00000e91  lcd_gotoLine                  
00000eb9  lcd_setCursorPos              
00000ef7  lcd_printf                    
00001000  __STACK_SIZE                  
00001000  __SYSMEM_SIZE                 
00001255  timer_init                    
000012cd  timer_stop                    
000012f7  timer_pause                   
00001309  timer_resume                  
0000131b  timer_getMillis               
00001373  timer_getMicros               
000013cd  timer_waitMicros              
000013ff  timer_waitMillis              
0000166d  __aeabi_dsub                  
00001677  __aeabi_dadd                  
00001825  cyBot_sendByte                
00001831  cyBot_uart_sendStr            
0000184b  cyBot_uart_sendBuffer         
00001863  cyBot_uart_init               
000018f5  cyBot_uart_flush              
00001913  cyBot_getByte                 
0000192d  cyBot_UART1_Handler           
00001abd  __aeabi_ddiv                  
00001d19  ldexp                         
00001d19  ldexpl                        
00001d19  scalbn                        
00001d19  scalbnl                       
00001e29  __aeabi_dmul                  
00001fd9  button_init                   
00002019  button_getButton              
00002075  __aeabi_memcpy                
00002075  __aeabi_memcpy4               
00002075  __aeabi_memcpy8               
00002075  memcpy                        
00002111  __aeabi_uldivmod              
000021a7  __aeabi_cdcmpeq               
000021a7  __aeabi_cdcmple               
0000222d  __aeabi_cdrcmple              
000022b3  __aeabi_memclr                
000022b3  __aeabi_memclr4               
000022b3  __aeabi_memclr8               
000022b5  __aeabi_memset                
000022b5  __aeabi_memset4               
000022b5  __aeabi_memset8               
000022bb  memset                        
0000239b  __TI_decompress_lzss          
00002405  frexp                         
00002405  frexpl                        
000024bf  __TI_ltoa                     
00002565  atoi                          
000025b1  __aeabi_d2iz                  
000025f9  __TI_auto_init_nobinit_nopinit
0000263d  vsnprintf                     
000026bd  IntRegister                   
000026f1  _c_int00_noargs               
00002725  main                          
00002789  __aeabi_i2d                   
000027b7  __TI_zero_init_nomemset       
000027d3  memccpy                       
000027ef  copysign                      
000027ef  copysignl                     
00002821  strcmp                        
00002839  strchr                        
0000284f  strcpy                        
00002863  strlen                        
00002877  wcslen                        
00002889  lcd_clear                     
00002899  __TI_decompress_none          
000028a7  ResetISR                      
000028b5  __aeabi_errno_addr            
000028bd  _system_pre_init              
000028c1  C$$EXIT                       
000028c1  abort                         
000028c4  _ctypes_                      
000029d0  __TI_Handler_Table_Base       
000029dc  __TI_Handler_Table_Limit      
000029f8  __TI_CINIT_Base               
00002a10  __TI_CINIT_Limit              
20000000  __start___llvm_prf_cnts       
20000000  __stop___llvm_prf_cnts        
20000000  g_pfnRAMVectors               
20000270  __stack                       
20000470  __STACK_TOP                   
20001270  __STACK_END                   
20001270  _sys_memory                   
200022c4  isr_char_buffer               
200022f8  _timeout_ticks                
200022fc  isr_counter                   
20002300  errno                         
20002304  _running                      
ffffffff  __TI_pprof_out_hndl           
ffffffff  __TI_prof_data_size           
ffffffff  __TI_prof_data_start          
ffffffff  __binit__                     
ffffffff  __c_args__                    
ffffffff  binit                         
UNDEFED   __mpu_init                    
UNDEFED   _system_post_cinit            

[109 symbols]
