<?xml version="1.0" encoding="ISO-8859-1" ?>
<link_info>
   <banner>TI ARM Linker PC v20.2.1.LTS</banner>
   <copyright>Copyright (c) 1996-2018 Texas Instruments Incorporated</copyright>
   <link_time>0x604971e7</link_time>
   <link_errors>0x0</link_errors>
   <output_file>Lab5.out</output_file>
   <entry_point>
      <name>_c_int00_noargs</name>
      <address>0x2941</address>
   </entry_point>
   <input_file_list>
      <input_file id="fl-2">
         <path>.\</path>
         <kind>object</kind>
         <file>Timer.obj</file>
         <name>Timer.obj</name>
      </input_file>
      <input_file id="fl-3">
         <path>.\</path>
         <kind>object</kind>
         <file>button.obj</file>
         <name>button.obj</name>
      </input_file>
      <input_file id="fl-4">
         <path>.\</path>
         <kind>object</kind>
         <file>lab5_template.obj</file>
         <name>lab5_template.obj</name>
      </input_file>
      <input_file id="fl-5">
         <path>.\</path>
         <kind>object</kind>
         <file>lcd.obj</file>
         <name>lcd.obj</name>
      </input_file>
      <input_file id="fl-6">
         <path>.\</path>
         <kind>object</kind>
         <file>lcd_rotatingBanner.obj</file>
         <name>lcd_rotatingBanner.obj</name>
      </input_file>
      <input_file id="fl-7">
         <path>.\</path>
         <kind>object</kind>
         <file>movement.obj</file>
         <name>movement.obj</name>
      </input_file>
      <input_file id="fl-8">
         <path>.\</path>
         <kind>object</kind>
         <file>open_interface.obj</file>
         <name>open_interface.obj</name>
      </input_file>
      <input_file id="fl-9">
         <path>.\</path>
         <kind>object</kind>
         <file>resetSimulation.obj</file>
         <name>resetSimulation.obj</name>
      </input_file>
      <input_file id="fl-a">
         <path>.\</path>
         <kind>object</kind>
         <file>tm4c123gh6pm_startup_ccs.obj</file>
         <name>tm4c123gh6pm_startup_ccs.obj</name>
      </input_file>
      <input_file id="fl-b">
         <path>.\</path>
         <kind>object</kind>
         <file>uart.obj</file>
         <name>uart.obj</name>
      </input_file>
      <input_file id="fl-12">
         <kind>object</kind>
         <file>&lt;internal&gt;</file>
         <name>&lt;internal&gt;</name>
      </input_file>
      <input_file id="fl-13">
         <path>..\</path>
         <kind>archive</kind>
         <file>libcybotUART.lib</file>
         <name>uart.obj</name>
      </input_file>
      <input_file id="fl-c9">
         <path>C:\ti\ccs1010\ccs\tools\compiler\ti-cgt-arm_20.2.1.LTS\lib\</path>
         <kind>archive</kind>
         <file>rtsv7M4_T_le_v4SPD16_eabi.lib</file>
         <name>printf.c.obj</name>
      </input_file>
      <input_file id="fl-ca">
         <path>C:\ti\ccs1010\ccs\tools\compiler\ti-cgt-arm_20.2.1.LTS\lib\</path>
         <kind>archive</kind>
         <file>rtsv7M4_T_le_v4SPD16_eabi.lib</file>
         <name>_printfi.c.obj</name>
      </input_file>
      <input_file id="fl-cb">
         <path>C:\ti\ccs1010\ccs\tools\compiler\ti-cgt-arm_20.2.1.LTS\lib\</path>
         <kind>archive</kind>
         <file>rtsv7M4_T_le_v4SPD16_eabi.lib</file>
         <name>vsnprintf.c.obj</name>
      </input_file>
      <input_file id="fl-cc">
         <path>C:\ti\ccs1010\ccs\tools\compiler\ti-cgt-arm_20.2.1.LTS\lib\</path>
         <kind>archive</kind>
         <file>rtsv7M4_T_le_v4SPD16_eabi.lib</file>
         <name>fputc.c.obj</name>
      </input_file>
      <input_file id="fl-cd">
         <path>C:\ti\ccs1010\ccs\tools\compiler\ti-cgt-arm_20.2.1.LTS\lib\</path>
         <kind>archive</kind>
         <file>rtsv7M4_T_le_v4SPD16_eabi.lib</file>
         <name>fputs.c.obj</name>
      </input_file>
      <input_file id="fl-ce">
         <path>C:\ti\ccs1010\ccs\tools\compiler\ti-cgt-arm_20.2.1.LTS\lib\</path>
         <kind>archive</kind>
         <file>rtsv7M4_T_le_v4SPD16_eabi.lib</file>
         <name>_io_perm.c.obj</name>
      </input_file>
      <input_file id="fl-cf">
         <path>C:\ti\ccs1010\ccs\tools\compiler\ti-cgt-arm_20.2.1.LTS\lib\</path>
         <kind>archive</kind>
         <file>rtsv7M4_T_le_v4SPD16_eabi.lib</file>
         <name>setvbuf.c.obj</name>
      </input_file>
      <input_file id="fl-d0">
         <path>C:\ti\ccs1010\ccs\tools\compiler\ti-cgt-arm_20.2.1.LTS\lib\</path>
         <kind>archive</kind>
         <file>rtsv7M4_T_le_v4SPD16_eabi.lib</file>
         <name>memset_t2.asm.obj</name>
      </input_file>
      <input_file id="fl-d1">
         <path>C:\ti\ccs1010\ccs\tools\compiler\ti-cgt-arm_20.2.1.LTS\lib\</path>
         <kind>archive</kind>
         <file>rtsv7M4_T_le_v4SPD16_eabi.lib</file>
         <name>fd_add_t2.asm.obj</name>
      </input_file>
      <input_file id="fl-d2">
         <path>C:\ti\ccs1010\ccs\tools\compiler\ti-cgt-arm_20.2.1.LTS\lib\</path>
         <kind>archive</kind>
         <file>rtsv7M4_T_le_v4SPD16_eabi.lib</file>
         <name>fd_cmp_t2.asm.obj</name>
      </input_file>
      <input_file id="fl-d3">
         <path>C:\ti\ccs1010\ccs\tools\compiler\ti-cgt-arm_20.2.1.LTS\lib\</path>
         <kind>archive</kind>
         <file>rtsv7M4_T_le_v4SPD16_eabi.lib</file>
         <name>fd_div_t2.asm.obj</name>
      </input_file>
      <input_file id="fl-d4">
         <path>C:\ti\ccs1010\ccs\tools\compiler\ti-cgt-arm_20.2.1.LTS\lib\</path>
         <kind>archive</kind>
         <file>rtsv7M4_T_le_v4SPD16_eabi.lib</file>
         <name>fd_mul_t2.asm.obj</name>
      </input_file>
      <input_file id="fl-d5">
         <path>C:\ti\ccs1010\ccs\tools\compiler\ti-cgt-arm_20.2.1.LTS\lib\</path>
         <kind>archive</kind>
         <file>rtsv7M4_T_le_v4SPD16_eabi.lib</file>
         <name>fd_toi_t2.asm.obj</name>
      </input_file>
      <input_file id="fl-d6">
         <path>C:\ti\ccs1010\ccs\tools\compiler\ti-cgt-arm_20.2.1.LTS\lib\</path>
         <kind>archive</kind>
         <file>rtsv7M4_T_le_v4SPD16_eabi.lib</file>
         <name>fd_tos_t2.asm.obj</name>
      </input_file>
      <input_file id="fl-d7">
         <path>C:\ti\ccs1010\ccs\tools\compiler\ti-cgt-arm_20.2.1.LTS\lib\</path>
         <kind>archive</kind>
         <file>rtsv7M4_T_le_v4SPD16_eabi.lib</file>
         <name>fs_tod_t2.asm.obj</name>
      </input_file>
      <input_file id="fl-d8">
         <path>C:\ti\ccs1010\ccs\tools\compiler\ti-cgt-arm_20.2.1.LTS\lib\</path>
         <kind>archive</kind>
         <file>rtsv7M4_T_le_v4SPD16_eabi.lib</file>
         <name>i_tofd_t2.asm.obj</name>
      </input_file>
      <input_file id="fl-d9">
         <path>C:\ti\ccs1010\ccs\tools\compiler\ti-cgt-arm_20.2.1.LTS\lib\</path>
         <kind>archive</kind>
         <file>rtsv7M4_T_le_v4SPD16_eabi.lib</file>
         <name>memcpy_t2.asm.obj</name>
      </input_file>
      <input_file id="fl-da">
         <path>C:\ti\ccs1010\ccs\tools\compiler\ti-cgt-arm_20.2.1.LTS\lib\</path>
         <kind>archive</kind>
         <file>rtsv7M4_T_le_v4SPD16_eabi.lib</file>
         <name>ull_div_t2.asm.obj</name>
      </input_file>
      <input_file id="fl-db">
         <path>C:\ti\ccs1010\ccs\tools\compiler\ti-cgt-arm_20.2.1.LTS\lib\</path>
         <kind>archive</kind>
         <file>rtsv7M4_T_le_v4SPD16_eabi.lib</file>
         <name>copy_zero_init.c.obj</name>
      </input_file>
      <input_file id="fl-dc">
         <path>C:\ti\ccs1010\ccs\tools\compiler\ti-cgt-arm_20.2.1.LTS\lib\</path>
         <kind>archive</kind>
         <file>rtsv7M4_T_le_v4SPD16_eabi.lib</file>
         <name>copy_decompress_none.c.obj</name>
      </input_file>
      <input_file id="fl-dd">
         <path>C:\ti\ccs1010\ccs\tools\compiler\ti-cgt-arm_20.2.1.LTS\lib\</path>
         <kind>archive</kind>
         <file>rtsv7M4_T_le_v4SPD16_eabi.lib</file>
         <name>copy_decompress_lzss.c.obj</name>
      </input_file>
      <input_file id="fl-de">
         <path>C:\ti\ccs1010\ccs\tools\compiler\ti-cgt-arm_20.2.1.LTS\lib\</path>
         <kind>archive</kind>
         <file>rtsv7M4_T_le_v4SPD16_eabi.lib</file>
         <name>exit.c.obj</name>
      </input_file>
      <input_file id="fl-df">
         <path>C:\ti\ccs1010\ccs\tools\compiler\ti-cgt-arm_20.2.1.LTS\lib\</path>
         <kind>archive</kind>
         <file>rtsv7M4_T_le_v4SPD16_eabi.lib</file>
         <name>_lock.c.obj</name>
      </input_file>
      <input_file id="fl-e0">
         <path>C:\ti\ccs1010\ccs\tools\compiler\ti-cgt-arm_20.2.1.LTS\lib\</path>
         <kind>archive</kind>
         <file>rtsv7M4_T_le_v4SPD16_eabi.lib</file>
         <name>_ltoa.c.obj</name>
      </input_file>
      <input_file id="fl-e1">
         <path>C:\ti\ccs1010\ccs\tools\compiler\ti-cgt-arm_20.2.1.LTS\lib\</path>
         <kind>archive</kind>
         <file>rtsv7M4_T_le_v4SPD16_eabi.lib</file>
         <name>atoi.c.obj</name>
      </input_file>
      <input_file id="fl-e2">
         <path>C:\ti\ccs1010\ccs\tools\compiler\ti-cgt-arm_20.2.1.LTS\lib\</path>
         <kind>archive</kind>
         <file>rtsv7M4_T_le_v4SPD16_eabi.lib</file>
         <name>ctype.c.obj</name>
      </input_file>
      <input_file id="fl-e3">
         <path>C:\ti\ccs1010\ccs\tools\compiler\ti-cgt-arm_20.2.1.LTS\lib\</path>
         <kind>archive</kind>
         <file>rtsv7M4_T_le_v4SPD16_eabi.lib</file>
         <name>defs.c.obj</name>
      </input_file>
      <input_file id="fl-e4">
         <path>C:\ti\ccs1010\ccs\tools\compiler\ti-cgt-arm_20.2.1.LTS\lib\</path>
         <kind>archive</kind>
         <file>rtsv7M4_T_le_v4SPD16_eabi.lib</file>
         <name>memccpy.c.obj</name>
      </input_file>
      <input_file id="fl-e5">
         <path>C:\ti\ccs1010\ccs\tools\compiler\ti-cgt-arm_20.2.1.LTS\lib\</path>
         <kind>archive</kind>
         <file>rtsv7M4_T_le_v4SPD16_eabi.lib</file>
         <name>memchr.c.obj</name>
      </input_file>
      <input_file id="fl-e6">
         <path>C:\ti\ccs1010\ccs\tools\compiler\ti-cgt-arm_20.2.1.LTS\lib\</path>
         <kind>archive</kind>
         <file>rtsv7M4_T_le_v4SPD16_eabi.lib</file>
         <name>memory.c.obj</name>
      </input_file>
      <input_file id="fl-e7">
         <path>C:\ti\ccs1010\ccs\tools\compiler\ti-cgt-arm_20.2.1.LTS\lib\</path>
         <kind>archive</kind>
         <file>rtsv7M4_T_le_v4SPD16_eabi.lib</file>
         <name>strchr.c.obj</name>
      </input_file>
      <input_file id="fl-e8">
         <path>C:\ti\ccs1010\ccs\tools\compiler\ti-cgt-arm_20.2.1.LTS\lib\</path>
         <kind>archive</kind>
         <file>rtsv7M4_T_le_v4SPD16_eabi.lib</file>
         <name>strcmp.c.obj</name>
      </input_file>
      <input_file id="fl-e9">
         <path>C:\ti\ccs1010\ccs\tools\compiler\ti-cgt-arm_20.2.1.LTS\lib\</path>
         <kind>archive</kind>
         <file>rtsv7M4_T_le_v4SPD16_eabi.lib</file>
         <name>strcpy.c.obj</name>
      </input_file>
      <input_file id="fl-ea">
         <path>C:\ti\ccs1010\ccs\tools\compiler\ti-cgt-arm_20.2.1.LTS\lib\</path>
         <kind>archive</kind>
         <file>rtsv7M4_T_le_v4SPD16_eabi.lib</file>
         <name>strlen.c.obj</name>
      </input_file>
      <input_file id="fl-eb">
         <path>C:\ti\ccs1010\ccs\tools\compiler\ti-cgt-arm_20.2.1.LTS\lib\</path>
         <kind>archive</kind>
         <file>rtsv7M4_T_le_v4SPD16_eabi.lib</file>
         <name>strncat.c.obj</name>
      </input_file>
      <input_file id="fl-ec">
         <path>C:\ti\ccs1010\ccs\tools\compiler\ti-cgt-arm_20.2.1.LTS\lib\</path>
         <kind>archive</kind>
         <file>rtsv7M4_T_le_v4SPD16_eabi.lib</file>
         <name>write.c.obj</name>
      </input_file>
      <input_file id="fl-ed">
         <path>C:\ti\ccs1010\ccs\tools\compiler\ti-cgt-arm_20.2.1.LTS\lib\</path>
         <kind>archive</kind>
         <file>rtsv7M4_T_le_v4SPD16_eabi.lib</file>
         <name>host_device.c.obj</name>
      </input_file>
      <input_file id="fl-ee">
         <path>C:\ti\ccs1010\ccs\tools\compiler\ti-cgt-arm_20.2.1.LTS\lib\</path>
         <kind>archive</kind>
         <file>rtsv7M4_T_le_v4SPD16_eabi.lib</file>
         <name>errno.c.obj</name>
      </input_file>
      <input_file id="fl-ef">
         <path>C:\ti\ccs1010\ccs\tools\compiler\ti-cgt-arm_20.2.1.LTS\lib\</path>
         <kind>archive</kind>
         <file>rtsv7M4_T_le_v4SPD16_eabi.lib</file>
         <name>boot_cortex_m.c.obj</name>
      </input_file>
      <input_file id="fl-f0">
         <path>C:\ti\ccs1010\ccs\tools\compiler\ti-cgt-arm_20.2.1.LTS\lib\</path>
         <kind>archive</kind>
         <file>rtsv7M4_T_le_v4SPD16_eabi.lib</file>
         <name>s_frexp.c.obj</name>
      </input_file>
      <input_file id="fl-f1">
         <path>C:\ti\ccs1010\ccs\tools\compiler\ti-cgt-arm_20.2.1.LTS\lib\</path>
         <kind>archive</kind>
         <file>rtsv7M4_T_le_v4SPD16_eabi.lib</file>
         <name>s_scalbn.c.obj</name>
      </input_file>
      <input_file id="fl-f2">
         <path>C:\ti\ccs1010\ccs\tools\compiler\ti-cgt-arm_20.2.1.LTS\lib\</path>
         <kind>archive</kind>
         <file>rtsv7M4_T_le_v4SPD16_eabi.lib</file>
         <name>wcslen.c.obj</name>
      </input_file>
      <input_file id="fl-f3">
         <path>C:\ti\ccs1010\ccs\tools\compiler\ti-cgt-arm_20.2.1.LTS\lib\</path>
         <kind>archive</kind>
         <file>rtsv7M4_T_le_v4SPD16_eabi.lib</file>
         <name>fflush.c.obj</name>
      </input_file>
      <input_file id="fl-f4">
         <path>C:\ti\ccs1010\ccs\tools\compiler\ti-cgt-arm_20.2.1.LTS\lib\</path>
         <kind>archive</kind>
         <file>rtsv7M4_T_le_v4SPD16_eabi.lib</file>
         <name>fopen.c.obj</name>
      </input_file>
      <input_file id="fl-f5">
         <path>C:\ti\ccs1010\ccs\tools\compiler\ti-cgt-arm_20.2.1.LTS\lib\</path>
         <kind>archive</kind>
         <file>rtsv7M4_T_le_v4SPD16_eabi.lib</file>
         <name>fseek.c.obj</name>
      </input_file>
      <input_file id="fl-f6">
         <path>C:\ti\ccs1010\ccs\tools\compiler\ti-cgt-arm_20.2.1.LTS\lib\</path>
         <kind>archive</kind>
         <file>rtsv7M4_T_le_v4SPD16_eabi.lib</file>
         <name>div0.asm.obj</name>
      </input_file>
      <input_file id="fl-f7">
         <path>C:\ti\ccs1010\ccs\tools\compiler\ti-cgt-arm_20.2.1.LTS\lib\</path>
         <kind>archive</kind>
         <file>rtsv7M4_T_le_v4SPD16_eabi.lib</file>
         <name>autoinit.c.obj</name>
      </input_file>
      <input_file id="fl-f8">
         <path>C:\ti\ccs1010\ccs\tools\compiler\ti-cgt-arm_20.2.1.LTS\lib\</path>
         <kind>archive</kind>
         <file>rtsv7M4_T_le_v4SPD16_eabi.lib</file>
         <name>pre_init.c.obj</name>
      </input_file>
      <input_file id="fl-f9">
         <path>C:\ti\ccs1010\ccs\tools\compiler\ti-cgt-arm_20.2.1.LTS\lib\</path>
         <kind>archive</kind>
         <file>rtsv7M4_T_le_v4SPD16_eabi.lib</file>
         <name>cpy_tbl.c.obj</name>
      </input_file>
      <input_file id="fl-fa">
         <path>C:\ti\ccs1010\ccs\tools\compiler\ti-cgt-arm_20.2.1.LTS\lib\</path>
         <kind>archive</kind>
         <file>rtsv7M4_T_le_v4SPD16_eabi.lib</file>
         <name>args_main.c.obj</name>
      </input_file>
      <input_file id="fl-fb">
         <path>C:\ti\ccs1010\ccs\tools\compiler\ti-cgt-arm_20.2.1.LTS\lib\</path>
         <kind>archive</kind>
         <file>rtsv7M4_T_le_v4SPD16_eabi.lib</file>
         <name>hostclose.c.obj</name>
      </input_file>
      <input_file id="fl-fc">
         <path>C:\ti\ccs1010\ccs\tools\compiler\ti-cgt-arm_20.2.1.LTS\lib\</path>
         <kind>archive</kind>
         <file>rtsv7M4_T_le_v4SPD16_eabi.lib</file>
         <name>hostlseek.c.obj</name>
      </input_file>
      <input_file id="fl-fd">
         <path>C:\ti\ccs1010\ccs\tools\compiler\ti-cgt-arm_20.2.1.LTS\lib\</path>
         <kind>archive</kind>
         <file>rtsv7M4_T_le_v4SPD16_eabi.lib</file>
         <name>hostopen.c.obj</name>
      </input_file>
      <input_file id="fl-fe">
         <path>C:\ti\ccs1010\ccs\tools\compiler\ti-cgt-arm_20.2.1.LTS\lib\</path>
         <kind>archive</kind>
         <file>rtsv7M4_T_le_v4SPD16_eabi.lib</file>
         <name>hostread.c.obj</name>
      </input_file>
      <input_file id="fl-ff">
         <path>C:\ti\ccs1010\ccs\tools\compiler\ti-cgt-arm_20.2.1.LTS\lib\</path>
         <kind>archive</kind>
         <file>rtsv7M4_T_le_v4SPD16_eabi.lib</file>
         <name>hostrename.c.obj</name>
      </input_file>
      <input_file id="fl-100">
         <path>C:\ti\ccs1010\ccs\tools\compiler\ti-cgt-arm_20.2.1.LTS\lib\</path>
         <kind>archive</kind>
         <file>rtsv7M4_T_le_v4SPD16_eabi.lib</file>
         <name>hostunlink.c.obj</name>
      </input_file>
      <input_file id="fl-101">
         <path>C:\ti\ccs1010\ccs\tools\compiler\ti-cgt-arm_20.2.1.LTS\lib\</path>
         <kind>archive</kind>
         <file>rtsv7M4_T_le_v4SPD16_eabi.lib</file>
         <name>hostwrite.c.obj</name>
      </input_file>
      <input_file id="fl-102">
         <path>C:\ti\ccs1010\ccs\tools\compiler\ti-cgt-arm_20.2.1.LTS\lib\</path>
         <kind>archive</kind>
         <file>rtsv7M4_T_le_v4SPD16_eabi.lib</file>
         <name>trgmsg.c.obj</name>
      </input_file>
      <input_file id="fl-103">
         <path>C:\ti\ccs1010\ccs\tools\compiler\ti-cgt-arm_20.2.1.LTS\lib\</path>
         <kind>archive</kind>
         <file>rtsv7M4_T_le_v4SPD16_eabi.lib</file>
         <name>open.c.obj</name>
      </input_file>
      <input_file id="fl-104">
         <path>C:\ti\ccs1010\ccs\tools\compiler\ti-cgt-arm_20.2.1.LTS\lib\</path>
         <kind>archive</kind>
         <file>rtsv7M4_T_le_v4SPD16_eabi.lib</file>
         <name>lseek.c.obj</name>
      </input_file>
      <input_file id="fl-105">
         <path>C:\ti\ccs1010\ccs\tools\compiler\ti-cgt-arm_20.2.1.LTS\lib\</path>
         <kind>archive</kind>
         <file>rtsv7M4_T_le_v4SPD16_eabi.lib</file>
         <name>s_copysign.c.obj</name>
      </input_file>
      <input_file id="fl-106">
         <path>C:\ti\ccs1010\ccs\tools\compiler\ti-cgt-arm_20.2.1.LTS\lib\</path>
         <kind>archive</kind>
         <file>rtsv7M4_T_le_v4SPD16_eabi.lib</file>
         <name>fclose.c.obj</name>
      </input_file>
      <input_file id="fl-107">
         <path>C:\ti\ccs1010\ccs\tools\compiler\ti-cgt-arm_20.2.1.LTS\lib\</path>
         <kind>archive</kind>
         <file>rtsv7M4_T_le_v4SPD16_eabi.lib</file>
         <name>getdevice.c.obj</name>
      </input_file>
      <input_file id="fl-108">
         <path>C:\ti\ccs1010\ccs\tools\compiler\ti-cgt-arm_20.2.1.LTS\lib\</path>
         <kind>archive</kind>
         <file>rtsv7M4_T_le_v4SPD16_eabi.lib</file>
         <name>strncpy.c.obj</name>
      </input_file>
      <input_file id="fl-109">
         <path>C:\ti\ccs1010\ccs\tools\compiler\ti-cgt-arm_20.2.1.LTS\lib\</path>
         <kind>archive</kind>
         <file>rtsv7M4_T_le_v4SPD16_eabi.lib</file>
         <name>remove.c.obj</name>
      </input_file>
      <input_file id="fl-10a">
         <path>C:\ti\ccs1010\ccs\tools\compiler\ti-cgt-arm_20.2.1.LTS\lib\</path>
         <kind>archive</kind>
         <file>rtsv7M4_T_le_v4SPD16_eabi.lib</file>
         <name>close.c.obj</name>
      </input_file>
      <input_file id="fl-10b">
         <path>C:\ti\ccs1010\ccs\tools\compiler\ti-cgt-arm_20.2.1.LTS\lib\</path>
         <kind>archive</kind>
         <file>rtsv7M4_T_le_v4SPD16_eabi.lib</file>
         <name>unlink.c.obj</name>
      </input_file>
      <input_file id="fl-10c">
         <path>C:\ti\TivaWare_C_Series-2.1.4.178\driverlib\ccs\Debug\</path>
         <kind>archive</kind>
         <file>driverlib.lib</file>
         <name>interrupt.obj</name>
      </input_file>
      <input_file id="fl-10d">
         <path>C:\ti\TivaWare_C_Series-2.1.4.178\driverlib\ccs\Debug\</path>
         <kind>archive</kind>
         <file>driverlib.lib</file>
         <name>cpu.obj</name>
      </input_file>
   </input_file_list>
   <object_component_list>
      <object_component id="oc-12">
         <name>.intvecs</name>
         <load_address>0x0</load_address>
         <run_address>0x0</run_address>
         <size>0x26c</size>
         <input_file_ref idref="fl-a"/>
      </object_component>
      <object_component id="oc-193">
         <name>.text:__TI_printfi</name>
         <load_address>0x26c</load_address>
         <run_address>0x26c</run_address>
         <size>0xa4e</size>
         <input_file_ref idref="fl-ca"/>
      </object_component>
      <object_component id="oc-2e3">
         <name>.text</name>
         <load_address>0xcba</load_address>
         <run_address>0xcba</run_address>
         <size>0x2</size>
         <input_file_ref idref="fl-f6"/>
      </object_component>
      <object_component id="oc-dd">
         <name>.text</name>
         <load_address>0xcbc</load_address>
         <run_address>0xcbc</run_address>
         <size>0x328</size>
         <input_file_ref idref="fl-5"/>
      </object_component>
      <object_component id="oc-e3">
         <name>.text</name>
         <load_address>0xfe4</load_address>
         <run_address>0xfe4</run_address>
         <size>0x2a8</size>
         <input_file_ref idref="fl-13"/>
      </object_component>
      <object_component id="oc-21f">
         <name>.text:_pconv_a</name>
         <load_address>0x128c</load_address>
         <run_address>0x128c</run_address>
         <size>0x270</size>
         <input_file_ref idref="fl-ca"/>
      </object_component>
      <object_component id="oc-d7">
         <name>.text</name>
         <load_address>0x14fc</load_address>
         <run_address>0x14fc</run_address>
         <size>0x248</size>
         <input_file_ref idref="fl-2"/>
      </object_component>
      <object_component id="oc-20d">
         <name>.text:_pconv_g</name>
         <load_address>0x1744</load_address>
         <run_address>0x1744</run_address>
         <size>0x1d0</size>
         <input_file_ref idref="fl-ca"/>
      </object_component>
      <object_component id="oc-28d">
         <name>.text</name>
         <load_address>0x1914</load_address>
         <run_address>0x1914</run_address>
         <size>0x1b6</size>
         <input_file_ref idref="fl-d1"/>
      </object_component>
      <object_component id="oc-219">
         <name>.text:_pconv_e</name>
         <load_address>0x1acc</load_address>
         <run_address>0x1acc</run_address>
         <size>0x13c</size>
         <input_file_ref idref="fl-ca"/>
      </object_component>
      <object_component id="oc-273">
         <name>.text</name>
         <load_address>0x1c08</load_address>
         <run_address>0x1c08</run_address>
         <size>0x136</size>
         <input_file_ref idref="fl-d3"/>
      </object_component>
      <object_component id="oc-e9">
         <name>.text</name>
         <load_address>0x1d40</load_address>
         <run_address>0x1d40</run_address>
         <size>0x128</size>
         <input_file_ref idref="fl-b"/>
      </object_component>
      <object_component id="oc-29f">
         <name>.text:fcvt</name>
         <load_address>0x1e68</load_address>
         <run_address>0x1e68</run_address>
         <size>0x124</size>
         <input_file_ref idref="fl-ca"/>
      </object_component>
      <object_component id="oc-2b3">
         <name>.text:scalbn</name>
         <load_address>0x1f8c</load_address>
         <run_address>0x1f8c</run_address>
         <size>0x110</size>
         <input_file_ref idref="fl-f1"/>
      </object_component>
      <object_component id="oc-26e">
         <name>.text</name>
         <load_address>0x209c</load_address>
         <run_address>0x209c</run_address>
         <size>0xfc</size>
         <input_file_ref idref="fl-d4"/>
      </object_component>
      <object_component id="oc-202">
         <name>.text:_ltostr</name>
         <load_address>0x2198</load_address>
         <run_address>0x2198</run_address>
         <size>0xb1</size>
         <input_file_ref idref="fl-ca"/>
      </object_component>
      <object_component id="oc-3e">
         <name>.text</name>
         <load_address>0x224a</load_address>
         <run_address>0x224a</run_address>
         <size>0x9c</size>
         <input_file_ref idref="fl-d9"/>
      </object_component>
      <object_component id="oc-267">
         <name>.text</name>
         <load_address>0x22e6</load_address>
         <run_address>0x22e6</run_address>
         <size>0x96</size>
         <input_file_ref idref="fl-da"/>
      </object_component>
      <object_component id="oc-208">
         <name>.text:__aeabi_cdcmple</name>
         <load_address>0x237c</load_address>
         <run_address>0x237c</run_address>
         <size>0x86</size>
         <input_file_ref idref="fl-d2"/>
      </object_component>
      <object_component id="oc-278">
         <name>.text:__aeabi_cdrcmple</name>
         <load_address>0x2402</load_address>
         <run_address>0x2402</run_address>
         <size>0x86</size>
         <input_file_ref idref="fl-d2"/>
      </object_component>
      <object_component id="oc-a2">
         <name>.text</name>
         <load_address>0x2488</load_address>
         <run_address>0x2488</run_address>
         <size>0x7c</size>
         <input_file_ref idref="fl-4"/>
      </object_component>
      <object_component id="oc-96">
         <name>.text</name>
         <load_address>0x2504</load_address>
         <run_address>0x2504</run_address>
         <size>0x7a</size>
         <input_file_ref idref="fl-d0"/>
      </object_component>
      <object_component id="oc-298">
         <name>.text:_mcpy</name>
         <load_address>0x257e</load_address>
         <run_address>0x257e</run_address>
         <size>0x6e</size>
         <input_file_ref idref="fl-ca"/>
      </object_component>
      <object_component id="oc-15">
         <name>.text:decompress:lzss:__TI_decompress_lzss</name>
         <load_address>0x25ec</load_address>
         <run_address>0x25ec</run_address>
         <size>0x68</size>
         <input_file_ref idref="fl-dd"/>
      </object_component>
      <object_component id="oc-2ad">
         <name>.text:frexp</name>
         <load_address>0x2654</load_address>
         <run_address>0x2654</run_address>
         <size>0x64</size>
         <input_file_ref idref="fl-f0"/>
      </object_component>
      <object_component id="oc-213">
         <name>.text:_pconv_f</name>
         <load_address>0x26b8</load_address>
         <run_address>0x26b8</run_address>
         <size>0x56</size>
         <input_file_ref idref="fl-ca"/>
      </object_component>
      <object_component id="oc-282">
         <name>.text:__TI_ltoa</name>
         <load_address>0x270e</load_address>
         <run_address>0x270e</run_address>
         <size>0x54</size>
         <input_file_ref idref="fl-e0"/>
      </object_component>
      <object_component id="oc-292">
         <name>.text:_ecpy</name>
         <load_address>0x2762</load_address>
         <run_address>0x2762</run_address>
         <size>0x52</size>
         <input_file_ref idref="fl-ca"/>
      </object_component>
      <object_component id="oc-1fc">
         <name>.text:atoi</name>
         <load_address>0x27b4</load_address>
         <run_address>0x27b4</run_address>
         <size>0x4c</size>
         <input_file_ref idref="fl-e1"/>
      </object_component>
      <object_component id="oc-27d">
         <name>.text</name>
         <load_address>0x2800</load_address>
         <run_address>0x2800</run_address>
         <size>0x48</size>
         <input_file_ref idref="fl-d5"/>
      </object_component>
      <object_component id="oc-fc">
         <name>.text:__TI_auto_init_nobinit_nopinit:__TI_auto_init_nobinit_nopinit</name>
         <load_address>0x2848</load_address>
         <run_address>0x2848</run_address>
         <size>0x44</size>
         <input_file_ref idref="fl-f7"/>
      </object_component>
      <object_component id="oc-142">
         <name>.text:vsnprintf</name>
         <load_address>0x288c</load_address>
         <run_address>0x288c</run_address>
         <size>0x40</size>
         <input_file_ref idref="fl-cb"/>
      </object_component>
      <object_component id="oc-2a5">
         <name>.text:_fcpy</name>
         <load_address>0x28cc</load_address>
         <run_address>0x28cc</run_address>
         <size>0x3e</size>
         <input_file_ref idref="fl-ca"/>
      </object_component>
      <object_component id="oc-130">
         <name>.text:IntRegister</name>
         <load_address>0x290c</load_address>
         <run_address>0x290c</run_address>
         <size>0x34</size>
         <input_file_ref idref="fl-10c"/>
      </object_component>
      <object_component id="oc-5c">
         <name>.text:_c_int00_noargs:_c_int00_noargs</name>
         <load_address>0x2940</load_address>
         <run_address>0x2940</run_address>
         <size>0x34</size>
         <input_file_ref idref="fl-ef"/>
      </object_component>
      <object_component id="oc-199">
         <name>.text:_outs</name>
         <load_address>0x2974</load_address>
         <run_address>0x2974</run_address>
         <size>0x30</size>
         <input_file_ref idref="fl-cb"/>
      </object_component>
      <object_component id="oc-288">
         <name>.text</name>
         <load_address>0x29a4</load_address>
         <run_address>0x29a4</run_address>
         <size>0x2e</size>
         <input_file_ref idref="fl-d8"/>
      </object_component>
      <object_component id="oc-4a">
         <name>.text:decompress:ZI:__TI_zero_init_nomemset:__TI_zero_init_nomemset</name>
         <load_address>0x29d2</load_address>
         <run_address>0x29d2</run_address>
         <size>0x1c</size>
         <input_file_ref idref="fl-db"/>
      </object_component>
      <object_component id="oc-225">
         <name>.text:memccpy</name>
         <load_address>0x29ee</load_address>
         <run_address>0x29ee</run_address>
         <size>0x1c</size>
         <input_file_ref idref="fl-e4"/>
      </object_component>
      <object_component id="oc-2fc">
         <name>.text:copysign</name>
         <load_address>0x2a0a</load_address>
         <run_address>0x2a0a</run_address>
         <size>0x1a</size>
         <input_file_ref idref="fl-105"/>
      </object_component>
      <object_component id="oc-19f">
         <name>.text:_outc</name>
         <load_address>0x2a24</load_address>
         <run_address>0x2a24</run_address>
         <size>0x18</size>
         <input_file_ref idref="fl-cb"/>
      </object_component>
      <object_component id="oc-148">
         <name>.text:strcmp</name>
         <load_address>0x2a3c</load_address>
         <run_address>0x2a3c</run_address>
         <size>0x18</size>
         <input_file_ref idref="fl-e8"/>
      </object_component>
      <object_component id="oc-2b9">
         <name>.text:strchr</name>
         <load_address>0x2a54</load_address>
         <run_address>0x2a54</run_address>
         <size>0x16</size>
         <input_file_ref idref="fl-e7"/>
      </object_component>
      <object_component id="oc-14e">
         <name>.text:strcpy</name>
         <load_address>0x2a6a</load_address>
         <run_address>0x2a6a</run_address>
         <size>0x14</size>
         <input_file_ref idref="fl-e9"/>
      </object_component>
      <object_component id="oc-1f6">
         <name>.text:strlen</name>
         <load_address>0x2a7e</load_address>
         <run_address>0x2a7e</run_address>
         <size>0x14</size>
         <input_file_ref idref="fl-ea"/>
      </object_component>
      <object_component id="oc-22b">
         <name>.text:wcslen</name>
         <load_address>0x2a92</load_address>
         <run_address>0x2a92</run_address>
         <size>0x12</size>
         <input_file_ref idref="fl-f2"/>
      </object_component>
      <object_component id="oc-13b">
         <name>.text:lcd_clear</name>
         <load_address>0x2aa4</load_address>
         <run_address>0x2aa4</run_address>
         <size>0x10</size>
         <input_file_ref idref="fl-5"/>
      </object_component>
      <object_component id="oc-1b">
         <name>.text:decompress:none:__TI_decompress_none</name>
         <load_address>0x2ab4</load_address>
         <run_address>0x2ab4</run_address>
         <size>0xe</size>
         <input_file_ref idref="fl-dc"/>
      </object_component>
      <object_component id="oc-2a">
         <name>.text</name>
         <load_address>0x2ac2</load_address>
         <run_address>0x2ac2</run_address>
         <size>0xc</size>
         <input_file_ref idref="fl-a"/>
      </object_component>
      <object_component id="oc-231">
         <name>.text:__aeabi_errno_addr</name>
         <load_address>0x2ad0</load_address>
         <run_address>0x2ad0</run_address>
         <size>0x8</size>
         <input_file_ref idref="fl-ee"/>
      </object_component>
      <object_component id="oc-9c">
         <name>.text:_system_pre_init</name>
         <load_address>0x2ad8</load_address>
         <run_address>0x2ad8</run_address>
         <size>0x4</size>
         <input_file_ref idref="fl-f8"/>
      </object_component>
      <object_component id="oc-f0">
         <name>.text:abort:abort</name>
         <load_address>0x2adc</load_address>
         <run_address>0x2adc</run_address>
         <size>0x4</size>
         <input_file_ref idref="fl-de"/>
      </object_component>
      <object_component id="oc-262">
         <name>.const:.string:_ctypes_</name>
         <load_address>0x2ae0</load_address>
         <run_address>0x2ae0</run_address>
         <size>0x101</size>
         <input_file_ref idref="fl-e2"/>
      </object_component>
      <object_component id="oc-154">
         <name>.const:.string:lineAddress$1</name>
         <load_address>0x2be1</load_address>
         <run_address>0x2be1</run_address>
         <size>0x4</size>
         <input_file_ref idref="fl-5"/>
      </object_component>
      <object_component id="oc-155">
         <name>.const:.string:lineAddresses$2</name>
         <load_address>0x2be5</load_address>
         <run_address>0x2be5</run_address>
         <size>0x4</size>
         <input_file_ref idref="fl-5"/>
      </object_component>
      <object_component id="oc-352">
         <name>__TI_handler_table</name>
         <load_address>0x2bf0</load_address>
         <run_address>0x2bf0</run_address>
         <size>0xc</size>
      </object_component>
      <object_component id="oc-356">
         <name>.cinit..bss.load</name>
         <load_address>0x2c00</load_address>
         <run_address>0x2c00</run_address>
         <size>0x8</size>
      </object_component>
      <object_component id="oc-354">
         <name>.cinit..vtable.load</name>
         <load_address>0x2c08</load_address>
         <run_address>0x2c08</run_address>
         <size>0x8</size>
      </object_component>
      <object_component id="oc-355">
         <name>.cinit..data.load</name>
         <load_address>0x2c10</load_address>
         <run_address>0x2c10</run_address>
         <size>0x7</size>
      </object_component>
      <object_component id="oc-353">
         <name>__TI_cinit_table</name>
         <load_address>0x2c18</load_address>
         <run_address>0x2c18</run_address>
         <size>0x18</size>
      </object_component>
      <object_component id="oc-187">
         <name>.vtable</name>
         <uninitialized>true</uninitialized>
         <run_address>0x20000000</run_address>
         <size>0x26c</size>
         <input_file_ref idref="fl-10c"/>
      </object_component>
      <object_component id="oc-136">
         <name>.data</name>
         <load_address>0x20002304</load_address>
         <run_address>0x20002304</run_address>
         <size>0x1</size>
         <input_file_ref idref="fl-2"/>
      </object_component>
      <object_component id="oc-161">
         <name>.data</name>
         <load_address>0x200022fc</load_address>
         <run_address>0x200022fc</run_address>
         <size>0x4</size>
         <input_file_ref idref="fl-13"/>
      </object_component>
      <object_component id="oc-2c9">
         <name>.data</name>
         <load_address>0x20002300</load_address>
         <run_address>0x20002300</run_address>
         <size>0x4</size>
         <input_file_ref idref="fl-ee"/>
      </object_component>
      <object_component id="oc-156">
         <name>.bss:lastbuffer$3</name>
         <uninitialized>true</uninitialized>
         <run_address>0x20002270</run_address>
         <size>0x54</size>
         <input_file_ref idref="fl-5"/>
      </object_component>
      <object_component id="oc-139">
         <name>.common:_timeout_ticks</name>
         <uninitialized>true</uninitialized>
         <run_address>0x200022f8</run_address>
         <size>0x4</size>
      </object_component>
      <object_component id="oc-15e">
         <name>.common:isr_char_buffer</name>
         <uninitialized>true</uninitialized>
         <run_address>0x200022c4</run_address>
         <size>0x34</size>
      </object_component>
      <object_component id="oc-24">
         <name>.sysmem</name>
         <uninitialized>true</uninitialized>
         <run_address>0x20001270</run_address>
         <size>0x10</size>
         <input_file_ref idref="fl-e6"/>
      </object_component>
      <object_component id="oc-359">
         <name>.sysmem</name>
         <uninitialized>true</uninitialized>
         <run_address>0x20001270</run_address>
         <size>0x0</size>
      </object_component>
      <object_component id="oc-27">
         <name>.stack</name>
         <uninitialized>true</uninitialized>
         <run_address>0x20000270</run_address>
         <size>0x4</size>
         <input_file_ref idref="fl-ef"/>
      </object_component>
      <object_component id="oc-358">
         <name>.stack</name>
         <uninitialized>true</uninitialized>
         <run_address>0x20000270</run_address>
         <size>0x0</size>
      </object_component>
      <object_component id="oc-c5">
         <name>.debug_info</name>
         <load_address>0x0</load_address>
         <run_address>0x0</run_address>
         <size>0x2c4</size>
         <input_file_ref idref="fl-2"/>
      </object_component>
      <object_component id="oc-137">
         <name>.debug_info</name>
         <load_address>0x2c4</load_address>
         <run_address>0x2c4</run_address>
         <size>0xd2</size>
         <input_file_ref idref="fl-2"/>
      </object_component>
      <object_component id="oc-d8">
         <name>.debug_info</name>
         <load_address>0x396</load_address>
         <run_address>0x396</run_address>
         <size>0x51a</size>
         <input_file_ref idref="fl-2"/>
      </object_component>
      <object_component id="oc-77">
         <name>.debug_info</name>
         <load_address>0x8b0</load_address>
         <run_address>0x8b0</run_address>
         <size>0x26b</size>
         <input_file_ref idref="fl-2"/>
      </object_component>
      <object_component id="oc-39">
         <name>.debug_info</name>
         <load_address>0xb1b</load_address>
         <run_address>0xb1b</run_address>
         <size>0x84</size>
         <input_file_ref idref="fl-2"/>
      </object_component>
      <object_component id="oc-c0">
         <name>.debug_info</name>
         <load_address>0xb9f</load_address>
         <run_address>0xb9f</run_address>
         <size>0x2a4</size>
         <input_file_ref idref="fl-2"/>
      </object_component>
      <object_component id="oc-7c">
         <name>.debug_info</name>
         <load_address>0xe43</load_address>
         <run_address>0xe43</run_address>
         <size>0xbb</size>
         <input_file_ref idref="fl-2"/>
      </object_component>
      <object_component id="oc-24b">
         <name>.debug_info</name>
         <load_address>0xefe</load_address>
         <run_address>0xefe</run_address>
         <size>0x383</size>
         <input_file_ref idref="fl-4"/>
      </object_component>
      <object_component id="oc-a5">
         <name>.debug_info</name>
         <load_address>0x1281</load_address>
         <run_address>0x1281</run_address>
         <size>0x1b6</size>
         <input_file_ref idref="fl-4"/>
      </object_component>
      <object_component id="oc-1b7">
         <name>.debug_info</name>
         <load_address>0x1437</load_address>
         <run_address>0x1437</run_address>
         <size>0xcc</size>
         <input_file_ref idref="fl-4"/>
      </object_component>
      <object_component id="oc-159">
         <name>.debug_info</name>
         <load_address>0x1503</load_address>
         <run_address>0x1503</run_address>
         <size>0x2c</size>
         <input_file_ref idref="fl-4"/>
      </object_component>
      <object_component id="oc-158">
         <name>.debug_info</name>
         <load_address>0x152f</load_address>
         <run_address>0x152f</run_address>
         <size>0x38c</size>
         <input_file_ref idref="fl-5"/>
      </object_component>
      <object_component id="oc-13d">
         <name>.debug_info</name>
         <load_address>0x18bb</load_address>
         <run_address>0x18bb</run_address>
         <size>0x127</size>
         <input_file_ref idref="fl-5"/>
      </object_component>
      <object_component id="oc-df">
         <name>.debug_info</name>
         <load_address>0x19e2</load_address>
         <run_address>0x19e2</run_address>
         <size>0x8b3</size>
         <input_file_ref idref="fl-5"/>
      </object_component>
      <object_component id="oc-1ef">
         <name>.debug_info</name>
         <load_address>0x2295</load_address>
         <run_address>0x2295</run_address>
         <size>0x8b</size>
         <input_file_ref idref="fl-8"/>
      </object_component>
      <object_component id="oc-32">
         <name>.debug_info</name>
         <load_address>0x2320</load_address>
         <run_address>0x2320</run_address>
         <size>0x2ae</size>
         <input_file_ref idref="fl-a"/>
      </object_component>
      <object_component id="oc-13">
         <name>.debug_info</name>
         <load_address>0x25ce</load_address>
         <run_address>0x25ce</run_address>
         <size>0xed</size>
         <input_file_ref idref="fl-a"/>
      </object_component>
      <object_component id="oc-2d">
         <name>.debug_info</name>
         <load_address>0x26bb</load_address>
         <run_address>0x26bb</run_address>
         <size>0x269</size>
         <input_file_ref idref="fl-a"/>
      </object_component>
      <object_component id="oc-166">
         <name>.debug_info</name>
         <load_address>0x2924</load_address>
         <run_address>0x2924</run_address>
         <size>0x267</size>
         <input_file_ref idref="fl-b"/>
      </object_component>
      <object_component id="oc-ed">
         <name>.debug_info</name>
         <load_address>0x2b8b</load_address>
         <run_address>0x2b8b</run_address>
         <size>0x286</size>
         <input_file_ref idref="fl-b"/>
      </object_component>
      <object_component id="oc-15f">
         <name>.debug_info</name>
         <load_address>0x2e11</load_address>
         <run_address>0x2e11</run_address>
         <size>0x32b</size>
         <input_file_ref idref="fl-13"/>
      </object_component>
      <object_component id="oc-162">
         <name>.debug_info</name>
         <load_address>0x313c</load_address>
         <run_address>0x313c</run_address>
         <size>0xee</size>
         <input_file_ref idref="fl-13"/>
      </object_component>
      <object_component id="oc-e6">
         <name>.debug_info</name>
         <load_address>0x322a</load_address>
         <run_address>0x322a</run_address>
         <size>0x608</size>
         <input_file_ref idref="fl-13"/>
      </object_component>
      <object_component id="oc-1c3">
         <name>.debug_info</name>
         <load_address>0x3832</load_address>
         <run_address>0x3832</run_address>
         <size>0x26b</size>
         <input_file_ref idref="fl-13"/>
      </object_component>
      <object_component id="oc-24c">
         <name>.debug_info</name>
         <load_address>0x3a9d</load_address>
         <run_address>0x3a9d</run_address>
         <size>0x297</size>
         <input_file_ref idref="fl-13"/>
      </object_component>
      <object_component id="oc-1be">
         <name>.debug_info</name>
         <load_address>0x3d34</load_address>
         <run_address>0x3d34</run_address>
         <size>0xbb</size>
         <input_file_ref idref="fl-13"/>
      </object_component>
      <object_component id="oc-238">
         <name>.debug_info</name>
         <load_address>0x3def</load_address>
         <run_address>0x3def</run_address>
         <size>0x590</size>
         <input_file_ref idref="fl-ca"/>
      </object_component>
      <object_component id="oc-204">
         <name>.debug_info</name>
         <load_address>0x437f</load_address>
         <run_address>0x437f</run_address>
         <size>0x21e</size>
         <input_file_ref idref="fl-ca"/>
      </object_component>
      <object_component id="oc-294">
         <name>.debug_info</name>
         <load_address>0x459d</load_address>
         <run_address>0x459d</run_address>
         <size>0x1b3</size>
         <input_file_ref idref="fl-ca"/>
      </object_component>
      <object_component id="oc-29a">
         <name>.debug_info</name>
         <load_address>0x4750</load_address>
         <run_address>0x4750</run_address>
         <size>0x21b</size>
         <input_file_ref idref="fl-ca"/>
      </object_component>
      <object_component id="oc-20f">
         <name>.debug_info</name>
         <load_address>0x496b</load_address>
         <run_address>0x496b</run_address>
         <size>0x3c0</size>
         <input_file_ref idref="fl-ca"/>
      </object_component>
      <object_component id="oc-2a1">
         <name>.debug_info</name>
         <load_address>0x4d2b</load_address>
         <run_address>0x4d2b</run_address>
         <size>0x30a</size>
         <input_file_ref idref="fl-ca"/>
      </object_component>
      <object_component id="oc-2a7">
         <name>.debug_info</name>
         <load_address>0x5035</load_address>
         <run_address>0x5035</run_address>
         <size>0x215</size>
         <input_file_ref idref="fl-ca"/>
      </object_component>
      <object_component id="oc-215">
         <name>.debug_info</name>
         <load_address>0x524a</load_address>
         <run_address>0x524a</run_address>
         <size>0x215</size>
         <input_file_ref idref="fl-ca"/>
      </object_component>
      <object_component id="oc-21b">
         <name>.debug_info</name>
         <load_address>0x545f</load_address>
         <run_address>0x545f</run_address>
         <size>0x304</size>
         <input_file_ref idref="fl-ca"/>
      </object_component>
      <object_component id="oc-221">
         <name>.debug_info</name>
         <load_address>0x5763</load_address>
         <run_address>0x5763</run_address>
         <size>0x4b5</size>
         <input_file_ref idref="fl-ca"/>
      </object_component>
      <object_component id="oc-195">
         <name>.debug_info</name>
         <load_address>0x5c18</load_address>
         <run_address>0x5c18</run_address>
         <size>0x5f4</size>
         <input_file_ref idref="fl-ca"/>
      </object_component>
      <object_component id="oc-239">
         <name>.debug_info</name>
         <load_address>0x620c</load_address>
         <run_address>0x620c</run_address>
         <size>0x86</size>
         <input_file_ref idref="fl-ca"/>
      </object_component>
      <object_component id="oc-2d0">
         <name>.debug_info</name>
         <load_address>0x6292</load_address>
         <run_address>0x6292</run_address>
         <size>0x39</size>
         <input_file_ref idref="fl-ca"/>
      </object_component>
      <object_component id="oc-313">
         <name>.debug_info</name>
         <load_address>0x62cb</load_address>
         <run_address>0x62cb</run_address>
         <size>0xb6</size>
         <input_file_ref idref="fl-ca"/>
      </object_component>
      <object_component id="oc-2d5">
         <name>.debug_info</name>
         <load_address>0x6381</load_address>
         <run_address>0x6381</run_address>
         <size>0x46</size>
         <input_file_ref idref="fl-ca"/>
      </object_component>
      <object_component id="oc-23e">
         <name>.debug_info</name>
         <load_address>0x63c7</load_address>
         <run_address>0x63c7</run_address>
         <size>0x46</size>
         <input_file_ref idref="fl-ca"/>
      </object_component>
      <object_component id="oc-1a7">
         <name>.debug_info</name>
         <load_address>0x640d</load_address>
         <run_address>0x640d</run_address>
         <size>0x2c</size>
         <input_file_ref idref="fl-ca"/>
      </object_component>
      <object_component id="oc-1a6">
         <name>.debug_info</name>
         <load_address>0x6439</load_address>
         <run_address>0x6439</run_address>
         <size>0x340</size>
         <input_file_ref idref="fl-cb"/>
      </object_component>
      <object_component id="oc-146">
         <name>.debug_info</name>
         <load_address>0x6779</load_address>
         <run_address>0x6779</run_address>
         <size>0x208</size>
         <input_file_ref idref="fl-cb"/>
      </object_component>
      <object_component id="oc-19b">
         <name>.debug_info</name>
         <load_address>0x6981</load_address>
         <run_address>0x6981</run_address>
         <size>0x1c6</size>
         <input_file_ref idref="fl-cb"/>
      </object_component>
      <object_component id="oc-1a3">
         <name>.debug_info</name>
         <load_address>0x6b47</load_address>
         <run_address>0x6b47</run_address>
         <size>0x179</size>
         <input_file_ref idref="fl-cb"/>
      </object_component>
      <object_component id="oc-1ac">
         <name>.debug_info</name>
         <load_address>0x6cc0</load_address>
         <run_address>0x6cc0</run_address>
         <size>0x69</size>
         <input_file_ref idref="fl-cb"/>
      </object_component>
      <object_component id="oc-ce">
         <name>.debug_info</name>
         <load_address>0x6d29</load_address>
         <run_address>0x6d29</run_address>
         <size>0x2c</size>
         <input_file_ref idref="fl-cd"/>
      </object_component>
      <object_component id="oc-97">
         <name>.debug_info</name>
         <load_address>0x6d55</load_address>
         <run_address>0x6d55</run_address>
         <size>0x147</size>
         <input_file_ref idref="fl-d0"/>
      </object_component>
      <object_component id="oc-290">
         <name>.debug_info</name>
         <load_address>0x6e9c</load_address>
         <run_address>0x6e9c</run_address>
         <size>0x14c</size>
         <input_file_ref idref="fl-d1"/>
      </object_component>
      <object_component id="oc-209">
         <name>.debug_info</name>
         <load_address>0x6fe8</load_address>
         <run_address>0x6fe8</run_address>
         <size>0x128</size>
         <input_file_ref idref="fl-d2"/>
      </object_component>
      <object_component id="oc-27a">
         <name>.debug_info</name>
         <load_address>0x7110</load_address>
         <run_address>0x7110</run_address>
         <size>0x12a</size>
         <input_file_ref idref="fl-d2"/>
      </object_component>
      <object_component id="oc-275">
         <name>.debug_info</name>
         <load_address>0x723a</load_address>
         <run_address>0x723a</run_address>
         <size>0x13a</size>
         <input_file_ref idref="fl-d3"/>
      </object_component>
      <object_component id="oc-26f">
         <name>.debug_info</name>
         <load_address>0x7374</load_address>
         <run_address>0x7374</run_address>
         <size>0x13a</size>
         <input_file_ref idref="fl-d4"/>
      </object_component>
      <object_component id="oc-27e">
         <name>.debug_info</name>
         <load_address>0x74ae</load_address>
         <run_address>0x74ae</run_address>
         <size>0x12e</size>
         <input_file_ref idref="fl-d5"/>
      </object_component>
      <object_component id="oc-28a">
         <name>.debug_info</name>
         <load_address>0x75dc</load_address>
         <run_address>0x75dc</run_address>
         <size>0x12c</size>
         <input_file_ref idref="fl-d8"/>
      </object_component>
      <object_component id="oc-3f">
         <name>.debug_info</name>
         <load_address>0x7708</load_address>
         <run_address>0x7708</run_address>
         <size>0x119</size>
         <input_file_ref idref="fl-d9"/>
      </object_component>
      <object_component id="oc-268">
         <name>.debug_info</name>
         <load_address>0x7821</load_address>
         <run_address>0x7821</run_address>
         <size>0x134</size>
         <input_file_ref idref="fl-da"/>
      </object_component>
      <object_component id="oc-95">
         <name>.debug_info</name>
         <load_address>0x7955</load_address>
         <run_address>0x7955</run_address>
         <size>0x2d4</size>
         <input_file_ref idref="fl-db"/>
      </object_component>
      <object_component id="oc-4d">
         <name>.debug_info</name>
         <load_address>0x7c29</load_address>
         <run_address>0x7c29</run_address>
         <size>0x1d2</size>
         <input_file_ref idref="fl-db"/>
      </object_component>
      <object_component id="oc-90">
         <name>.debug_info</name>
         <load_address>0x7dfb</load_address>
         <run_address>0x7dfb</run_address>
         <size>0x46</size>
         <input_file_ref idref="fl-db"/>
      </object_component>
      <object_component id="oc-49">
         <name>.debug_info</name>
         <load_address>0x7e41</load_address>
         <run_address>0x7e41</run_address>
         <size>0x2a8</size>
         <input_file_ref idref="fl-dc"/>
      </object_component>
      <object_component id="oc-1c">
         <name>.debug_info</name>
         <load_address>0x80e9</load_address>
         <run_address>0x80e9</run_address>
         <size>0x1ea</size>
         <input_file_ref idref="fl-dc"/>
      </object_component>
      <object_component id="oc-44">
         <name>.debug_info</name>
         <load_address>0x82d3</load_address>
         <run_address>0x82d3</run_address>
         <size>0x46</size>
         <input_file_ref idref="fl-dc"/>
      </object_component>
      <object_component id="oc-88">
         <name>.debug_info</name>
         <load_address>0x8319</load_address>
         <run_address>0x8319</run_address>
         <size>0x2c</size>
         <input_file_ref idref="fl-dc"/>
      </object_component>
      <object_component id="oc-86">
         <name>.debug_info</name>
         <load_address>0x8345</load_address>
         <run_address>0x8345</run_address>
         <size>0x29e</size>
         <input_file_ref idref="fl-dd"/>
      </object_component>
      <object_component id="oc-18">
         <name>.debug_info</name>
         <load_address>0x85e3</load_address>
         <run_address>0x85e3</run_address>
         <size>0x250</size>
         <input_file_ref idref="fl-dd"/>
      </object_component>
      <object_component id="oc-34">
         <name>.debug_info</name>
         <load_address>0x8833</load_address>
         <run_address>0x8833</run_address>
         <size>0x60</size>
         <input_file_ref idref="fl-dd"/>
      </object_component>
      <object_component id="oc-c7">
         <name>.debug_info</name>
         <load_address>0x8893</load_address>
         <run_address>0x8893</run_address>
         <size>0x46</size>
         <input_file_ref idref="fl-dd"/>
      </object_component>
      <object_component id="oc-81">
         <name>.debug_info</name>
         <load_address>0x88d9</load_address>
         <run_address>0x88d9</run_address>
         <size>0x39</size>
         <input_file_ref idref="fl-dd"/>
      </object_component>
      <object_component id="oc-f1">
         <name>.debug_info</name>
         <load_address>0x8912</load_address>
         <run_address>0x8912</run_address>
         <size>0x122</size>
         <input_file_ref idref="fl-de"/>
      </object_component>
      <object_component id="oc-2ee">
         <name>.debug_info</name>
         <load_address>0x8a34</load_address>
         <run_address>0x8a34</run_address>
         <size>0x29c</size>
         <input_file_ref idref="fl-e0"/>
      </object_component>
      <object_component id="oc-283">
         <name>.debug_info</name>
         <load_address>0x8cd0</load_address>
         <run_address>0x8cd0</run_address>
         <size>0x1da</size>
         <input_file_ref idref="fl-e0"/>
      </object_component>
      <object_component id="oc-266">
         <name>.debug_info</name>
         <load_address>0x8eaa</load_address>
         <run_address>0x8eaa</run_address>
         <size>0x2b9</size>
         <input_file_ref idref="fl-e1"/>
      </object_component>
      <object_component id="oc-1fe">
         <name>.debug_info</name>
         <load_address>0x9163</load_address>
         <run_address>0x9163</run_address>
         <size>0x17c</size>
         <input_file_ref idref="fl-e1"/>
      </object_component>
      <object_component id="oc-2e0">
         <name>.debug_info</name>
         <load_address>0x92df</load_address>
         <run_address>0x92df</run_address>
         <size>0xf9</size>
         <input_file_ref idref="fl-e2"/>
      </object_component>
      <object_component id="oc-263">
         <name>.debug_info</name>
         <load_address>0x93d8</load_address>
         <run_address>0x93d8</run_address>
         <size>0x105</size>
         <input_file_ref idref="fl-e2"/>
      </object_component>
      <object_component id="oc-2c1">
         <name>.debug_info</name>
         <load_address>0x94dd</load_address>
         <run_address>0x94dd</run_address>
         <size>0x2a7</size>
         <input_file_ref idref="fl-e4"/>
      </object_component>
      <object_component id="oc-228">
         <name>.debug_info</name>
         <load_address>0x9784</load_address>
         <run_address>0x9784</run_address>
         <size>0x1b8</size>
         <input_file_ref idref="fl-e4"/>
      </object_component>
      <object_component id="oc-70">
         <name>.debug_info</name>
         <load_address>0x993c</load_address>
         <run_address>0x993c</run_address>
         <size>0x3b2</size>
         <input_file_ref idref="fl-e6"/>
      </object_component>
      <object_component id="oc-25">
         <name>.debug_info</name>
         <load_address>0x9cee</load_address>
         <run_address>0x9cee</run_address>
         <size>0x10c</size>
         <input_file_ref idref="fl-e6"/>
      </object_component>
      <object_component id="oc-bb">
         <name>.debug_info</name>
         <load_address>0x9dfa</load_address>
         <run_address>0x9dfa</run_address>
         <size>0xb2</size>
         <input_file_ref idref="fl-e6"/>
      </object_component>
      <object_component id="oc-b6">
         <name>.debug_info</name>
         <load_address>0x9eac</load_address>
         <run_address>0x9eac</run_address>
         <size>0x2c</size>
         <input_file_ref idref="fl-e6"/>
      </object_component>
      <object_component id="oc-305">
         <name>.debug_info</name>
         <load_address>0x9ed8</load_address>
         <run_address>0x9ed8</run_address>
         <size>0x29a</size>
         <input_file_ref idref="fl-e7"/>
      </object_component>
      <object_component id="oc-2ba">
         <name>.debug_info</name>
         <load_address>0xa172</load_address>
         <run_address>0xa172</run_address>
         <size>0x262</size>
         <input_file_ref idref="fl-e7"/>
      </object_component>
      <object_component id="oc-1b2">
         <name>.debug_info</name>
         <load_address>0xa3d4</load_address>
         <run_address>0xa3d4</run_address>
         <size>0x28a</size>
         <input_file_ref idref="fl-e8"/>
      </object_component>
      <object_component id="oc-14b">
         <name>.debug_info</name>
         <load_address>0xa65e</load_address>
         <run_address>0xa65e</run_address>
         <size>0x273</size>
         <input_file_ref idref="fl-e8"/>
      </object_component>
      <object_component id="oc-1b4">
         <name>.debug_info</name>
         <load_address>0xa8d1</load_address>
         <run_address>0xa8d1</run_address>
         <size>0x2a4</size>
         <input_file_ref idref="fl-e9"/>
      </object_component>
      <object_component id="oc-151">
         <name>.debug_info</name>
         <load_address>0xab75</load_address>
         <run_address>0xab75</run_address>
         <size>0x24d</size>
         <input_file_ref idref="fl-e9"/>
      </object_component>
      <object_component id="oc-261">
         <name>.debug_info</name>
         <load_address>0xadc2</load_address>
         <run_address>0xadc2</run_address>
         <size>0x28f</size>
         <input_file_ref idref="fl-ea"/>
      </object_component>
      <object_component id="oc-1f8">
         <name>.debug_info</name>
         <load_address>0xb051</load_address>
         <run_address>0xb051</run_address>
         <size>0x245</size>
         <input_file_ref idref="fl-ea"/>
      </object_component>
      <object_component id="oc-2cd">
         <name>.debug_info</name>
         <load_address>0xb296</load_address>
         <run_address>0xb296</run_address>
         <size>0x289</size>
         <input_file_ref idref="fl-ee"/>
      </object_component>
      <object_component id="oc-2ca">
         <name>.debug_info</name>
         <load_address>0xb51f</load_address>
         <run_address>0xb51f</run_address>
         <size>0x10e</size>
         <input_file_ref idref="fl-ee"/>
      </object_component>
      <object_component id="oc-234">
         <name>.debug_info</name>
         <load_address>0xb62d</load_address>
         <run_address>0xb62d</run_address>
         <size>0x14e</size>
         <input_file_ref idref="fl-ee"/>
      </object_component>
      <object_component id="oc-28">
         <name>.debug_info</name>
         <load_address>0xb77b</load_address>
         <run_address>0xb77b</run_address>
         <size>0x10b</size>
         <input_file_ref idref="fl-ef"/>
      </object_component>
      <object_component id="oc-5d">
         <name>.debug_info</name>
         <load_address>0xb886</load_address>
         <run_address>0xb886</run_address>
         <size>0x1a9</size>
         <input_file_ref idref="fl-ef"/>
      </object_component>
      <object_component id="oc-2f6">
         <name>.debug_info</name>
         <load_address>0xba2f</load_address>
         <run_address>0xba2f</run_address>
         <size>0x29a</size>
         <input_file_ref idref="fl-f0"/>
      </object_component>
      <object_component id="oc-2ae">
         <name>.debug_info</name>
         <load_address>0xbcc9</load_address>
         <run_address>0xbcc9</run_address>
         <size>0x195</size>
         <input_file_ref idref="fl-f0"/>
      </object_component>
      <object_component id="oc-31f">
         <name>.debug_info</name>
         <load_address>0xbe5e</load_address>
         <run_address>0xbe5e</run_address>
         <size>0x39</size>
         <input_file_ref idref="fl-f0"/>
      </object_component>
      <object_component id="oc-2f7">
         <name>.debug_info</name>
         <load_address>0xbe97</load_address>
         <run_address>0xbe97</run_address>
         <size>0x2c</size>
         <input_file_ref idref="fl-f0"/>
      </object_component>
      <object_component id="oc-303">
         <name>.debug_info</name>
         <load_address>0xbec3</load_address>
         <run_address>0xbec3</run_address>
         <size>0x2fd</size>
         <input_file_ref idref="fl-f1"/>
      </object_component>
      <object_component id="oc-2b4">
         <name>.debug_info</name>
         <load_address>0xc1c0</load_address>
         <run_address>0xc1c0</run_address>
         <size>0x225</size>
         <input_file_ref idref="fl-f1"/>
      </object_component>
      <object_component id="oc-2c8">
         <name>.debug_info</name>
         <load_address>0xc3e5</load_address>
         <run_address>0xc3e5</run_address>
         <size>0x28f</size>
         <input_file_ref idref="fl-f2"/>
      </object_component>
      <object_component id="oc-22c">
         <name>.debug_info</name>
         <load_address>0xc674</load_address>
         <run_address>0xc674</run_address>
         <size>0x15a</size>
         <input_file_ref idref="fl-f2"/>
      </object_component>
      <object_component id="oc-308">
         <name>.debug_info</name>
         <load_address>0xc7ce</load_address>
         <run_address>0xc7ce</run_address>
         <size>0x46</size>
         <input_file_ref idref="fl-f2"/>
      </object_component>
      <object_component id="oc-2c3">
         <name>.debug_info</name>
         <load_address>0xc814</load_address>
         <run_address>0xc814</run_address>
         <size>0x39</size>
         <input_file_ref idref="fl-f2"/>
      </object_component>
      <object_component id="oc-2e5">
         <name>.debug_info</name>
         <load_address>0xc84d</load_address>
         <run_address>0xc84d</run_address>
         <size>0x115</size>
         <input_file_ref idref="fl-f6"/>
      </object_component>
      <object_component id="oc-172">
         <name>.debug_info</name>
         <load_address>0xc962</load_address>
         <run_address>0xc962</run_address>
         <size>0x4b3</size>
         <input_file_ref idref="fl-f7"/>
      </object_component>
      <object_component id="oc-fd">
         <name>.debug_info</name>
         <load_address>0xce15</load_address>
         <run_address>0xce15</run_address>
         <size>0x1a6</size>
         <input_file_ref idref="fl-f7"/>
      </object_component>
      <object_component id="oc-1dc">
         <name>.debug_info</name>
         <load_address>0xcfbb</load_address>
         <run_address>0xcfbb</run_address>
         <size>0x39</size>
         <input_file_ref idref="fl-f7"/>
      </object_component>
      <object_component id="oc-254">
         <name>.debug_info</name>
         <load_address>0xcff4</load_address>
         <run_address>0xcff4</run_address>
         <size>0x39</size>
         <input_file_ref idref="fl-f7"/>
      </object_component>
      <object_component id="oc-1e1">
         <name>.debug_info</name>
         <load_address>0xd02d</load_address>
         <run_address>0xd02d</run_address>
         <size>0x39</size>
         <input_file_ref idref="fl-f7"/>
      </object_component>
      <object_component id="oc-1e6">
         <name>.debug_info</name>
         <load_address>0xd066</load_address>
         <run_address>0xd066</run_address>
         <size>0xcd</size>
         <input_file_ref idref="fl-f7"/>
      </object_component>
      <object_component id="oc-9d">
         <name>.debug_info</name>
         <load_address>0xd133</load_address>
         <run_address>0xd133</run_address>
         <size>0x153</size>
         <input_file_ref idref="fl-f8"/>
      </object_component>
      <object_component id="oc-2ff">
         <name>.debug_info</name>
         <load_address>0xd286</load_address>
         <run_address>0xd286</run_address>
         <size>0x161</size>
         <input_file_ref idref="fl-105"/>
      </object_component>
      <object_component id="oc-190">
         <name>.debug_info</name>
         <load_address>0xd3e7</load_address>
         <run_address>0xd3e7</run_address>
         <size>0x20e</size>
         <input_file_ref idref="fl-10c"/>
      </object_component>
      <object_component id="oc-188">
         <name>.debug_info</name>
         <load_address>0xd5f5</load_address>
         <run_address>0xd5f5</run_address>
         <size>0x157</size>
         <input_file_ref idref="fl-10c"/>
      </object_component>
      <object_component id="oc-132">
         <name>.debug_info</name>
         <load_address>0xd74c</load_address>
         <run_address>0xd74c</run_address>
         <size>0x2c1</size>
         <input_file_ref idref="fl-10c"/>
      </object_component>
      <object_component id="oc-18b">
         <name>.debug_info</name>
         <load_address>0xda0d</load_address>
         <run_address>0xda0d</run_address>
         <size>0x18b</size>
         <input_file_ref idref="fl-10c"/>
      </object_component>
      <object_component id="oc-35a">
         <name>.debug_info</name>
         <load_address>0xdb98</load_address>
         <run_address>0xdb98</run_address>
         <size>0xa0</size>
      </object_component>
      <object_component id="oc-12f">
         <name>.debug_line</name>
         <load_address>0x0</load_address>
         <run_address>0x0</run_address>
         <size>0x69</size>
         <input_file_ref idref="fl-2"/>
      </object_component>
      <object_component id="oc-192">
         <name>.debug_line</name>
         <load_address>0x69</load_address>
         <run_address>0x69</run_address>
         <size>0x2e</size>
         <input_file_ref idref="fl-2"/>
      </object_component>
      <object_component id="oc-dc">
         <name>.debug_line</name>
         <load_address>0x97</load_address>
         <run_address>0x97</run_address>
         <size>0x179</size>
         <input_file_ref idref="fl-2"/>
      </object_component>
      <object_component id="oc-7a">
         <name>.debug_line</name>
         <load_address>0x210</load_address>
         <run_address>0x210</run_address>
         <size>0x6f</size>
         <input_file_ref idref="fl-2"/>
      </object_component>
      <object_component id="oc-3c">
         <name>.debug_line</name>
         <load_address>0x27f</load_address>
         <run_address>0x27f</run_address>
         <size>0x20</size>
         <input_file_ref idref="fl-2"/>
      </object_component>
      <object_component id="oc-c3">
         <name>.debug_line</name>
         <load_address>0x29f</load_address>
         <run_address>0x29f</run_address>
         <size>0x73</size>
         <input_file_ref idref="fl-2"/>
      </object_component>
      <object_component id="oc-7f">
         <name>.debug_line</name>
         <load_address>0x312</load_address>
         <run_address>0x312</run_address>
         <size>0x70</size>
         <input_file_ref idref="fl-2"/>
      </object_component>
      <object_component id="oc-2db">
         <name>.debug_line</name>
         <load_address>0x382</load_address>
         <run_address>0x382</run_address>
         <size>0x63</size>
         <input_file_ref idref="fl-4"/>
      </object_component>
      <object_component id="oc-a4">
         <name>.debug_line</name>
         <load_address>0x3e5</load_address>
         <run_address>0x3e5</run_address>
         <size>0x6d</size>
         <input_file_ref idref="fl-4"/>
      </object_component>
      <object_component id="oc-1ba">
         <name>.debug_line</name>
         <load_address>0x452</load_address>
         <run_address>0x452</run_address>
         <size>0x6a</size>
         <input_file_ref idref="fl-4"/>
      </object_component>
      <object_component id="oc-15c">
         <name>.debug_line</name>
         <load_address>0x4bc</load_address>
         <run_address>0x4bc</run_address>
         <size>0x6b</size>
         <input_file_ref idref="fl-4"/>
      </object_component>
      <object_component id="oc-1b6">
         <name>.debug_line</name>
         <load_address>0x527</load_address>
         <run_address>0x527</run_address>
         <size>0xc3</size>
         <input_file_ref idref="fl-5"/>
      </object_component>
      <object_component id="oc-140">
         <name>.debug_line</name>
         <load_address>0x5ea</load_address>
         <run_address>0x5ea</run_address>
         <size>0x45</size>
         <input_file_ref idref="fl-5"/>
      </object_component>
      <object_component id="oc-e1">
         <name>.debug_line</name>
         <load_address>0x62f</load_address>
         <run_address>0x62f</run_address>
         <size>0x19b</size>
         <input_file_ref idref="fl-5"/>
      </object_component>
      <object_component id="oc-1f2">
         <name>.debug_line</name>
         <load_address>0x7ca</load_address>
         <run_address>0x7ca</run_address>
         <size>0x20</size>
         <input_file_ref idref="fl-8"/>
      </object_component>
      <object_component id="oc-76">
         <name>.debug_line</name>
         <load_address>0x7ea</load_address>
         <run_address>0x7ea</run_address>
         <size>0x41</size>
         <input_file_ref idref="fl-a"/>
      </object_component>
      <object_component id="oc-31">
         <name>.debug_line</name>
         <load_address>0x82b</load_address>
         <run_address>0x82b</run_address>
         <size>0x41</size>
         <input_file_ref idref="fl-a"/>
      </object_component>
      <object_component id="oc-2c">
         <name>.debug_line</name>
         <load_address>0x86c</load_address>
         <run_address>0x86c</run_address>
         <size>0xa1</size>
         <input_file_ref idref="fl-a"/>
      </object_component>
      <object_component id="oc-1cb">
         <name>.debug_line</name>
         <load_address>0x90d</load_address>
         <run_address>0x90d</run_address>
         <size>0x20</size>
         <input_file_ref idref="fl-b"/>
      </object_component>
      <object_component id="oc-ec">
         <name>.debug_line</name>
         <load_address>0x92d</load_address>
         <run_address>0x92d</run_address>
         <size>0xbf</size>
         <input_file_ref idref="fl-b"/>
      </object_component>
      <object_component id="oc-1bd">
         <name>.debug_line</name>
         <load_address>0x9ec</load_address>
         <run_address>0x9ec</run_address>
         <size>0x2d</size>
         <input_file_ref idref="fl-13"/>
      </object_component>
      <object_component id="oc-1c9">
         <name>.debug_line</name>
         <load_address>0xa19</load_address>
         <run_address>0xa19</run_address>
         <size>0x2d</size>
         <input_file_ref idref="fl-13"/>
      </object_component>
      <object_component id="oc-e5">
         <name>.debug_line</name>
         <load_address>0xa46</load_address>
         <run_address>0xa46</run_address>
         <size>0x1f0</size>
         <input_file_ref idref="fl-13"/>
      </object_component>
      <object_component id="oc-1c6">
         <name>.debug_line</name>
         <load_address>0xc36</load_address>
         <run_address>0xc36</run_address>
         <size>0x69</size>
         <input_file_ref idref="fl-13"/>
      </object_component>
      <object_component id="oc-24f">
         <name>.debug_line</name>
         <load_address>0xc9f</load_address>
         <run_address>0xc9f</run_address>
         <size>0x6d</size>
         <input_file_ref idref="fl-13"/>
      </object_component>
      <object_component id="oc-1c1">
         <name>.debug_line</name>
         <load_address>0xd0c</load_address>
         <run_address>0xd0c</run_address>
         <size>0x6a</size>
         <input_file_ref idref="fl-13"/>
      </object_component>
      <object_component id="oc-2cf">
         <name>.debug_line</name>
         <load_address>0xd76</load_address>
         <run_address>0xd76</run_address>
         <size>0x264</size>
         <input_file_ref idref="fl-ca"/>
      </object_component>
      <object_component id="oc-207">
         <name>.debug_line</name>
         <load_address>0xfda</load_address>
         <run_address>0xfda</run_address>
         <size>0x7a</size>
         <input_file_ref idref="fl-ca"/>
      </object_component>
      <object_component id="oc-296">
         <name>.debug_line</name>
         <load_address>0x1054</load_address>
         <run_address>0x1054</run_address>
         <size>0x51</size>
         <input_file_ref idref="fl-ca"/>
      </object_component>
      <object_component id="oc-29c">
         <name>.debug_line</name>
         <load_address>0x10a5</load_address>
         <run_address>0x10a5</run_address>
         <size>0x88</size>
         <input_file_ref idref="fl-ca"/>
      </object_component>
      <object_component id="oc-212">
         <name>.debug_line</name>
         <load_address>0x112d</load_address>
         <run_address>0x112d</run_address>
         <size>0x14d</size>
         <input_file_ref idref="fl-ca"/>
      </object_component>
      <object_component id="oc-2a3">
         <name>.debug_line</name>
         <load_address>0x127a</load_address>
         <run_address>0x127a</run_address>
         <size>0xee</size>
         <input_file_ref idref="fl-ca"/>
      </object_component>
      <object_component id="oc-2a9">
         <name>.debug_line</name>
         <load_address>0x1368</load_address>
         <run_address>0x1368</run_address>
         <size>0x5d</size>
         <input_file_ref idref="fl-ca"/>
      </object_component>
      <object_component id="oc-217">
         <name>.debug_line</name>
         <load_address>0x13c5</load_address>
         <run_address>0x13c5</run_address>
         <size>0x5c</size>
         <input_file_ref idref="fl-ca"/>
      </object_component>
      <object_component id="oc-21e">
         <name>.debug_line</name>
         <load_address>0x1421</load_address>
         <run_address>0x1421</run_address>
         <size>0xae</size>
         <input_file_ref idref="fl-ca"/>
      </object_component>
      <object_component id="oc-224">
         <name>.debug_line</name>
         <load_address>0x14cf</load_address>
         <run_address>0x14cf</run_address>
         <size>0x1b0</size>
         <input_file_ref idref="fl-ca"/>
      </object_component>
      <object_component id="oc-198">
         <name>.debug_line</name>
         <load_address>0x167f</load_address>
         <run_address>0x167f</run_address>
         <size>0x76f</size>
         <input_file_ref idref="fl-ca"/>
      </object_component>
      <object_component id="oc-23c">
         <name>.debug_line</name>
         <load_address>0x1dee</load_address>
         <run_address>0x1dee</run_address>
         <size>0x92</size>
         <input_file_ref idref="fl-ca"/>
      </object_component>
[...]
               <start_address>0x20001270</start_address>
               <size>0x1000</size>
               <logical_group_ref idref="lg-c"/>
            </allocated_space>
            <allocated_space>
               <start_address>0x20002270</start_address>
               <size>0x8c</size>
               <logical_group_ref idref="lg-b"/>
            </allocated_space>
            <allocated_space>
               <start_address>0x200022fc</start_address>
               <size>0x9</size>
               <logical_group_ref idref="lg-a"/>
            </allocated_space>
            <available_space>
               <start_address>0x20002305</start_address>
               <size>0x5cfb</size>
            </available_space>
         </usage_details>
      </memory_area>
   </placement_map>
   <cptbl_list>
      <cptbl>
         <name>__TI_cinit_table</name>
         <cprec>
            <name>.bss</name>
            <load_address>0x2c00</load_address>
            <load_size>0x8</load_size>
            <run_address>0x20002270</run_address>
            <run_size>0x8c</run_size>
            <compression>zero_init</compression>
         </cprec>
         <cprec>
            <name>.vtable</name>
            <load_address>0x2c08</load_address>
            <load_size>0x8</load_size>
            <run_address>0x20000000</run_address>
            <run_size>0x26c</run_size>
            <compression>zero_init</compression>
         </cprec>
         <cprec>
            <name>.data</name>
            <load_address>0x2c10</load_address>
            <load_size>0x7</load_size>
            <run_address>0x200022fc</run_address>
            <run_size>0x9</run_size>
            <compression>lzss</compression>
         </cprec>
      </cptbl>
   </cptbl_list>
   <handler_table>
      <handler_table_name>__TI_handler_table</handler_table_name>
      <handler>
         <index>0x0</index>
         <name>__TI_zero_init</name>
      </handler>
      <handler>
         <index>0x1</index>
         <name>__TI_decompress_lzss</name>
      </handler>
      <handler>
         <index>0x2</index>
         <name>__TI_decompress_none</name>
      </handler>
   </handler_table>
   <symbol_table>
      <symbol id="sm-1">
         <name>__STACK_TOP</name>
         <value>0x20000470</value>
      </symbol>
      <symbol id="sm-2">
         <name>__start___llvm_prf_cnts</name>
         <value>0x20000000</value>
      </symbol>
      <symbol id="sm-3">
         <name>__stop___llvm_prf_cnts</name>
         <value>0x20000000</value>
      </symbol>
      <symbol id="sm-4">
         <name>__TI_CINIT_Base</name>
         <value>0x2c18</value>
      </symbol>
      <symbol id="sm-5">
         <name>__TI_CINIT_Limit</name>
         <value>0x2c30</value>
      </symbol>
      <symbol id="sm-6">
         <name>__TI_Handler_Table_Base</name>
         <value>0x2bf0</value>
      </symbol>
      <symbol id="sm-7">
         <name>__TI_Handler_Table_Limit</name>
         <value>0x2bfc</value>
      </symbol>
      <symbol id="sm-8">
         <name>binit</name>
         <value>0xffffffff</value>
      </symbol>
      <symbol id="sm-9">
         <name>__binit__</name>
         <value>0xffffffff</value>
      </symbol>
      <symbol id="sm-a">
         <name>__STACK_SIZE</name>
         <value>0x1000</value>
      </symbol>
      <symbol id="sm-b">
         <name>__STACK_END</name>
         <value>0x20001270</value>
      </symbol>
      <symbol id="sm-c">
         <name>__SYSMEM_SIZE</name>
         <value>0x1000</value>
      </symbol>
      <symbol id="sm-d">
         <name>__c_args__</name>
         <value>0xffffffff</value>
      </symbol>
      <symbol id="sm-e">
         <name>__TI_pprof_out_hndl</name>
         <value>0xffffffff</value>
      </symbol>
      <symbol id="sm-f">
         <name>__TI_prof_data_start</name>
         <value>0xffffffff</value>
      </symbol>
      <symbol id="sm-10">
         <name>__TI_prof_data_size</name>
         <value>0xffffffff</value>
      </symbol>
      <symbol id="sm-76">
         <name>_timeout_ticks</name>
         <value>0x200022f8</value>
      </symbol>
      <symbol id="sm-77">
         <name>timer_pause</name>
         <value>0x159f</value>
         <object_component_ref idref="oc-d7"/>
      </symbol>
      <symbol id="sm-78">
         <name>timer_resume</name>
         <value>0x15b1</value>
         <object_component_ref idref="oc-d7"/>
      </symbol>
      <symbol id="sm-79">
         <name>timer_getMillis</name>
         <value>0x15c3</value>
         <object_component_ref idref="oc-d7"/>
      </symbol>
      <symbol id="sm-7a">
         <name>_running</name>
         <value>0x20002304</value>
         <object_component_ref idref="oc-136"/>
      </symbol>
      <symbol id="sm-7b">
         <name>timer_init</name>
         <value>0x14fd</value>
         <object_component_ref idref="oc-d7"/>
      </symbol>
      <symbol id="sm-7c">
         <name>timer_stop</name>
         <value>0x1575</value>
         <object_component_ref idref="oc-d7"/>
      </symbol>
      <symbol id="sm-7d">
         <name>timer_getMicros</name>
         <value>0x161b</value>
         <object_component_ref idref="oc-d7"/>
      </symbol>
      <symbol id="sm-7e">
         <name>timer_waitMillis</name>
         <value>0x16a7</value>
         <object_component_ref idref="oc-d7"/>
      </symbol>
      <symbol id="sm-7f">
         <name>timer_waitMicros</name>
         <value>0x1675</value>
         <object_component_ref idref="oc-d7"/>
      </symbol>
      <symbol id="sm-a0">
         <name>main</name>
         <value>0x2489</value>
         <object_component_ref idref="oc-a2"/>
      </symbol>
      <symbol id="sm-dd">
         <name>lcd_sendCommand</name>
         <value>0xe0f</value>
         <object_component_ref idref="oc-dd"/>
      </symbol>
      <symbol id="sm-de">
         <name>lcd_sendNibble</name>
         <value>0xe4d</value>
         <object_component_ref idref="oc-dd"/>
      </symbol>
      <symbol id="sm-df">
         <name>lcd_clear</name>
         <value>0x2aa5</value>
         <object_component_ref idref="oc-13b"/>
      </symbol>
      <symbol id="sm-e0">
         <name>lcd_printf</name>
         <value>0xef7</value>
         <object_component_ref idref="oc-dd"/>
      </symbol>
      <symbol id="sm-e1">
         <name>lcd_setCursorPos</name>
         <value>0xeb9</value>
         <object_component_ref idref="oc-dd"/>
      </symbol>
      <symbol id="sm-e2">
         <name>lcd_init</name>
         <value>0xcf9</value>
         <object_component_ref idref="oc-dd"/>
      </symbol>
      <symbol id="sm-e3">
         <name>lcd_puts</name>
         <value>0xdf1</value>
         <object_component_ref idref="oc-dd"/>
      </symbol>
      <symbol id="sm-e4">
         <name>lcd_putc</name>
         <value>0xdb9</value>
         <object_component_ref idref="oc-dd"/>
      </symbol>
      <symbol id="sm-e5">
         <name>lcd_reverseNibble</name>
         <value>0xcbd</value>
         <object_component_ref idref="oc-dd"/>
      </symbol>
      <symbol id="sm-e6">
         <name>lcd_gotoLine</name>
         <value>0xe91</value>
         <object_component_ref idref="oc-dd"/>
      </symbol>
      <symbol id="sm-10b">
         <name>ResetISR</name>
         <value>0x2ac3</value>
         <object_component_ref idref="oc-2a"/>
      </symbol>
      <symbol id="sm-10c">
         <name>g_pfnVectors</name>
         <value>0x0</value>
         <object_component_ref idref="oc-12"/>
      </symbol>
      <symbol id="sm-134">
         <name>uart_sendChar</name>
         <value>0x1dbd</value>
         <object_component_ref idref="oc-e9"/>
      </symbol>
      <symbol id="sm-135">
         <name>uart_init</name>
         <value>0x1d41</value>
         <object_component_ref idref="oc-e9"/>
      </symbol>
      <symbol id="sm-136">
         <name>uart_receive</name>
         <value>0x1dd9</value>
         <object_component_ref idref="oc-e9"/>
      </symbol>
      <symbol id="sm-137">
         <name>uart_sendStr</name>
         <value>0x1e0f</value>
         <object_component_ref idref="oc-e9"/>
      </symbol>
      <symbol id="sm-17b">
         <name>isr_char_buffer</name>
         <value>0x200022c4</value>
      </symbol>
      <symbol id="sm-17c">
         <name>cyBot_uart_init_clean</name>
         <value>0x109b</value>
         <object_component_ref idref="oc-e3"/>
      </symbol>
      <symbol id="sm-17d">
         <name>cyBot_sendByte</name>
         <value>0xfe5</value>
         <object_component_ref idref="oc-e3"/>
      </symbol>
      <symbol id="sm-17e">
         <name>cyBot_uart_sendStr</name>
         <value>0xff1</value>
         <object_component_ref idref="oc-e3"/>
      </symbol>
      <symbol id="sm-17f">
         <name>cyBot_getByte_blocking</name>
         <value>0x1223</value>
         <object_component_ref idref="oc-e3"/>
      </symbol>
      <symbol id="sm-180">
         <name>cyBot_getByte_nonblocking</name>
         <value>0x1203</value>
         <object_component_ref idref="oc-e3"/>
      </symbol>
      <symbol id="sm-181">
         <name>isr_counter</name>
         <value>0x200022fc</value>
         <object_component_ref idref="oc-161"/>
      </symbol>
      <symbol id="sm-182">
         <name>cyBot_uart_sendBuffer</name>
         <value>0x100b</value>
         <object_component_ref idref="oc-e3"/>
      </symbol>
      <symbol id="sm-183">
         <name>cyBot_uart_init_PHJ_first_half</name>
         <value>0x10f3</value>
         <object_component_ref idref="oc-e3"/>
      </symbol>
      <symbol id="sm-184">
         <name>cyBot_uart_init_last_half</name>
         <value>0x1023</value>
         <object_component_ref idref="oc-e3"/>
      </symbol>
      <symbol id="sm-185">
         <name>cyBot_uart_flush</name>
         <value>0x11e9</value>
         <object_component_ref idref="oc-e3"/>
      </symbol>
      <symbol id="sm-186">
         <name>cyBot_UART1_Handler</name>
         <value>0x1231</value>
         <object_component_ref idref="oc-e3"/>
      </symbol>
      <symbol id="sm-187">
         <name>cyBot_uart_init</name>
         <value>0x1153</value>
         <object_component_ref idref="oc-e3"/>
      </symbol>
      <symbol id="sm-2f2">
         <name>__TI_printfi</name>
         <value>0x26d</value>
         <object_component_ref idref="oc-193"/>
      </symbol>
      <symbol id="sm-31c">
         <name>vsnprintf</name>
         <value>0x288d</value>
         <object_component_ref idref="oc-142"/>
      </symbol>
      <symbol id="sm-334">
         <name>__aeabi_memset</name>
         <value>0x2507</value>
         <object_component_ref idref="oc-96"/>
      </symbol>
      <symbol id="sm-335">
         <name>memset</name>
         <value>0x250d</value>
         <object_component_ref idref="oc-96"/>
      </symbol>
      <symbol id="sm-336">
         <name>__aeabi_memset8</name>
         <value>0x2507</value>
         <object_component_ref idref="oc-96"/>
      </symbol>
      <symbol id="sm-337">
         <name>__aeabi_memset4</name>
         <value>0x2507</value>
         <object_component_ref idref="oc-96"/>
      </symbol>
      <symbol id="sm-338">
         <name>__aeabi_memclr8</name>
         <value>0x2505</value>
         <object_component_ref idref="oc-96"/>
      </symbol>
      <symbol id="sm-339">
         <name>__aeabi_memclr4</name>
         <value>0x2505</value>
         <object_component_ref idref="oc-96"/>
      </symbol>
      <symbol id="sm-33a">
         <name>__aeabi_memclr</name>
         <value>0x2505</value>
         <object_component_ref idref="oc-96"/>
      </symbol>
      <symbol id="sm-351">
         <name>__aeabi_dsub</name>
         <value>0x1915</value>
         <object_component_ref idref="oc-28d"/>
      </symbol>
      <symbol id="sm-352">
         <name>__aeabi_dadd</name>
         <value>0x191f</value>
         <object_component_ref idref="oc-28d"/>
      </symbol>
      <symbol id="sm-374">
         <name>__aeabi_cdcmpeq</name>
         <value>0x237d</value>
         <object_component_ref idref="oc-208"/>
      </symbol>
      <symbol id="sm-375">
         <name>__aeabi_cdcmple</name>
         <value>0x237d</value>
         <object_component_ref idref="oc-208"/>
      </symbol>
      <symbol id="sm-376">
         <name>__aeabi_cdrcmple</name>
         <value>0x2403</value>
         <object_component_ref idref="oc-278"/>
      </symbol>
      <symbol id="sm-38a">
         <name>__aeabi_ddiv</name>
         <value>0x1c09</value>
         <object_component_ref idref="oc-273"/>
      </symbol>
      <symbol id="sm-395">
         <name>__aeabi_dmul</name>
         <value>0x209d</value>
         <object_component_ref idref="oc-26e"/>
      </symbol>
      <symbol id="sm-39f">
         <name>__aeabi_d2iz</name>
         <value>0x2801</value>
         <object_component_ref idref="oc-27d"/>
      </symbol>
      <symbol id="sm-3ab">
         <name>__aeabi_i2d</name>
         <value>0x29a5</value>
         <object_component_ref idref="oc-288"/>
      </symbol>
      <symbol id="sm-3c6">
         <name>memcpy</name>
         <value>0x224b</value>
         <object_component_ref idref="oc-3e"/>
      </symbol>
      <symbol id="sm-3c7">
         <name>__aeabi_memcpy</name>
         <value>0x224b</value>
         <object_component_ref idref="oc-3e"/>
      </symbol>
      <symbol id="sm-3c8">
         <name>__aeabi_memcpy8</name>
         <value>0x224b</value>
         <object_component_ref idref="oc-3e"/>
      </symbol>
      <symbol id="sm-3c9">
         <name>__aeabi_memcpy4</name>
         <value>0x224b</value>
         <object_component_ref idref="oc-3e"/>
      </symbol>
      <symbol id="sm-3d6">
         <name>__aeabi_uldivmod</name>
         <value>0x22e7</value>
         <object_component_ref idref="oc-267"/>
      </symbol>
      <symbol id="sm-3ea">
         <name>__TI_zero_init_nomemset</name>
         <value>0x29d3</value>
         <object_component_ref idref="oc-4a"/>
      </symbol>
      <symbol id="sm-401">
         <name>__TI_decompress_none</name>
         <value>0x2ab5</value>
         <object_component_ref idref="oc-1b"/>
      </symbol>
      <symbol id="sm-424">
         <name>__TI_decompress_lzss</name>
         <value>0x25ed</value>
         <object_component_ref idref="oc-15"/>
      </symbol>
      <symbol id="sm-42f">
         <name>C$$EXIT</name>
         <value>0x2add</value>
         <object_component_ref idref="oc-f0"/>
      </symbol>
      <symbol id="sm-430">
         <name>abort</name>
         <value>0x2add</value>
         <object_component_ref idref="oc-f0"/>
      </symbol>
      <symbol id="sm-440">
         <name>__TI_ltoa</name>
         <value>0x270f</value>
         <object_component_ref idref="oc-282"/>
      </symbol>
      <symbol id="sm-456">
         <name>atoi</name>
         <value>0x27b5</value>
         <object_component_ref idref="oc-1fc"/>
      </symbol>
      <symbol id="sm-461">
         <name>_ctypes_</name>
         <value>0x2ae0</value>
         <object_component_ref idref="oc-262"/>
      </symbol>
      <symbol id="sm-472">
         <name>memccpy</name>
         <value>0x29ef</value>
         <object_component_ref idref="oc-225"/>
      </symbol>
      <symbol id="sm-488">
         <name>_sys_memory</name>
         <value>0x20001270</value>
         <object_component_ref idref="oc-24"/>
      </symbol>
      <symbol id="sm-498">
         <name>strchr</name>
         <value>0x2a55</value>
         <object_component_ref idref="oc-2b9"/>
      </symbol>
      <symbol id="sm-4a7">
         <name>strcmp</name>
         <value>0x2a3d</value>
         <object_component_ref idref="oc-148"/>
      </symbol>
      <symbol id="sm-4b5">
         <name>strcpy</name>
         <value>0x2a6b</value>
         <object_component_ref idref="oc-14e"/>
      </symbol>
      <symbol id="sm-4c3">
         <name>strlen</name>
         <value>0x2a7f</value>
         <object_component_ref idref="oc-1f6"/>
      </symbol>
      <symbol id="sm-4dc">
         <name>__aeabi_errno_addr</name>
         <value>0x2ad1</value>
         <object_component_ref idref="oc-231"/>
      </symbol>
      <symbol id="sm-4dd">
         <name>errno</name>
         <value>0x20002300</value>
         <object_component_ref idref="oc-2c9"/>
      </symbol>
      <symbol id="sm-4f0">
         <name>__stack</name>
         <value>0x20000270</value>
         <object_component_ref idref="oc-27"/>
      </symbol>
      <symbol id="sm-4f1">
         <name>_c_int00_noargs</name>
         <value>0x2941</value>
         <object_component_ref idref="oc-5c"/>
      </symbol>
      <symbol id="sm-511">
         <name>frexpl</name>
         <value>0x2655</value>
         <object_component_ref idref="oc-2ad"/>
      </symbol>
      <symbol id="sm-512">
         <name>frexp</name>
         <value>0x2655</value>
         <object_component_ref idref="oc-2ad"/>
      </symbol>
      <symbol id="sm-52f">
         <name>scalbn</name>
         <value>0x1f8d</value>
         <object_component_ref idref="oc-2b3"/>
      </symbol>
      <symbol id="sm-530">
         <name>scalbnl</name>
         <value>0x1f8d</value>
         <object_component_ref idref="oc-2b3"/>
      </symbol>
      <symbol id="sm-531">
         <name>ldexpl</name>
         <value>0x1f8d</value>
         <object_component_ref idref="oc-2b3"/>
      </symbol>
      <symbol id="sm-532">
         <name>ldexp</name>
         <value>0x1f8d</value>
         <object_component_ref idref="oc-2b3"/>
      </symbol>
      <symbol id="sm-54b">
         <name>wcslen</name>
         <value>0x2a93</value>
         <object_component_ref idref="oc-22b"/>
      </symbol>
      <symbol id="sm-558">
         <name>__aeabi_idiv0</name>
         <value>0xcbb</value>
         <object_component_ref idref="oc-2e3"/>
      </symbol>
      <symbol id="sm-559">
         <name>__aeabi_ldiv0</name>
         <value>0xcbb</value>
         <object_component_ref idref="oc-2e3"/>
      </symbol>
      <symbol id="sm-581">
         <name>__TI_auto_init_nobinit_nopinit</name>
         <value>0x2849</value>
         <object_component_ref idref="oc-fc"/>
      </symbol>
      <symbol id="sm-58b">
         <name>_system_pre_init</name>
         <value>0x2ad9</value>
         <object_component_ref idref="oc-9c"/>
      </symbol>
      <symbol id="sm-5a1">
         <name>copysign</name>
         <value>0x2a0b</value>
         <object_component_ref idref="oc-2fc"/>
      </symbol>
      <symbol id="sm-5a2">
         <name>copysignl</name>
         <value>0x2a0b</value>
         <object_component_ref idref="oc-2fc"/>
      </symbol>
      <symbol id="sm-5c4">
         <name>IntRegister</name>
         <value>0x290d</value>
         <object_component_ref idref="oc-130"/>
      </symbol>
      <symbol id="sm-5c5">
         <name>g_pfnRAMVectors</name>
         <value>0x20000000</value>
         <object_component_ref idref="oc-187"/>
      </symbol>
      <symbol id="sm-5c7">
         <name>__TI_static_base__</name>
         <value>0x0</value>
      </symbol>
      <symbol id="sm-5ca">
         <name>__mpu_init</name>
         <value>0x0</value>
      </symbol>
      <symbol id="sm-5cb">
         <name>_system_post_cinit</name>
         <value>0x0</value>
      </symbol>
   </symbol_table>
   <title>Link successful</title>
</link_info>
