******************************************************************************
                  TI ARM Linker PC v20.2.1                     
******************************************************************************
>> Linked Thu Apr  8 12:33:43 2021

OUTPUT FILE NAME:   <Lab9.out>
ENTRY POINT SYMBOL: "_c_int00_noargs"  address: 00003291


MEMORY CONFIGURATION

         name            origin    length      used     unused   attr    fill
----------------------  --------  ---------  --------  --------  ----  --------
  FLASH                 00000000   00040000  000035ac  0003ca54  R  X
  SRAM                  20000000   00008000  000022c9  00005d37  RW X


SEGMENT ALLOCATION MAP

run origin  load origin   length   init length attrs members
----------  ----------- ---------- ----------- ----- -------
00000000    00000000    000035b0   000035b0    r-x
  00000000    00000000    0000026c   0000026c    r-- .intvecs
  0000026c    0000026c    000031c4   000031c4    r-x .text
  00003430    00003430    0000013c   0000013c    r-- .const
  00003570    00003570    00000040   00000040    r-- .cinit
20000000    20000000    000022cd   00000000    rw-
  20000000    20000000    0000026c   00000000    rw- .vtable
  20000270    20000270    00001000   00000000    rw- .stack
  20001270    20001270    00001000   00000000    rw- .sysmem
  20002270    20002270    00000058   00000000    rw- .bss
  200022c8    200022c8    00000005   00000000    rw- .data


SECTION ALLOCATION MAP

 output                                  attributes/
section   page    origin      length       input sections
--------  ----  ----------  ----------   ----------------
.intvecs   0    00000000    0000026c     
                  00000000    0000026c     tm4c123gh6pm_startup_ccs.obj (.intvecs)

.text      0    0000026c    000031c4     
                  0000026c    00000a4e     rtsv7M4_T_le_v4SPD16_eabi.lib : _printfi.c.obj (.text:__TI_printfi)
                  00000cba    00000002                                   : div0.asm.obj (.text)
                  00000cbc    000009c0                                   : e_pow.c.obj (.text:pow)
                  0000167c    00000328     lcd.obj (.text)
                  000019a4    00000270     rtsv7M4_T_le_v4SPD16_eabi.lib : _printfi.c.obj (.text:_pconv_a)
                  00001c14    00000248     Timer.obj (.text)
                  00001e5c    000001d0     rtsv7M4_T_le_v4SPD16_eabi.lib : _printfi.c.obj (.text:_pconv_g)
                  0000202c    000001b6                                   : fd_add_t2.asm.obj (.text)
                  000021e2    00000002     --HOLE-- [fill = 0]
                  000021e4    00000194     servo.obj (.text)
                  00002378    00000158     rtsv7M4_T_le_v4SPD16_eabi.lib : e_sqrt.c.obj (.text:sqrt)
                  000024d0    0000013c                                   : _printfi.c.obj (.text:_pconv_e)
                  0000260c    00000136                                   : fd_div_t2.asm.obj (.text)
                  00002742    00000002     --HOLE-- [fill = 0]
                  00002744    00000124                                   : _printfi.c.obj (.text:fcvt)
                  00002868    00000110                                   : s_scalbn.c.obj (.text:scalbn)
                  00002978    000000fc                                   : fd_mul_t2.asm.obj (.text)
                  00002a74    000000b1                                   : _printfi.c.obj (.text:_ltostr)
                  00002b25    00000001     --HOLE-- [fill = 0]
                  00002b26    0000009c                                   : memcpy_t2.asm.obj (.text)
                  00002bc2    00000096                                   : ull_div_t2.asm.obj (.text)
                  00002c58    00000086                                   : fd_cmp_t2.asm.obj (.text:__aeabi_cdcmple)
                  00002cde    00000086                                   : fd_cmp_t2.asm.obj (.text:__aeabi_cdrcmple)
                  00002d64    0000007a                                   : memset_t2.asm.obj (.text)
                  00002dde    0000006e                                   : _printfi.c.obj (.text:_mcpy)
                  00002e4c    00000068                                   : copy_decompress_lzss.c.obj (.text:decompress:lzss:__TI_decompress_lzss)
                  00002eb4    00000064                                   : s_frexp.c.obj (.text:frexp)
                  00002f18    00000060     resetSimulation.obj (.text)
                  00002f78    00000058     lab8_template.obj (.text)
                  00002fd0    00000056     rtsv7M4_T_le_v4SPD16_eabi.lib : _printfi.c.obj (.text:_pconv_f)
                  00003026    00000054                                   : _ltoa.c.obj (.text:__TI_ltoa)
                  0000307a    00000052                                   : _printfi.c.obj (.text:_ecpy)
                  000030cc    0000004c                                   : atoi.c.obj (.text:atoi)
                  00003118    00000048                                   : fd_toi_t2.asm.obj (.text)
                  00003160    00000044                                   : autoinit.c.obj (.text:__TI_auto_init_nobinit_nopinit:__TI_auto_init_nobinit_nopinit)
                  000031a4    00000040                                   : vsnprintf.c.obj (.text:vsnprintf)
                  000031e4    0000003e                                   : _printfi.c.obj (.text:_fcpy)
                  00003222    00000038                                   : fs_tod_t2.asm.obj (.text)
                  0000325a    00000002     --HOLE-- [fill = 0]
                  0000325c    00000034     driverlib.lib : interrupt.obj (.text:IntRegister)
                  00003290    00000034     rtsv7M4_T_le_v4SPD16_eabi.lib : boot_cortex_m.c.obj (.text:_c_int00_noargs:_c_int00_noargs)
                  000032c4    00000030                                   : vsnprintf.c.obj (.text:_outs)
                  000032f4    0000002e                                   : i_tofd_t2.asm.obj (.text)
                  00003322    0000001c                                   : copy_zero_init.c.obj (.text:decompress:ZI:__TI_zero_init_nomemset:__TI_zero_init_nomemset)
                  0000333e    0000001c                                   : memccpy.c.obj (.text:memccpy)
                  0000335a    0000001a                                   : s_copysign.c.obj (.text:copysign)
                  00003374    00000018                                   : vsnprintf.c.obj (.text:_outc)
                  0000338c    00000018                                   : strcmp.c.obj (.text:strcmp)
                  000033a4    00000016                                   : strchr.c.obj (.text:strchr)
                  000033ba    00000014                                   : strcpy.c.obj (.text:strcpy)
                  000033ce    00000014                                   : strlen.c.obj (.text:strlen)
                  000033e2    00000012                                   : wcslen.c.obj (.text:wcslen)
                  000033f4    00000010     lcd.obj (.text:lcd_clear)
                  00003404    0000000e     rtsv7M4_T_le_v4SPD16_eabi.lib : copy_decompress_none.c.obj (.text:decompress:none:__TI_decompress_none)
                  00003412    0000000c     tm4c123gh6pm_startup_ccs.obj (.text)
                  0000341e    00000002     --HOLE-- [fill = 0]
                  00003420    00000008     rtsv7M4_T_le_v4SPD16_eabi.lib : errno.c.obj (.text:__aeabi_errno_addr)
                  00003428    00000004                                   : pre_init.c.obj (.text:_system_pre_init)
                  0000342c    00000004                                   : exit.c.obj (.text:abort:abort)

.const     0    00003430    0000013c     
                  00003430    00000101     rtsv7M4_T_le_v4SPD16_eabi.lib : ctype.c.obj (.const:.string:_ctypes_)
                  00003531    00000004     lcd.obj (.const:.string:lineAddress$1)
                  00003535    00000003     --HOLE-- [fill = 0]
                  00003538    00000030     rtsv7M4_T_le_v4SPD16_eabi.lib : e_pow.c.obj (.const:$O1$$)
                  00003568    00000004     lcd.obj (.const:.string:lineAddresses$2)

.cinit     0    00003570    00000040     
                  00003570    0000000c     (__TI_handler_table)
                  0000357c    00000004     --HOLE-- [fill = 0]
                  00003580    00000008     (.cinit..bss.load) [load image, compression = zero_init]
                  00003588    00000008     (.cinit..vtable.load) [load image, compression = zero_init]
                  00003590    00000007     (.cinit..data.load) [load image, compression = lzss]
                  00003597    00000001     --HOLE-- [fill = 0]
                  00003598    00000018     (__TI_cinit_table)

.init_array 
*          0    00000000    00000000     UNINITIALIZED

.vtable    0    20000000    0000026c     UNINITIALIZED
                  20000000    0000026c     driverlib.lib : interrupt.obj (.vtable)

.stack     0    20000270    00001000     UNINITIALIZED
                  20000270    00000004     rtsv7M4_T_le_v4SPD16_eabi.lib : boot_cortex_m.c.obj (.stack)
                  20000274    00000ffc     --HOLE--

.sysmem    0    20001270    00001000     UNINITIALIZED
                  20001270    00000010     rtsv7M4_T_le_v4SPD16_eabi.lib : memory.c.obj (.sysmem)
                  20001280    00000ff0     --HOLE--

.bss       0    20002270    00000058     UNINITIALIZED
                  20002270    00000054     lcd.obj (.bss:lastbuffer$3)
                  200022c4    00000004     (.common:_timeout_ticks)

.data      0    200022c8    00000005     UNINITIALIZED
                  200022c8    00000004     rtsv7M4_T_le_v4SPD16_eabi.lib : errno.c.obj (.data)
                  200022cc    00000001     Timer.obj (.data)

__llvm_prf_cnts 
*          0    20000000    00000000     UNINITIALIZED

MODULE SUMMARY

       Module                         code    ro data   rw data
       ------                         ----    -------   -------
    .\
       lcd.obj                        824     8         84     
       tm4c123gh6pm_startup_ccs.obj   12      620       0      
       Timer.obj                      584     0         5      
       servo.obj                      404     0         0      
       resetSimulation.obj            96      0         0      
       lab8_template.obj              88      0         0      
    +--+------------------------------+-------+---------+---------+
       Total:                         2008    628       89     
                                                               
    C:/ti/TivaWare_C_Series-2.1.4.178/driverlib/ccs/Debug/driverlib.lib
       interrupt.obj                  52      0         620    
    +--+------------------------------+-------+---------+---------+
       Total:                         52      0         620    
                                                               
    C:\ti\ccs1010\ccs\tools\compiler\ti-cgt-arm_20.2.1.LTS\lib\rtsv7M4_T_le_v4SPD16_eabi.lib
       _printfi.c.obj                 4851    0         0      
       e_pow.c.obj                    2496    48        0      
       fd_add_t2.asm.obj              438     0         0      
       e_sqrt.c.obj                   344     0         0      
       fd_div_t2.asm.obj              310     0         0      
       s_scalbn.c.obj                 272     0         0      
       fd_cmp_t2.asm.obj              268     0         0      
       ctype.c.obj                    0       257       0      
       fd_mul_t2.asm.obj              252     0         0      
       memcpy_t2.asm.obj              156     0         0      
       ull_div_t2.asm.obj             150     0         0      
       vsnprintf.c.obj                136     0         0      
       memset_t2.asm.obj              122     0         0      
       copy_decompress_lzss.c.obj     104     0         0      
       s_frexp.c.obj                  100     0         0      
       _ltoa.c.obj                    84      0         0      
       atoi.c.obj                     76      0         0      
       fd_toi_t2.asm.obj              72      0         0      
       autoinit.c.obj                 68      0         0      
       fs_tod_t2.asm.obj              56      0         0      
       boot_cortex_m.c.obj            52      0         0      
       i_tofd_t2.asm.obj              46      0         0      
       copy_zero_init.c.obj           28      0         0      
       memccpy.c.obj                  28      0         0      
       s_copysign.c.obj               26      0         0      
       strcmp.c.obj                   24      0         0      
       strchr.c.obj                   22      0         0      
       strcpy.c.obj                   20      0         0      
       strlen.c.obj                   20      0         0      
       wcslen.c.obj                   18      0         0      
       copy_decompress_none.c.obj     14      0         0      
       errno.c.obj                    8       0         4      
       exit.c.obj                     4       0         0      
       pre_init.c.obj                 4       0         0      
       div0.asm.obj                   2       0         0      
    +--+------------------------------+-------+---------+---------+
       Total:                         10671   305       4      
                                                               
       Heap:                          0       0         4096   
       Stack:                         0       0         4096   
       Linker Generated:              0       59        0      
    +--+------------------------------+-------+---------+---------+
       Grand Total:                   12731   992       8905   


LINKER GENERATED COPY TABLES

__TI_cinit_table @ 00003598 records: 3, size/record: 8, table size: 24
	.bss: load addr=00003580, load size=00000008 bytes, run addr=20002270, run size=00000058 bytes, compression=zero_init
	.vtable: load addr=00003588, load size=00000008 bytes, run addr=20000000, run size=0000026c bytes, compression=zero_init
	.data: load addr=00003590, load size=00000007 bytes, run addr=200022c8, run size=00000005 bytes, compression=lzss


LINKER GENERATED HANDLER TABLE

__TI_handler_table @ 00003570 records: 3, size/record: 4, table size: 12
	index: 0, handler: __TI_zero_init
	index: 1, handler: __TI_decompress_lzss
	index: 2, handler: __TI_decompress_none


GLOBAL SYMBOLS: SORTED ALPHABETICALLY BY Name 

address   name                          
-------   ----                          
0000342d  C$$EXIT                       
0000325d  IntRegister                   
00003413  ResetISR                      
20001270  __STACK_END                   
00001000  __STACK_SIZE                  
20000470  __STACK_TOP                   
00001000  __SYSMEM_SIZE                 
00003598  __TI_CINIT_Base               
000035b0  __TI_CINIT_Limit              
00003570  __TI_Handler_Table_Base       
0000357c  __TI_Handler_Table_Limit      
00003161  __TI_auto_init_nobinit_nopinit
00002e4d  __TI_decompress_lzss          
00003405  __TI_decompress_none          
00003027  __TI_ltoa                     
ffffffff  __TI_pprof_out_hndl           
0000026d  __TI_printfi                  
ffffffff  __TI_prof_data_size           
ffffffff  __TI_prof_data_start          
00000000  __TI_static_base__            
00003323  __TI_zero_init_nomemset       
00002c59  __aeabi_cdcmpeq               
00002c59  __aeabi_cdcmple               
00002cdf  __aeabi_cdrcmple              
00003119  __aeabi_d2iz                  
00002037  __aeabi_dadd                  
0000260d  __aeabi_ddiv                  
00002979  __aeabi_dmul                  
0000202d  __aeabi_dsub                  
00003421  __aeabi_errno_addr            
00003223  __aeabi_f2d                   
000032f5  __aeabi_i2d                   
00000cbb  __aeabi_idiv0                 
00000cbb  __aeabi_ldiv0                 
00002d65  __aeabi_memclr                
00002d65  __aeabi_memclr4               
00002d65  __aeabi_memclr8               
00002b27  __aeabi_memcpy                
00002b27  __aeabi_memcpy4               
00002b27  __aeabi_memcpy8               
00002d67  __aeabi_memset                
00002d67  __aeabi_memset4               
00002d67  __aeabi_memset8               
00002bc3  __aeabi_uldivmod              
ffffffff  __binit__                     
ffffffff  __c_args__                    
UNDEFED   __mpu_init                    
20000270  __stack                       
20000000  __start___llvm_prf_cnts       
20000000  __stop___llvm_prf_cnts        
00003291  _c_int00_noargs               
00003430  _ctypes_                      
200022cc  _running                      
20001270  _sys_memory                   
UNDEFED   _system_post_cinit            
00003429  _system_pre_init              
200022c4  _timeout_ticks                
0000342d  abort                         
000030cd  atoi                          
ffffffff  binit                         
0000335b  copysign                      
0000335b  copysignl                     
200022c8  errno                         
00002eb5  frexp                         
00002eb5  frexpl                        
20000000  g_pfnRAMVectors               
00000000  g_pfnVectors                  
000033f5  lcd_clear                     
00001851  lcd_gotoLine                  
000016b9  lcd_init                      
000018b7  lcd_printf                    
00001779  lcd_putc                      
000017b1  lcd_puts                      
0000167d  lcd_reverseNibble             
000017cf  lcd_sendCommand               
0000180d  lcd_sendNibble                
00001879  lcd_setCursorPos              
00002869  ldexp                         
00002869  ldexpl                        
00002f79  main                          
0000333f  memccpy                       
00002b27  memcpy                        
00002d6d  memset                        
00000cbd  pow                           
00000cbd  powl                          
00002f19  resetSimulationBoard          
00002869  scalbn                        
00002869  scalbnl                       
000021e5  servo_init                    
00002269  servo_move                    
00002379  sqrt                          
00002379  sqrtl                         
000033a5  strchr                        
0000338d  strcmp                        
000033bb  strcpy                        
000033cf  strlen                        
00001d33  timer_getMicros               
00001cdb  timer_getMillis               
00001c15  timer_init                    
00001cb7  timer_pause                   
00001cc9  timer_resume                  
00001c8d  timer_stop                    
00001d8d  timer_waitMicros              
00001dbf  timer_waitMillis              
000031a5  vsnprintf                     
000033e3  wcslen                        


GLOBAL SYMBOLS: SORTED BY Symbol Address 

address   name                          
-------   ----                          
00000000  __TI_static_base__            
00000000  g_pfnVectors                  
0000026d  __TI_printfi                  
00000cbb  __aeabi_idiv0                 
00000cbb  __aeabi_ldiv0                 
00000cbd  pow                           
00000cbd  powl                          
00001000  __STACK_SIZE                  
00001000  __SYSMEM_SIZE                 
0000167d  lcd_reverseNibble             
000016b9  lcd_init                      
00001779  lcd_putc                      
000017b1  lcd_puts                      
000017cf  lcd_sendCommand               
0000180d  lcd_sendNibble                
00001851  lcd_gotoLine                  
00001879  lcd_setCursorPos              
000018b7  lcd_printf                    
00001c15  timer_init                    
00001c8d  timer_stop                    
00001cb7  timer_pause                   
00001cc9  timer_resume                  
00001cdb  timer_getMillis               
00001d33  timer_getMicros               
00001d8d  timer_waitMicros              
00001dbf  timer_waitMillis              
0000202d  __aeabi_dsub                  
00002037  __aeabi_dadd                  
000021e5  servo_init                    
00002269  servo_move                    
00002379  sqrt                          
00002379  sqrtl                         
0000260d  __aeabi_ddiv                  
00002869  ldexp                         
00002869  ldexpl                        
00002869  scalbn                        
00002869  scalbnl                       
00002979  __aeabi_dmul                  
00002b27  __aeabi_memcpy                
00002b27  __aeabi_memcpy4               
00002b27  __aeabi_memcpy8               
00002b27  memcpy                        
00002bc3  __aeabi_uldivmod              
00002c59  __aeabi_cdcmpeq               
00002c59  __aeabi_cdcmple               
00002cdf  __aeabi_cdrcmple              
00002d65  __aeabi_memclr                
00002d65  __aeabi_memclr4               
00002d65  __aeabi_memclr8               
00002d67  __aeabi_memset                
00002d67  __aeabi_memset4               
00002d67  __aeabi_memset8               
00002d6d  memset                        
00002e4d  __TI_decompress_lzss          
00002eb5  frexp                         
00002eb5  frexpl                        
00002f19  resetSimulationBoard          
00002f79  main                          
00003027  __TI_ltoa                     
000030cd  atoi                          
00003119  __aeabi_d2iz                  
00003161  __TI_auto_init_nobinit_nopinit
000031a5  vsnprintf                     
00003223  __aeabi_f2d                   
0000325d  IntRegister                   
00003291  _c_int00_noargs               
000032f5  __aeabi_i2d                   
00003323  __TI_zero_init_nomemset       
0000333f  memccpy                       
0000335b  copysign                      
0000335b  copysignl                     
0000338d  strcmp                        
000033a5  strchr                        
000033bb  strcpy                        
000033cf  strlen                        
000033e3  wcslen                        
000033f5  lcd_clear                     
00003405  __TI_decompress_none          
00003413  ResetISR                      
00003421  __aeabi_errno_addr            
00003429  _system_pre_init              
0000342d  C$$EXIT                       
0000342d  abort                         
00003430  _ctypes_                      
00003570  __TI_Handler_Table_Base       
0000357c  __TI_Handler_Table_Limit      
00003598  __TI_CINIT_Base               
000035b0  __TI_CINIT_Limit              
20000000  __start___llvm_prf_cnts       
20000000  __stop___llvm_prf_cnts        
20000000  g_pfnRAMVectors               
20000270  __stack                       
20000470  __STACK_TOP                   
20001270  __STACK_END                   
20001270  _sys_memory                   
200022c4  _timeout_ticks                
200022c8  errno                         
200022cc  _running                      
ffffffff  __TI_pprof_out_hndl           
ffffffff  __TI_prof_data_size           
ffffffff  __TI_prof_data_start          
ffffffff  __binit__                     
ffffffff  __c_args__                    
ffffffff  binit                         
UNDEFED   __mpu_init                    
UNDEFED   _system_post_cinit            

[106 symbols]
