******************************************************************************
                  TI ARM Linker PC v20.2.1                     
******************************************************************************
>> Linked Thu Mar  4 12:09:19 2021

OUTPUT FILE NAME:   <Labfour.out>
ENTRY POINT SYMBOL: "_c_int00_noargs"  address: 00004a51


MEMORY CONFIGURATION

         name            origin    length      used     unused   attr    fill
----------------------  --------  ---------  --------  --------  ----  --------
  FLASH                 00000000   00040000  00004f18  0003b0e8  R  X
  SRAM                  20000000   00008000  000026f7  00005909  RW X


SEGMENT ALLOCATION MAP

run origin  load origin   length   init length attrs members
----------  ----------- ---------- ----------- ----- -------
00000000    00000000    00004f18   00004f18    r-x
  00000000    00000000    0000026c   0000026c    r-- .intvecs
  0000026c    0000026c    00004aec   00004aec    r-x .text
  00004d58    00004d58    00000118   00000118    r-- .const
  00004e70    00004e70    000000a8   000000a8    r-- .cinit
20000000    20000000    000026fe   00000000    rw-
  20000000    20000000    0000026c   00000000    rw- .vtable
  20000270    20000270    00001000   00000000    rw- .stack
  20001270    20001270    00001000   00000000    rw- .sysmem
  20002270    20002270    0000027d   00000000    rw- .bss
  200024f0    200024f0    0000020e   00000000    rw- .data


SECTION ALLOCATION MAP

 output                                  attributes/
section   page    origin      length       input sections
--------  ----  ----------  ----------   ----------------
.intvecs   0    00000000    0000026c     
                  00000000    0000026c     tm4c123gh6pm_startup_ccs.obj (.intvecs)

.text      0    0000026c    00004aec     
                  0000026c    00000c20     open_interface.obj (.text)
                  00000e8c    00000a4e     rtsv7M4_T_le_v4SPD16_eabi.lib : _printfi.c.obj (.text:__TI_printfi)
                  000018da    00000002                                   : _lock.c.obj (.text:_nop)
                  000018dc    00000328     lcd.obj (.text)
                  00001c04    000002ac     lab4_template.obj (.text)
                  00001eb0    000002a0     movement.obj (.text)
                  00002150    00000270     rtsv7M4_T_le_v4SPD16_eabi.lib : _printfi.c.obj (.text:_pconv_a)
                  000023c0    00000248     Timer.obj (.text)
                  00002608    000001ec     libcybotFindObjects.lib : ping.obj (.text)
                  000027f4    000001d0     rtsv7M4_T_le_v4SPD16_eabi.lib : _printfi.c.obj (.text:_pconv_g)
                  000029c4    000001b6                                   : fd_add_t2.asm.obj (.text)
                  00002b7a    00000002                                   : div0.asm.obj (.text)
                  00002b7c    0000015c     libcybotUART.lib : uart.obj (.text)
                  00002cd8    00000158     libcybotFindObjects.lib : cyBot_FindObjects.obj (.text)
                  00002e30    0000013c     rtsv7M4_T_le_v4SPD16_eabi.lib : _printfi.c.obj (.text:_pconv_e)
                  00002f6c    00000136                                   : fd_div_t2.asm.obj (.text)
                  000030a2    00000002     --HOLE-- [fill = 0]
                  000030a4    00000124                                   : _printfi.c.obj (.text:fcvt)
                  000031c8    00000124     libcybotFindObjects.lib : servo.obj (.text)
                  000032ec    00000118                             : ir.obj (.text)
                  00003404    00000114     rtsv7M4_T_le_v4SPD16_eabi.lib : fputs.c.obj (.text:fputs)
                  00003518    00000110                                   : s_scalbn.c.obj (.text:scalbn)
                  00003628    00000108                                   : memory.c.obj (.text:aligned_alloc)
                  00003730    000000fc                                   : fd_mul_t2.asm.obj (.text)
                  0000382c    000000e4                                   : memory.c.obj (.text:free)
                  00003910    000000dc                                   : setvbuf.c.obj (.text:setvbuf)
                  000039ec    000000b1                                   : _printfi.c.obj (.text:_ltostr)
                  00003a9d    00000003     --HOLE-- [fill = 0]
                  00003aa0    0000009c     button.obj (.text)
                  00003b3c    0000009c     rtsv7M4_T_le_v4SPD16_eabi.lib : memcpy_t2.asm.obj (.text)
                  00003bd8    00000096                                   : ull_div_t2.asm.obj (.text)
                  00003c6e    00000002     --HOLE-- [fill = 0]
                  00003c70    0000008c                                   : fputc.c.obj (.text:fputc)
                  00003cfc    00000086                                   : fd_cmp_t2.asm.obj (.text:__aeabi_cdcmple)
                  00003d82    00000086                                   : fd_cmp_t2.asm.obj (.text:__aeabi_cdrcmple)
                  00003e08    0000007a                                   : memset_t2.asm.obj (.text)
                  00003e82    00000002     --HOLE-- [fill = 0]
                  00003e84    00000074                                   : fclose.c.obj (.text:__TI_closefile)
                  00003ef8    00000070                                   : memory.c.obj (.text:split)
                  00003f68    0000006e                                   : _printfi.c.obj (.text:_mcpy)
                  00003fd6    0000006e                                   : fd_tos_t2.asm.obj (.text)
                  00004044    0000006c                                   : hostrename.c.obj (.text:HOSTrename)
                  000040b0    00000068                                   : hostlseek.c.obj (.text:HOSTlseek)
                  00004118    00000068                                   : copy_decompress_lzss.c.obj (.text:decompress:lzss:__TI_decompress_lzss)
                  00004180    00000068                                   : printf.c.obj (.text:printf)
                  000041e8    00000064                                   : s_frexp.c.obj (.text:frexp)
                  0000424c    00000064                                   : fseek.c.obj (.text:fseek)
                  000042b0    00000062                                   : _io_perm.c.obj (.text:__TI_wrt_ok)
                  00004312    00000002     --HOLE-- [fill = 0]
                  00004314    00000060                                   : hostopen.c.obj (.text:HOSTopen)
                  00004374    00000060     resetSimulation.obj (.text)
                  000043d4    0000005c     rtsv7M4_T_le_v4SPD16_eabi.lib : close.c.obj (.text:close)
                  00004430    00000058                                   : hostread.c.obj (.text:HOSTread)
                  00004488    00000058                                   : hostwrite.c.obj (.text:HOSTwrite)
                  000044e0    00000056                                   : _printfi.c.obj (.text:_pconv_f)
                  00004536    00000054                                   : _ltoa.c.obj (.text:__TI_ltoa)
                  0000458a    00000052                                   : _printfi.c.obj (.text:_ecpy)
                  000045dc    0000004c                                   : fflush.c.obj (.text:__TI_doflush)
                  00004628    0000004c                                   : atoi.c.obj (.text:atoi)
                  00004674    00000048                                   : exit.c.obj (.text:exit)
                  000046bc    00000048                                   : fd_toi_t2.asm.obj (.text)
                  00004704    00000044                                   : hostclose.c.obj (.text:HOSTclose)
                  00004748    00000044                                   : hostunlink.c.obj (.text:HOSTunlink)
                  0000478c    00000044                                   : autoinit.c.obj (.text:__TI_auto_init_nobinit_nopinit:__TI_auto_init_nobinit_nopinit)
                  000047d0    00000044                                   : getdevice.c.obj (.text:getdevice)
                  00004814    00000040                                   : sprintf.c.obj (.text:sprintf)
                  00004854    00000040                                   : vsnprintf.c.obj (.text:vsnprintf)
                  00004894    0000003e                                   : _printfi.c.obj (.text:_fcpy)
                  000048d2    00000002     --HOLE-- [fill = 0]
                  000048d4    00000038                                   : trgmsg.c.obj (.text:__TI_writemsg)
                  0000490c    00000038                                   : memory.c.obj (.text:calloc)
                  00004944    00000038                                   : fs_tod_t2.asm.obj (.text)
                  0000497c    00000036                                   : strncpy.c.obj (.text:strncpy)
                  000049b2    00000002     --HOLE-- [fill = 0]
                  000049b4    00000034     driverlib.lib : interrupt.obj (.text:IntRegister)
                  000049e8    00000034     rtsv7M4_T_le_v4SPD16_eabi.lib : fopen.c.obj (.text:__TI_cleanup)
                  00004a1c    00000034                                   : trgmsg.c.obj (.text:__TI_readmsg)
                  00004a50    00000034                                   : boot_cortex_m.c.obj (.text:_c_int00_noargs:_c_int00_noargs)
                  00004a84    00000030                                   : vsnprintf.c.obj (.text:_outs)
                  00004ab4    00000030                                   : getdevice.c.obj (.text:finddevice)
                  00004ae4    0000002e                                   : i_tofd_t2.asm.obj (.text)
                  00004b12    00000002     --HOLE-- [fill = 0]
                  00004b14    0000002c                                   : unlink.c.obj (.text:unlink)
                  00004b40    00000028                                   : memory.c.obj (.text:free_list_insert)
                  00004b68    00000028                                   : lseek.c.obj (.text:lseek)
                  00004b90    00000028                                   : write.c.obj (.text:write)
                  00004bb8    00000020                                   : memchr.c.obj (.text:memchr)
                  00004bd8    0000001c                                   : memory.c.obj (.text:free_list_remove)
                  00004bf4    0000001c                                   : memccpy.c.obj (.text:memccpy)
                  00004c10    0000001a                                   : s_copysign.c.obj (.text:copysign)
                  00004c2a    00000018                                   : vsnprintf.c.obj (.text:_outc)
                  00004c42    00000018                                   : sprintf.c.obj (.text:_outs)
                  00004c5a    00000018     open_interface.obj (.text:oi_parseInt)
                  00004c72    00000018     rtsv7M4_T_le_v4SPD16_eabi.lib : strcmp.c.obj (.text:strcmp)
                  00004c8a    00000016                                   : strchr.c.obj (.text:strchr)
                  00004ca0    00000014                                   : strcpy.c.obj (.text:strcpy)
                  00004cb4    00000014                                   : strlen.c.obj (.text:strlen)
                  00004cc8    00000012                                   : wcslen.c.obj (.text:wcslen)
                  00004cda    00000010     driverlib.lib : interrupt.obj (.text:IntMasterEnable)
                  00004cea    00000010     lcd.obj (.text:lcd_clear)
                  00004cfa    0000000e     rtsv7M4_T_le_v4SPD16_eabi.lib : copy_decompress_none.c.obj (.text:decompress:none:__TI_decompress_none)
                  00004d08    0000000c     driverlib.lib : cpu.obj (.text:CPUcpsie)
                  00004d14    0000000c     rtsv7M4_T_le_v4SPD16_eabi.lib : copy_zero_init.c.obj (.text:decompress:ZI:__TI_zero_init)
                  00004d20    0000000c     tm4c123gh6pm_startup_ccs.obj (.text)
                  00004d2c    0000000a     rtsv7M4_T_le_v4SPD16_eabi.lib : sprintf.c.obj (.text:_outc)
                  00004d36    00000002     --HOLE-- [fill = 0]
                  00004d38    00000008                                   : errno.c.obj (.text:__aeabi_errno_addr)
                  00004d40    00000008                                   : memory.c.obj (.text:malloc)
                  00004d48    00000004                                   : printf.c.obj (.text:_outc)
                  00004d4c    00000004                                   : printf.c.obj (.text:_outs)
                  00004d50    00000004                                   : pre_init.c.obj (.text:_system_pre_init)
                  00004d54    00000004                                   : exit.c.obj (.text:abort:abort)

.const     0    00004d58    00000118     
                  00004d58    00000101     rtsv7M4_T_le_v4SPD16_eabi.lib : ctype.c.obj (.const:.string:_ctypes_)
                  00004e59    0000000f     open_interface.obj (.const:.string:$P$T0$3)
                  00004e68    00000004     lcd.obj (.const:.string:lineAddress$1)
                  00004e6c    00000004     lcd.obj (.const:.string:lineAddresses$2)

.cinit     0    00004e70    000000a8     
                  00004e70    00000071     (.cinit..data.load) [load image, compression = lzss]
                  00004ee1    00000003     --HOLE-- [fill = 0]
                  00004ee4    0000000c     (__TI_handler_table)
                  00004ef0    00000008     (.cinit..bss.load) [load image, compression = zero_init]
                  00004ef8    00000008     (.cinit..vtable.load) [load image, compression = zero_init]
                  00004f00    00000018     (__TI_cinit_table)

.init_array 
*          0    00000000    00000000     UNINITIALIZED

.vtable    0    20000000    0000026c     UNINITIALIZED
                  20000000    0000026c     driverlib.lib : interrupt.obj (.vtable)

.stack     0    20000270    00001000     UNINITIALIZED
                  20000270    00000004     rtsv7M4_T_le_v4SPD16_eabi.lib : boot_cortex_m.c.obj (.stack)
                  20000274    00000ffc     --HOLE--

.sysmem    0    20001270    00001000     UNINITIALIZED
                  20001270    00000010     rtsv7M4_T_le_v4SPD16_eabi.lib : memory.c.obj (.sysmem)
                  20001280    00000ff0     --HOLE--

.bss       0    20002270    0000027d     UNINITIALIZED
                  20002270    00000120     rtsv7M4_T_le_v4SPD16_eabi.lib : trgmsg.c.obj (.bss:_CIOBUF_)
                  20002390    000000a0     (.common:__TI_tmpnams)
                  20002430    00000054     lcd.obj (.bss:lastbuffer$3)
                  20002484    00000034     (.common:isr_char_buffer)
                  200024b8    00000018     open_interface.obj (.bss:firmware$2)
                  200024d0    00000008     (.common:parmbuf)
                  200024d8    00000004     (.common:_timeout_ticks)
                  200024dc    00000004     (.common:fallingEdge)
                  200024e0    00000004     (.common:isr_int_value)
                  200024e4    00000004     (.common:pulseLength)
                  200024e8    00000004     (.common:risingEdge)
                  200024ec    00000001     (.common:isRisingEdge)

.data      0    200024f0    0000020e     UNINITIALIZED
                  200024f0    000000f0     rtsv7M4_T_le_v4SPD16_eabi.lib : defs.c.obj (.data:_ftable)
                  200025e0    00000078                                   : host_device.c.obj (.data:_device)
                  20002658    00000050                                   : host_device.c.obj (.data:_stream)
                  200026a8    00000020     open_interface.obj (.data)
                  200026c8    00000010     rtsv7M4_T_le_v4SPD16_eabi.lib : defs.c.obj (.data)
                  200026d8    0000000c                                   : exit.c.obj (.data:$O1$$)
                  200026e4    00000008                                   : _lock.c.obj (.data:$O1$$)
                  200026ec    00000008                                   : memory.c.obj (.data:$O1$$)
                  200026f4    00000004     libcybotUART.lib : uart.obj (.data)
                  200026f8    00000004     rtsv7M4_T_le_v4SPD16_eabi.lib : errno.c.obj (.data)
                  200026fc    00000001     Timer.obj (.data)
                  200026fd    00000001     button.obj (.data)

__llvm_prf_cnts 
*          0    20000000    00000000     UNINITIALIZED

MODULE SUMMARY

       Module                         code    ro data   rw data
       ------                         ----    -------   -------
    .\
       open_interface.obj             3128    15        56     
       lcd.obj                        824     8         84     
       lab4_template.obj              684     0         0      
       movement.obj                   672     0         0      
       tm4c123gh6pm_startup_ccs.obj   12      620       0      
       Timer.obj                      584     0         5      
       button.obj                     156     0         1      
       resetSimulation.obj            96      0         0      
    +--+------------------------------+-------+---------+---------+
       Total:                         6156    643       146    
                                                               
    ../libcybotFindObjects.lib
       ping.obj                       492     0         13     
       cyBot_FindObjects.obj          344     0         0      
       servo.obj                      292     0         0      
       ir.obj                         280     0         4      
    +--+------------------------------+-------+---------+---------+
       Total:                         1408    0         17     
                                                               
    ../libcybotUART.lib
       uart.obj                       348     0         56     
    +--+------------------------------+-------+---------+---------+
       Total:                         348     0         56     
                                                               
    C:/ti/TivaWare_C_Series-2.1.4.178/driverlib/ccs/Debug/driverlib.lib
       interrupt.obj                  68      0         620    
       cpu.obj                        12      0         0      
    +--+------------------------------+-------+---------+---------+
       Total:                         80      0         620    
                                                               
    C:\ti\ccs1010\ccs\tools\compiler\ti-cgt-arm_20.2.1.LTS\lib\rtsv7M4_T_le_v4SPD16_eabi.lib
       _printfi.c.obj                 4851    0         0      
       memory.c.obj                   736     0         8      
       fd_add_t2.asm.obj              438     0         0      
       defs.c.obj                     0       0         416    
       trgmsg.c.obj                   108     0         288    
       fd_div_t2.asm.obj              310     0         0      
       fputs.c.obj                    276     0         0      
       s_scalbn.c.obj                 272     0         0      
       fd_cmp_t2.asm.obj              268     0         0      
       ctype.c.obj                    0       257       0      
       fd_mul_t2.asm.obj              252     0         0      
       setvbuf.c.obj                  220     0         0      
       host_device.c.obj              0       0         200    
       memcpy_t2.asm.obj              156     0         0      
       ull_div_t2.asm.obj             150     0         0      
       fputc.c.obj                    140     0         0      
       vsnprintf.c.obj                136     0         0      
       memset_t2.asm.obj              122     0         0      
       fclose.c.obj                   116     0         0      
       getdevice.c.obj                116     0         0      
       printf.c.obj                   112     0         0      
       fd_tos_t2.asm.obj              110     0         0      
       hostrename.c.obj               108     0         0      
       copy_decompress_lzss.c.obj     104     0         0      
       hostlseek.c.obj                104     0         0      
       hostopen.c.obj                 96      0         8      
       fseek.c.obj                    100     0         0      
       s_frexp.c.obj                  100     0         0      
       _io_perm.c.obj                 98      0         0      
       sprintf.c.obj                  98      0         0      
       close.c.obj                    92      0         0      
       exit.c.obj                     76      0         12     
       hostread.c.obj                 88      0         0      
       hostwrite.c.obj                88      0         0      
       _ltoa.c.obj                    84      0         0      
       atoi.c.obj                     76      0         0      
       fflush.c.obj                   76      0         0      
       fd_toi_t2.asm.obj              72      0         0      
       autoinit.c.obj                 68      0         0      
       hostclose.c.obj                68      0         0      
       hostunlink.c.obj               68      0         0      
       fs_tod_t2.asm.obj              56      0         0      
       strncpy.c.obj                  54      0         0      
       boot_cortex_m.c.obj            52      0         0      
       fopen.c.obj                    52      0         0      
       i_tofd_t2.asm.obj              46      0         0      
       unlink.c.obj                   44      0         0      
       lseek.c.obj                    40      0         0      
       write.c.obj                    40      0         0      
       memchr.c.obj                   32      0         0      
       memccpy.c.obj                  28      0         0      
       s_copysign.c.obj               26      0         0      
       strcmp.c.obj                   24      0         0      
       strchr.c.obj                   22      0         0      
       strcpy.c.obj                   20      0         0      
       strlen.c.obj                   20      0         0      
       wcslen.c.obj                   18      0         0      
       copy_decompress_none.c.obj     14      0         0      
       copy_zero_init.c.obj           12      0         0      
       errno.c.obj                    8       0         4      
       _lock.c.obj                    2       0         8      
       pre_init.c.obj                 4       0         0      
       div0.asm.obj                   2       0         0      
    +--+------------------------------+-------+---------+---------+
       Total:                         11169   257       944    
                                                               
       Heap:                          0       0         4096   
       Stack:                         0       0         4096   
       Linker Generated:              0       165       0      
    +--+------------------------------+-------+---------+---------+
       Grand Total:                   19161   1065      9975   


LINKER GENERATED COPY TABLES

__TI_cinit_table @ 00004f00 records: 3, size/record: 8, table size: 24
	.data: load addr=00004e70, load size=00000071 bytes, run addr=200024f0, run size=0000020e bytes, compression=lzss
	.bss: load addr=00004ef0, load size=00000008 bytes, run addr=20002270, run size=0000027d bytes, compression=zero_init
	.vtable: load addr=00004ef8, load size=00000008 bytes, run addr=20000000, run size=0000026c bytes, compression=zero_init


LINKER GENERATED HANDLER TABLE

__TI_handler_table @ 00004ee4 records: 3, size/record: 4, table size: 12
	index: 0, handler: __TI_zero_init
	index: 1, handler: __TI_decompress_lzss
	index: 2, handler: __TI_decompress_none


GLOBAL SYMBOLS: SORTED ALPHABETICALLY BY Name 

address   name                           
-------   ----                           
00003385  ADC0SS0_Handler                
00004d55  C$$EXIT                        
00004903  C$$IO$$                        
00004d09  CPUcpsie                       
00000bc3  GPIOF_Handler                  
00004705  HOSTclose                      
000040b1  HOSTlseek                      
00004315  HOSTopen                       
00004431  HOSTread                       
00004045  HOSTrename                     
00004749  HOSTunlink                     
00004489  HOSTwrite                      
00004cdb  IntMasterEnable                
000049b5  IntRegister                    
00004d21  ResetISR                       
000026f9  TIMER3B_Handler                
20002270  __CIOBUF_                      
20001270  __STACK_END                    
00001000  __STACK_SIZE                   
20000470  __STACK_TOP                    
00001000  __SYSMEM_SIZE                  
00004f00  __TI_CINIT_Base                
00004f18  __TI_CINIT_Limit               
00004ee4  __TI_Handler_Table_Base        
00004ef0  __TI_Handler_Table_Limit       
0000478d  __TI_auto_init_nobinit_nopinit 
000049e9  __TI_cleanup                   
200026d8  __TI_cleanup_ptr               
00003e85  __TI_closefile                 
00004119  __TI_decompress_lzss           
00004cfb  __TI_decompress_none           
000045dd  __TI_doflush                   
200026dc  __TI_dtors_ptr                 
200026e0  __TI_enable_exit_profile_output
200026c8  __TI_ft_end                    
00004537  __TI_ltoa                      
ffffffff  __TI_pprof_out_hndl            
00000e8d  __TI_printfi                   
ffffffff  __TI_prof_data_size            
ffffffff  __TI_prof_data_start           
00004a1d  __TI_readmsg                   
00000000  __TI_static_base__             
20002390  __TI_tmpnams                   
000048d5  __TI_writemsg                  
000042b1  __TI_wrt_ok                    
00004d15  __TI_zero_init                 
00003cfd  __aeabi_cdcmpeq                
00003cfd  __aeabi_cdcmple                
00003d83  __aeabi_cdrcmple               
00003fd7  __aeabi_d2f                    
000046bd  __aeabi_d2iz                   
000029cf  __aeabi_dadd                   
00002f6d  __aeabi_ddiv                   
00003731  __aeabi_dmul                   
000029c5  __aeabi_dsub                   
00004d39  __aeabi_errno_addr             
00004945  __aeabi_f2d                    
00004ae5  __aeabi_i2d                    
00002b7b  __aeabi_idiv0                  
00002b7b  __aeabi_ldiv0                  
00003e09  __aeabi_memclr                 
00003e09  __aeabi_memclr4                
00003e09  __aeabi_memclr8                
00003b3d  __aeabi_memcpy                 
00003b3d  __aeabi_memcpy4                
00003b3d  __aeabi_memcpy8                
00003e0b  __aeabi_memset                 
00003e0b  __aeabi_memset4                
00003e0b  __aeabi_memset8                
200026d4  __aeabi_stderr                 
200026cc  __aeabi_stdin                  
200026d0  __aeabi_stdout                 
00003bd9  __aeabi_uldivmod               
ffffffff  __binit__                      
ffffffff  __c_args__                     
UNDEFED   __mpu_init                     
20000270  __stack                        
20000000  __start___llvm_prf_cnts        
20000000  __stop___llvm_prf_cnts         
00004a51  _c_int00_noargs                
00004d58  _ctypes_                       
200025e0  _device                        
200024f0  _ftable                        
200026e4  _lock                          
000018db  _nop                           
200026fc  _running                       
20002658  _stream                        
20001270  _sys_memory                    
UNDEFED   _system_post_cinit             
00004d51  _system_pre_init               
200024d8  _timeout_ticks                 
200026e8  _unlock                        
00004d55  abort                          
00003629  aligned_alloc                  
00004629  atoi                           
ffffffff  binit                          
00003ae1  button_getButton               
00003aa1  button_init                    
0000490d  calloc                         
000043d5  close                          
00004c11  copysign                       
00004c11  copysignl                      
00002def  cyBOT_Scan                     
00002ddf  cyBOT_init_Scan                
00002cd9  cyBot_FindObjects              
00002c85  cyBot_UART1_Handler            
00002c6b  cyBot_getByte                  
00002b7d  cyBot_sendByte                 
00002c4d  cyBot_uart_flush               
00002bbb  cyBot_uart_init                
00002ba3  cyBot_uart_sendBuffer          
00002b89  cyBot_uart_sendStr             
200026f8  errno                          
00004675  exit                           
200024dc  fallingEdge                    
00004ab5  finddevice                     
00001c55  findingObjects                 
00003c71  fputc                          
00003405  fputs                          
0000382d  free                           
000041e9  frexp                          
000041e9  frexpl                         
0000424d  fseek                          
20000000  g_pfnRAMVectors                
00000000  g_pfnVectors                   
000047d1  getdevice                      
0000097f  go_charge                      
0000339b  ir_enableInterrupt             
0000337d  ir_getDistance                 
00003355  ir_getValue                    
000032ed  ir_init                        
200024ec  isRisingEdge                   
20002484  isr_char_buffer                
200026f4  isr_counter                    
200024e0  isr_int_value                  
00004ceb  lcd_clear                      
00001ab1  lcd_gotoLine                   
00001919  lcd_init                       
00001b17  lcd_printf                     
000019d9  lcd_putc                       
00001a11  lcd_puts                       
000018dd  lcd_reverseNibble              
00001a2f  lcd_sendCommand                
00001a6d  lcd_sendNibble                 
00001ad9  lcd_setCursorPos               
00003519  ldexp                          
00003519  ldexpl                         
00004b69  lseek                          
00001c23  main                           
00004d41  malloc                         
00003629  memalign                       
00004bf5  memccpy                        
00004bb9  memchr                         
00003b3d  memcpy                         
00003e11  memset                         
200026a8  motor_cal_factor_L             
200026ac  motor_cal_factor_R             
00001faf  move_backward                  
00001eb1  move_forward                   
0000026d  oi_alloc                       
00000aa9  oi_checkFirmware               
000002c7  oi_close                       
00000279  oi_free                        
00000ded  oi_getMotorCalibrationLeft     
00000e01  oi_getMotorCalibrationRight    
000002b1  oi_init                        
00000289  oi_init_noupdate               
00000915  oi_loadSong                    
00004c5b  oi_parseInt                    
0000032b  oi_parsePacket                 
0000096b  oi_play_song                   
0000084b  oi_setLeds                     
00000db1  oi_setMotorCalibration         
0000088f  oi_setWheels                   
00000b51  oi_shutoff_init                
0000098d  oi_uartInit                    
00000a31  oi_uartReceive                 
00000a77  oi_uartSendBuff                
00000a15  oi_uartSendChar                
00000a59  oi_uartSendStr                 
000002d9  oi_update                      
200024d0  parmbuf                        
0000274b  ping_getDistance               
00002609  ping_init                      
0000268f  ping_trigger                   
00004181  printf                         
200024e4  pulseLength                    
00003c71  putc                           
00001c05  putty_puts                     
00004b15  remove                         
00004375  resetSimulationBoard           
200024e8  risingEdge                     
00003519  scalbn                         
00003519  scalbnl                        
000031c9  servo_init                     
0000324d  servo_move                     
00003297  servo_setPWM                   
00003241  servo_stop                     
00003911  setvbuf                        
00004815  sprintf                        
00004c8b  strchr                         
00004c73  strcmp                         
00004ca1  strcpy                         
00004cb5  strlen                         
0000497d  strncpy                        
000024df  timer_getMicros                
00002487  timer_getMillis                
000023c1  timer_init                     
00002463  timer_pause                    
00002475  timer_resume                   
00002439  timer_stop                     
00002539  timer_waitMicros               
0000256b  timer_waitMillis               
0000209d  turn_left                      
0000202b  turn_right                     
00004b15  unlink                         
00004855  vsnprintf                      
00004cc9  wcslen                         
00004b91  write                          


GLOBAL SYMBOLS: SORTED BY Symbol Address 

address   name                           
-------   ----                           
00000000  __TI_static_base__             
00000000  g_pfnVectors                   
0000026d  oi_alloc                       
00000279  oi_free                        
00000289  oi_init_noupdate               
000002b1  oi_init                        
000002c7  oi_close                       
000002d9  oi_update                      
0000032b  oi_parsePacket                 
0000084b  oi_setLeds                     
0000088f  oi_setWheels                   
00000915  oi_loadSong                    
0000096b  oi_play_song                   
0000097f  go_charge                      
0000098d  oi_uartInit                    
00000a15  oi_uartSendChar                
00000a31  oi_uartReceive                 
00000a59  oi_uartSendStr                 
00000a77  oi_uartSendBuff                
00000aa9  oi_checkFirmware               
00000b51  oi_shutoff_init                
00000bc3  GPIOF_Handler                  
00000db1  oi_setMotorCalibration         
00000ded  oi_getMotorCalibrationLeft     
00000e01  oi_getMotorCalibrationRight    
00000e8d  __TI_printfi                   
00001000  __STACK_SIZE                   
00001000  __SYSMEM_SIZE                  
000018db  _nop                           
000018dd  lcd_reverseNibble              
00001919  lcd_init                       
000019d9  lcd_putc                       
00001a11  lcd_puts                       
00001a2f  lcd_sendCommand                
00001a6d  lcd_sendNibble                 
00001ab1  lcd_gotoLine                   
00001ad9  lcd_setCursorPos               
00001b17  lcd_printf                     
00001c05  putty_puts                     
00001c23  main                           
00001c55  findingObjects                 
00001eb1  move_forward                   
00001faf  move_backward                  
0000202b  turn_right                     
0000209d  turn_left                      
000023c1  timer_init                     
00002439  timer_stop                     
00002463  timer_pause                    
00002475  timer_resume                   
00002487  timer_getMillis                
000024df  timer_getMicros                
00002539  timer_waitMicros               
0000256b  timer_waitMillis               
00002609  ping_init                      
0000268f  ping_trigger                   
000026f9  TIMER3B_Handler                
0000274b  ping_getDistance               
000029c5  __aeabi_dsub                   
000029cf  __aeabi_dadd                   
00002b7b  __aeabi_idiv0                  
00002b7b  __aeabi_ldiv0                  
00002b7d  cyBot_sendByte                 
00002b89  cyBot_uart_sendStr             
00002ba3  cyBot_uart_sendBuffer          
00002bbb  cyBot_uart_init                
00002c4d  cyBot_uart_flush               
00002c6b  cyBot_getByte                  
00002c85  cyBot_UART1_Handler            
00002cd9  cyBot_FindObjects              
00002ddf  cyBOT_init_Scan                
00002def  cyBOT_Scan                     
00002f6d  __aeabi_ddiv                   
000031c9  servo_init                     
00003241  servo_stop                     
0000324d  servo_move                     
00003297  servo_setPWM                   
000032ed  ir_init                        
00003355  ir_getValue                    
0000337d  ir_getDistance                 
00003385  ADC0SS0_Handler                
0000339b  ir_enableInterrupt             
00003405  fputs                          
00003519  ldexp                          
00003519  ldexpl                         
00003519  scalbn                         
00003519  scalbnl                        
00003629  aligned_alloc                  
00003629  memalign                       
00003731  __aeabi_dmul                   
0000382d  free                           
00003911  setvbuf                        
00003aa1  button_init                    
00003ae1  button_getButton               
00003b3d  __aeabi_memcpy                 
00003b3d  __aeabi_memcpy4                
00003b3d  __aeabi_memcpy8                
00003b3d  memcpy                         
00003bd9  __aeabi_uldivmod               
00003c71  fputc                          
00003c71  putc                           
00003cfd  __aeabi_cdcmpeq                
00003cfd  __aeabi_cdcmple                
00003d83  __aeabi_cdrcmple               
00003e09  __aeabi_memclr                 
00003e09  __aeabi_memclr4                
00003e09  __aeabi_memclr8                
00003e0b  __aeabi_memset                 
00003e0b  __aeabi_memset4                
00003e0b  __aeabi_memset8                
00003e11  memset                         
00003e85  __TI_closefile                 
00003fd7  __aeabi_d2f                    
00004045  HOSTrename                     
000040b1  HOSTlseek                      
00004119  __TI_decompress_lzss           
00004181  printf                         
000041e9  frexp                          
000041e9  frexpl                         
0000424d  fseek                          
000042b1  __TI_wrt_ok                    
00004315  HOSTopen                       
00004375  resetSimulationBoard           
000043d5  close                          
00004431  HOSTread                       
00004489  HOSTwrite                      
00004537  __TI_ltoa                      
000045dd  __TI_doflush                   
00004629  atoi                           
00004675  exit                           
000046bd  __aeabi_d2iz                   
00004705  HOSTclose                      
00004749  HOSTunlink                     
0000478d  __TI_auto_init_nobinit_nopinit 
000047d1  getdevice                      
00004815  sprintf                        
00004855  vsnprintf                      
000048d5  __TI_writemsg                  
00004903  C$$IO$$                        
0000490d  calloc                         
00004945  __aeabi_f2d                    
0000497d  strncpy                        
000049b5  IntRegister                    
000049e9  __TI_cleanup                   
00004a1d  __TI_readmsg                   
00004a51  _c_int00_noargs                
00004ab5  finddevice                     
00004ae5  __aeabi_i2d                    
00004b15  remove                         
00004b15  unlink                         
00004b69  lseek                          
00004b91  write                          
00004bb9  memchr                         
00004bf5  memccpy                        
00004c11  copysign                       
00004c11  copysignl                      
00004c5b  oi_parseInt                    
00004c73  strcmp                         
00004c8b  strchr                         
00004ca1  strcpy                         
00004cb5  strlen                         
00004cc9  wcslen                         
00004cdb  IntMasterEnable                
00004ceb  lcd_clear                      
00004cfb  __TI_decompress_none           
00004d09  CPUcpsie                       
00004d15  __TI_zero_init                 
00004d21  ResetISR                       
00004d39  __aeabi_errno_addr             
00004d41  malloc                         
00004d51  _system_pre_init               
00004d55  C$$EXIT                        
00004d55  abort                          
00004d58  _ctypes_                       
00004ee4  __TI_Handler_Table_Base        
00004ef0  __TI_Handler_Table_Limit       
00004f00  __TI_CINIT_Base                
00004f18  __TI_CINIT_Limit               
20000000  __start___llvm_prf_cnts        
20000000  __stop___llvm_prf_cnts         
20000000  g_pfnRAMVectors                
20000270  __stack                        
20000470  __STACK_TOP                    
20001270  __STACK_END                    
20001270  _sys_memory                    
20002270  __CIOBUF_                      
20002390  __TI_tmpnams                   
20002484  isr_char_buffer                
200024d0  parmbuf                        
200024d8  _timeout_ticks                 
200024dc  fallingEdge                    
200024e0  isr_int_value                  
200024e4  pulseLength                    
200024e8  risingEdge                     
200024ec  isRisingEdge                   
200024f0  _ftable                        
200025e0  _device                        
20002658  _stream                        
200026a8  motor_cal_factor_L             
200026ac  motor_cal_factor_R             
200026c8  __TI_ft_end                    
200026cc  __aeabi_stdin                  
200026d0  __aeabi_stdout                 
200026d4  __aeabi_stderr                 
200026d8  __TI_cleanup_ptr               
200026dc  __TI_dtors_ptr                 
200026e0  __TI_enable_exit_profile_output
200026e4  _lock                          
200026e8  _unlock                        
200026f4  isr_counter                    
200026f8  errno                          
200026fc  _running                       
ffffffff  __TI_pprof_out_hndl            
ffffffff  __TI_prof_data_size            
ffffffff  __TI_prof_data_start           
ffffffff  __binit__                      
ffffffff  __c_args__                     
ffffffff  binit                          
UNDEFED   __mpu_init                     
UNDEFED   _system_post_cinit             

[219 symbols]
