******************************************************************************
                  TI ARM Linker PC v20.2.1                     
******************************************************************************
>> Linked Thu Apr 29 19:17:11 2021

OUTPUT FILE NAME:   <Project.out>
ENTRY POINT SYMBOL: "_c_int00_noargs"  address: 00003ffd


MEMORY CONFIGURATION

         name            origin    length      used     unused   attr    fill
----------------------  --------  ---------  --------  --------  ----  --------
  FLASH                 00000000   00040000  000043bc  0003bc44  R  X
  SRAM                  20000000   00008000  0000233c  00005cc4  RW X


SEGMENT ALLOCATION MAP

run origin  load origin   length   init length attrs members
----------  ----------- ---------- ----------- ----- -------
00000000    00000000    000043c0   000043c0    r-x
  00000000    00000000    0000026c   0000026c    r-- .intvecs
  0000026c    0000026c    00003fd0   00003fd0    r-x .text
  0000423c    0000423c    00000118   00000118    r-- .const
  00004358    00004358    00000068   00000068    r-- .cinit
20000000    20000000    00002340   00000000    rw-
  20000000    20000000    0000026c   00000000    rw- .vtable
  20000270    20000270    00001000   00000000    rw- .stack
  20001270    20001270    00001000   00000000    rw- .sysmem
  20002270    20002270    00000070   00000000    rw- .bss
  200022e0    200022e0    00000060   00000000    rw- .data


SECTION ALLOCATION MAP

 output                                  attributes/
section   page    origin      length       input sections
--------  ----  ----------  ----------   ----------------
.intvecs   0    00000000    0000026c     
                  00000000    0000026c     tm4c123gh6pm_startup_ccs.obj (.intvecs)

.text      0    0000026c    00003fd0     
                  0000026c    00000c20     open_interface.obj (.text)
                  00000e8c    00000a4e     rtsv7M4_T_le_v4SPD16_eabi.lib : _printfi.c.obj (.text:__TI_printfi)
                  000018da    00000002                                   : _lock.c.obj (.text:_nop)
                  000018dc    00000658     movement.obj (.text)
                  00001f34    00000328     lcd.obj (.text)
                  0000225c    000002b8     ping_template.obj (.text)
                  00002514    00000270     rtsv7M4_T_le_v4SPD16_eabi.lib : _printfi.c.obj (.text:_pconv_a)
                  00002784    00000248     Timer.obj (.text)
                  000029cc    000001d0     rtsv7M4_T_le_v4SPD16_eabi.lib : _printfi.c.obj (.text:_pconv_g)
                  00002b9c    000001b6                                   : fd_add_t2.asm.obj (.text)
                  00002d52    00000002                                   : div0.asm.obj (.text)
                  00002d54    0000013c                                   : _printfi.c.obj (.text:_pconv_e)
                  00002e90    00000136                                   : fd_div_t2.asm.obj (.text)
                  00002fc6    00000002     --HOLE-- [fill = 0]
                  00002fc8    00000124                                   : _printfi.c.obj (.text:fcvt)
                  000030ec    00000124     servo.obj (.text)
                  00003210    00000118     project.obj (.text)
                  00003328    00000110     rtsv7M4_T_le_v4SPD16_eabi.lib : s_scalbn.c.obj (.text:scalbn)
                  00003438    00000108                                   : memory.c.obj (.text:aligned_alloc)
                  00003540    000000fc                                   : fd_mul_t2.asm.obj (.text)
                  0000363c    000000e4                                   : memory.c.obj (.text:free)
                  00003720    000000b1                                   : _printfi.c.obj (.text:_ltostr)
                  000037d1    00000001     --HOLE-- [fill = 0]
                  000037d2    0000009c                                   : memcpy_t2.asm.obj (.text)
                  0000386e    00000096                                   : ull_div_t2.asm.obj (.text)
                  00003904    00000086                                   : fd_cmp_t2.asm.obj (.text:__aeabi_cdcmple)
                  0000398a    00000086                                   : fd_cmp_t2.asm.obj (.text:__aeabi_cdrcmple)
                  00003a10    0000007a                                   : memset_t2.asm.obj (.text)
                  00003a8a    00000002     --HOLE-- [fill = 0]
                  00003a8c    00000070                                   : memory.c.obj (.text:split)
                  00003afc    0000006e                                   : _printfi.c.obj (.text:_mcpy)
                  00003b6a    0000006e                                   : fd_tos_t2.asm.obj (.text)
                  00003bd8    00000068                                   : copy_decompress_lzss.c.obj (.text:decompress:lzss:__TI_decompress_lzss)
                  00003c40    00000064                                   : s_frexp.c.obj (.text:frexp)
                  00003ca4    00000060     resetSimulation.obj (.text)
                  00003d04    00000056     rtsv7M4_T_le_v4SPD16_eabi.lib : _printfi.c.obj (.text:_pconv_f)
                  00003d5a    00000054                                   : _ltoa.c.obj (.text:__TI_ltoa)
                  00003dae    00000052                                   : _printfi.c.obj (.text:_ecpy)
                  00003e00    0000004c                                   : atoi.c.obj (.text:atoi)
                  00003e4c    00000048                                   : fd_toi_t2.asm.obj (.text)
                  00003e94    00000044                                   : autoinit.c.obj (.text:__TI_auto_init_nobinit_nopinit:__TI_auto_init_nobinit_nopinit)
                  00003ed8    00000040                                   : vsnprintf.c.obj (.text:vsnprintf)
                  00003f18    0000003e                                   : _printfi.c.obj (.text:_fcpy)
                  00003f56    00000002     --HOLE-- [fill = 0]
                  00003f58    00000038                                   : memory.c.obj (.text:calloc)
                  00003f90    00000038                                   : fs_tod_t2.asm.obj (.text)
                  00003fc8    00000034     driverlib.lib : interrupt.obj (.text:IntRegister)
                  00003ffc    00000034     rtsv7M4_T_le_v4SPD16_eabi.lib : boot_cortex_m.c.obj (.text:_c_int00_noargs:_c_int00_noargs)
                  00004030    00000030                                   : vsnprintf.c.obj (.text:_outs)
                  00004060    0000002e                                   : i_tofd_t2.asm.obj (.text)
                  0000408e    00000002     --HOLE-- [fill = 0]
                  00004090    00000028                                   : memory.c.obj (.text:free_list_insert)
                  000040b8    00000020                                   : u_tofd_t2.asm.obj (.text)
                  000040d8    0000001c                                   : copy_zero_init.c.obj (.text:decompress:ZI:__TI_zero_init_nomemset:__TI_zero_init_nomemset)
                  000040f4    0000001c                                   : memory.c.obj (.text:free_list_remove)
                  00004110    0000001c                                   : memccpy.c.obj (.text:memccpy)
                  0000412c    0000001a                                   : s_copysign.c.obj (.text:copysign)
                  00004146    00000018                                   : vsnprintf.c.obj (.text:_outc)
                  0000415e    00000018     open_interface.obj (.text:oi_parseInt)
                  00004176    00000018     rtsv7M4_T_le_v4SPD16_eabi.lib : strcmp.c.obj (.text:strcmp)
                  0000418e    00000016                                   : strchr.c.obj (.text:strchr)
                  000041a4    00000014                                   : strcpy.c.obj (.text:strcpy)
                  000041b8    00000014                                   : strlen.c.obj (.text:strlen)
                  000041cc    00000012                                   : wcslen.c.obj (.text:wcslen)
                  000041de    00000010     driverlib.lib : interrupt.obj (.text:IntMasterEnable)
                  000041ee    00000010     lcd.obj (.text:lcd_clear)
                  000041fe    0000000e     rtsv7M4_T_le_v4SPD16_eabi.lib : copy_decompress_none.c.obj (.text:decompress:none:__TI_decompress_none)
                  0000420c    0000000c     driverlib.lib : cpu.obj (.text:CPUcpsie)
                  00004218    0000000c     tm4c123gh6pm_startup_ccs.obj (.text)
                  00004224    00000008     rtsv7M4_T_le_v4SPD16_eabi.lib : errno.c.obj (.text:__aeabi_errno_addr)
                  0000422c    00000008                                   : memory.c.obj (.text:malloc)
                  00004234    00000004                                   : pre_init.c.obj (.text:_system_pre_init)
                  00004238    00000004                                   : exit.c.obj (.text:abort:abort)

.const     0    0000423c    00000118     
                  0000423c    00000101     rtsv7M4_T_le_v4SPD16_eabi.lib : ctype.c.obj (.const:.string:_ctypes_)
                  0000433d    0000000f     open_interface.obj (.const:.string:$P$T0$3)
                  0000434c    00000004     lcd.obj (.const:.string:lineAddress$1)
                  00004350    00000004     lcd.obj (.const:.string:lineAddresses$2)

.cinit     0    00004358    00000068     
                  00004358    0000002f     (.cinit..data.load) [load image, compression = lzss]
                  00004387    00000001     --HOLE-- [fill = 0]
                  00004388    0000000c     (__TI_handler_table)
                  00004394    00000004     --HOLE-- [fill = 0]
                  00004398    00000008     (.cinit..bss.load) [load image, compression = zero_init]
                  000043a0    00000008     (.cinit..vtable.load) [load image, compression = zero_init]
                  000043a8    00000018     (__TI_cinit_table)

.init_array 
*          0    00000000    00000000     UNINITIALIZED

.vtable    0    20000000    0000026c     UNINITIALIZED
                  20000000    0000026c     driverlib.lib : interrupt.obj (.vtable)

.stack     0    20000270    00001000     UNINITIALIZED
                  20000270    00000004     rtsv7M4_T_le_v4SPD16_eabi.lib : boot_cortex_m.c.obj (.stack)
                  20000274    00000ffc     --HOLE--

.sysmem    0    20001270    00001000     UNINITIALIZED
                  20001270    00000010     rtsv7M4_T_le_v4SPD16_eabi.lib : memory.c.obj (.sysmem)
                  20001280    00000ff0     --HOLE--

.bss       0    20002270    00000070     UNINITIALIZED
                  20002270    00000054     lcd.obj (.bss:lastbuffer$3)
                  200022c4    00000018     open_interface.obj (.bss:firmware$2)
                  200022dc    00000004     (.common:_timeout_ticks)

.data      0    200022e0    00000060     UNINITIALIZED
                  200022e0    00000020     open_interface.obj (.data)
                  20002300    0000001c     project.obj (.data)
                  2000231c    0000000a     ping_template.obj (.data)
                  20002326    00000001     Timer.obj (.data)
                  20002327    00000001     --HOLE--
                  20002328    00000008     rtsv7M4_T_le_v4SPD16_eabi.lib : _lock.c.obj (.data:$O1$$)
                  20002330    00000008                                   : memory.c.obj (.data:$O1$$)
                  20002338    00000004     movement.obj (.data)
                  2000233c    00000004     rtsv7M4_T_le_v4SPD16_eabi.lib : errno.c.obj (.data)

__llvm_prf_cnts 
*          0    20000000    00000000     UNINITIALIZED

MODULE SUMMARY

       Module                         code    ro data   rw data
       ------                         ----    -------   -------
    .\
       open_interface.obj             3128    15        56     
       movement.obj                   1624    0         4      
       lcd.obj                        824     8         84     
       ping_template.obj              696     0         10     
       tm4c123gh6pm_startup_ccs.obj   12      620       0      
       Timer.obj                      584     0         5      
       project.obj                    280     0         28     
       servo.obj                      292     0         0      
       resetSimulation.obj            96      0         0      
    +--+------------------------------+-------+---------+---------+
       Total:                         7536    643       187    
                                                               
    C:/ti/TivaWare_C_Series-2.1.4.178/driverlib/ccs/Debug/driverlib.lib
       interrupt.obj                  68      0         620    
       cpu.obj                        12      0         0      
    +--+------------------------------+-------+---------+---------+
       Total:                         80      0         620    
                                                               
    C:\ti\ccs1010\ccs\tools\compiler\ti-cgt-arm_20.2.1.LTS\lib\rtsv7M4_T_le_v4SPD16_eabi.lib
       _printfi.c.obj                 4851    0         0      
       memory.c.obj                   736     0         8      
       fd_add_t2.asm.obj              438     0         0      
       fd_div_t2.asm.obj              310     0         0      
       s_scalbn.c.obj                 272     0         0      
       fd_cmp_t2.asm.obj              268     0         0      
       ctype.c.obj                    0       257       0      
       fd_mul_t2.asm.obj              252     0         0      
       memcpy_t2.asm.obj              156     0         0      
       ull_div_t2.asm.obj             150     0         0      
       vsnprintf.c.obj                136     0         0      
       memset_t2.asm.obj              122     0         0      
       fd_tos_t2.asm.obj              110     0         0      
       copy_decompress_lzss.c.obj     104     0         0      
       s_frexp.c.obj                  100     0         0      
       _ltoa.c.obj                    84      0         0      
       atoi.c.obj                     76      0         0      
       fd_toi_t2.asm.obj              72      0         0      
       autoinit.c.obj                 68      0         0      
       fs_tod_t2.asm.obj              56      0         0      
       boot_cortex_m.c.obj            52      0         0      
       i_tofd_t2.asm.obj              46      0         0      
       u_tofd_t2.asm.obj              32      0         0      
       copy_zero_init.c.obj           28      0         0      
       memccpy.c.obj                  28      0         0      
       s_copysign.c.obj               26      0         0      
       strcmp.c.obj                   24      0         0      
       strchr.c.obj                   22      0         0      
       strcpy.c.obj                   20      0         0      
       strlen.c.obj                   20      0         0      
       wcslen.c.obj                   18      0         0      
       copy_decompress_none.c.obj     14      0         0      
       errno.c.obj                    8       0         4      
       _lock.c.obj                    2       0         8      
       exit.c.obj                     4       0         0      
       pre_init.c.obj                 4       0         0      
       div0.asm.obj                   2       0         0      
    +--+------------------------------+-------+---------+---------+
       Total:                         8711    257       20     
                                                               
       Heap:                          0       0         4096   
       Stack:                         0       0         4096   
       Linker Generated:              0       99        0      
    +--+------------------------------+-------+---------+---------+
       Grand Total:                   16327   999       9019   


LINKER GENERATED COPY TABLES

__TI_cinit_table @ 000043a8 records: 3, size/record: 8, table size: 24
	.data: load addr=00004358, load size=0000002f bytes, run addr=200022e0, run size=00000060 bytes, compression=lzss
	.bss: load addr=00004398, load size=00000008 bytes, run addr=20002270, run size=00000070 bytes, compression=zero_init
	.vtable: load addr=000043a0, load size=00000008 bytes, run addr=20000000, run size=0000026c bytes, compression=zero_init


LINKER GENERATED HANDLER TABLE

__TI_handler_table @ 00004388 records: 3, size/record: 4, table size: 12
	index: 0, handler: __TI_zero_init
	index: 1, handler: __TI_decompress_lzss
	index: 2, handler: __TI_decompress_none


GLOBAL SYMBOLS: SORTED ALPHABETICALLY BY Name 

address   name                          
-------   ----                          
00004239  C$$EXIT                       
20002310  CAR_SPEED                     
20002314  CAR_VELOCITY                  
0000420d  CPUcpsie                      
20002320  END_TIME                      
00000bc3  GPIOF_Handler                 
000041df  IntMasterEnable               
00003fc9  IntRegister                   
20002308  MAX_SCAN_DISTANCE             
2000230c  PING_SENSOR_DELAY             
00004219  ResetISR                      
20002304  SCAN_END_ANGLE                
20002300  SCAN_START_ANGLE              
20002318  SPEEDLIMIT                    
2000231c  START_TIME                    
20002324  STATE                         
000023bb  TIMER3B_Handler               
20002338  TURN_ANGLE_CORRECTION         
20001270  __STACK_END                   
00001000  __STACK_SIZE                  
20000470  __STACK_TOP                   
00001000  __SYSMEM_SIZE                 
000043a8  __TI_CINIT_Base               
000043c0  __TI_CINIT_Limit              
00004388  __TI_Handler_Table_Base       
00004394  __TI_Handler_Table_Limit      
00003e95  __TI_auto_init_nobinit_nopinit
00003bd9  __TI_decompress_lzss          
000041ff  __TI_decompress_none          
00003d5b  __TI_ltoa                     
ffffffff  __TI_pprof_out_hndl           
00000e8d  __TI_printfi                  
ffffffff  __TI_prof_data_size           
ffffffff  __TI_prof_data_start          
00000000  __TI_static_base__            
000040d9  __TI_zero_init_nomemset       
00003905  __aeabi_cdcmpeq               
00003905  __aeabi_cdcmple               
0000398b  __aeabi_cdrcmple              
00003b6b  __aeabi_d2f                   
00003e4d  __aeabi_d2iz                  
00002ba7  __aeabi_dadd                  
00002e91  __aeabi_ddiv                  
00003541  __aeabi_dmul                  
00002b9d  __aeabi_dsub                  
00004225  __aeabi_errno_addr            
00003f91  __aeabi_f2d                   
00004061  __aeabi_i2d                   
00002d53  __aeabi_idiv0                 
00002d53  __aeabi_ldiv0                 
00003a11  __aeabi_memclr                
00003a11  __aeabi_memclr4               
00003a11  __aeabi_memclr8               
000037d3  __aeabi_memcpy                
000037d3  __aeabi_memcpy4               
000037d3  __aeabi_memcpy8               
00003a13  __aeabi_memset                
00003a13  __aeabi_memset4               
00003a13  __aeabi_memset8               
000040b9  __aeabi_ui2d                  
0000386f  __aeabi_uldivmod              
ffffffff  __binit__                     
ffffffff  __c_args__                    
UNDEFED   __mpu_init                    
20000270  __stack                       
20000000  __start___llvm_prf_cnts       
20000000  __stop___llvm_prf_cnts        
00003ffd  _c_int00_noargs               
0000423c  _ctypes_                      
20002328  _lock                         
000018db  _nop                          
20002326  _running                      
20001270  _sys_memory                   
UNDEFED   _system_post_cinit            
00004235  _system_pre_init              
200022dc  _timeout_ticks                
2000232c  _unlock                       
00004239  abort                         
00003439  aligned_alloc                 
00003e01  atoi                          
ffffffff  binit                         
00003f59  calloc                        
0000412d  copysign                      
0000412d  copysignl                     
2000233c  errno                         
0000363d  free                          
00003c41  frexp                         
00003c41  frexpl                        
20000000  g_pfnRAMVectors               
00000000  g_pfnVectors                  
0000097f  go_charge                     
000041ef  lcd_clear                     
00002109  lcd_gotoLine                  
00001f71  lcd_init                      
0000216f  lcd_printf                    
00002031  lcd_putc                      
00002069  lcd_puts                      
00001f35  lcd_reverseNibble             
00002087  lcd_sendCommand               
000020c5  lcd_sendNibble                
00002131  lcd_setCursorPos              
00003329  ldexp                         
00003329  ldexpl                        
000032a7  main                          
0000422d  malloc                        
00003439  memalign                      
00004111  memccpy                       
000037d3  memcpy                        
00003a19  memset                        
200022e0  motor_cal_factor_L            
200022e4  motor_cal_factor_R            
000018dd  move_backward                 
00001953  move_forward                  
00001b75  move_stopandscan              
0000026d  oi_alloc                      
00000aa9  oi_checkFirmware              
000002c7  oi_close                      
00000279  oi_free                       
00000ded  oi_getMotorCalibrationLeft    
00000e01  oi_getMotorCalibrationRight   
000002b1  oi_init                       
00000289  oi_init_noupdate              
00000915  oi_loadSong                   
0000415f  oi_parseInt                   
0000032b  oi_parsePacket                
0000096b  oi_play_song                  
0000084b  oi_setLeds                    
00000db1  oi_setMotorCalibration        
0000088f  oi_setWheels                  
00000b51  oi_shutoff_init               
0000098d  oi_uartInit                   
00000a31  oi_uartReceive                
00000a77  oi_uartSendBuff               
00000a15  oi_uartSendChar               
00000a59  oi_uartSendStr                
000002d9  oi_update                     
20002325  overflow                      
00001a3f  passive_forward               
000023fb  ping_getDistance              
0000225d  ping_init                     
0000233d  ping_trigger                  
00003ca5  resetSimulationBoard          
00003329  scalbn                        
00003329  scalbnl                       
00003211  scanObjects                   
000030ed  servo_init                    
00003181  servo_move                    
0000418f  strchr                        
00004177  strcmp                        
000041a5  strcpy                        
000041b9  strlen                        
000028a3  timer_getMicros               
0000284b  timer_getMillis               
00002785  timer_init                    
00002827  timer_pause                   
00002839  timer_resume                  
000027fd  timer_stop                    
000028fd  timer_waitMicros              
0000292f  timer_waitMillis              
00001e7d  turn_left                     
00001df7  turn_right                    
00003ed9  vsnprintf                     
000041cd  wcslen                        


GLOBAL SYMBOLS: SORTED BY Symbol Address 

address   name                          
-------   ----                          
00000000  __TI_static_base__            
00000000  g_pfnVectors                  
0000026d  oi_alloc                      
00000279  oi_free                       
00000289  oi_init_noupdate              
000002b1  oi_init                       
000002c7  oi_close                      
000002d9  oi_update                     
0000032b  oi_parsePacket                
0000084b  oi_setLeds                    
0000088f  oi_setWheels                  
00000915  oi_loadSong                   
0000096b  oi_play_song                  
0000097f  go_charge                     
0000098d  oi_uartInit                   
00000a15  oi_uartSendChar               
00000a31  oi_uartReceive                
00000a59  oi_uartSendStr                
00000a77  oi_uartSendBuff               
00000aa9  oi_checkFirmware              
00000b51  oi_shutoff_init               
00000bc3  GPIOF_Handler                 
00000db1  oi_setMotorCalibration        
00000ded  oi_getMotorCalibrationLeft    
00000e01  oi_getMotorCalibrationRight   
00000e8d  __TI_printfi                  
00001000  __STACK_SIZE                  
00001000  __SYSMEM_SIZE                 
000018db  _nop                          
000018dd  move_backward                 
00001953  move_forward                  
00001a3f  passive_forward               
00001b75  move_stopandscan              
00001df7  turn_right                    
00001e7d  turn_left                     
00001f35  lcd_reverseNibble             
00001f71  lcd_init                      
00002031  lcd_putc                      
00002069  lcd_puts                      
00002087  lcd_sendCommand               
000020c5  lcd_sendNibble                
00002109  lcd_gotoLine                  
00002131  lcd_setCursorPos              
0000216f  lcd_printf                    
0000225d  ping_init                     
0000233d  ping_trigger                  
000023bb  TIMER3B_Handler               
000023fb  ping_getDistance              
00002785  timer_init                    
000027fd  timer_stop                    
00002827  timer_pause                   
00002839  timer_resume                  
0000284b  timer_getMillis               
000028a3  timer_getMicros               
000028fd  timer_waitMicros              
0000292f  timer_waitMillis              
00002b9d  __aeabi_dsub                  
00002ba7  __aeabi_dadd                  
00002d53  __aeabi_idiv0                 
00002d53  __aeabi_ldiv0                 
00002e91  __aeabi_ddiv                  
000030ed  servo_init                    
00003181  servo_move                    
00003211  scanObjects                   
000032a7  main                          
00003329  ldexp                         
00003329  ldexpl                        
00003329  scalbn                        
00003329  scalbnl                       
00003439  aligned_alloc                 
00003439  memalign                      
00003541  __aeabi_dmul                  
0000363d  free                          
000037d3  __aeabi_memcpy                
000037d3  __aeabi_memcpy4               
000037d3  __aeabi_memcpy8               
000037d3  memcpy                        
0000386f  __aeabi_uldivmod              
00003905  __aeabi_cdcmpeq               
00003905  __aeabi_cdcmple               
0000398b  __aeabi_cdrcmple              
00003a11  __aeabi_memclr                
00003a11  __aeabi_memclr4               
00003a11  __aeabi_memclr8               
00003a13  __aeabi_memset                
00003a13  __aeabi_memset4               
00003a13  __aeabi_memset8               
00003a19  memset                        
00003b6b  __aeabi_d2f                   
00003bd9  __TI_decompress_lzss          
00003c41  frexp                         
00003c41  frexpl                        
00003ca5  resetSimulationBoard          
00003d5b  __TI_ltoa                     
00003e01  atoi                          
00003e4d  __aeabi_d2iz                  
00003e95  __TI_auto_init_nobinit_nopinit
00003ed9  vsnprintf                     
00003f59  calloc                        
00003f91  __aeabi_f2d                   
00003fc9  IntRegister                   
00003ffd  _c_int00_noargs               
00004061  __aeabi_i2d                   
000040b9  __aeabi_ui2d                  
000040d9  __TI_zero_init_nomemset       
00004111  memccpy                       
0000412d  copysign                      
0000412d  copysignl                     
0000415f  oi_parseInt                   
00004177  strcmp                        
0000418f  strchr                        
000041a5  strcpy                        
000041b9  strlen                        
000041cd  wcslen                        
000041df  IntMasterEnable               
000041ef  lcd_clear                     
000041ff  __TI_decompress_none          
0000420d  CPUcpsie                      
00004219  ResetISR                      
00004225  __aeabi_errno_addr            
0000422d  malloc                        
00004235  _system_pre_init              
00004239  C$$EXIT                       
00004239  abort                         
0000423c  _ctypes_                      
00004388  __TI_Handler_Table_Base       
00004394  __TI_Handler_Table_Limit      
000043a8  __TI_CINIT_Base               
000043c0  __TI_CINIT_Limit              
20000000  __start___llvm_prf_cnts       
20000000  __stop___llvm_prf_cnts        
20000000  g_pfnRAMVectors               
20000270  __stack                       
20000470  __STACK_TOP                   
20001270  __STACK_END                   
20001270  _sys_memory                   
200022dc  _timeout_ticks                
200022e0  motor_cal_factor_L            
200022e4  motor_cal_factor_R            
20002300  SCAN_START_ANGLE              
20002304  SCAN_END_ANGLE                
20002308  MAX_SCAN_DISTANCE             
2000230c  PING_SENSOR_DELAY             
20002310  CAR_SPEED                     
20002314  CAR_VELOCITY                  
20002318  SPEEDLIMIT                    
2000231c  START_TIME                    
20002320  END_TIME                      
20002324  STATE                         
20002325  overflow                      
20002326  _running                      
20002328  _lock                         
2000232c  _unlock                       
20002338  TURN_ANGLE_CORRECTION         
2000233c  errno                         
ffffffff  __TI_pprof_out_hndl           
ffffffff  __TI_prof_data_size           
ffffffff  __TI_prof_data_start          
ffffffff  __binit__                     
ffffffff  __c_args__                    
ffffffff  binit                         
UNDEFED   __mpu_init                    
UNDEFED   _system_post_cinit            

[163 symbols]
