******************************************************************************
                  TI ARM Linker PC v20.2.1                     
******************************************************************************
>> Linked Wed Mar  3 18:32:42 2021

OUTPUT FILE NAME:   <Lab5.out>
ENTRY POINT SYMBOL: "_c_int00_noargs"  address: 000022bd


MEMORY CONFIGURATION

         name            origin    length      used     unused   attr    fill
----------------------  --------  ---------  --------  --------  ----  --------
  FLASH                 00000000   00040000  00002555  0003daab  R  X
  SRAM                  20000000   00008000  00002278  00005d88  RW X


SEGMENT ALLOCATION MAP

run origin  load origin   length   init length attrs members
----------  ----------- ---------- ----------- ----- -------
00000000    00000000    00002558   00002558    r-x
  00000000    00000000    0000026c   0000026c    r-- .intvecs
  0000026c    0000026c    000021a8   000021a8    r-x .text
  00002414    00002414    00000101   00000101    r-- .const
  00002518    00002518    00000040   00000040    r-- .cinit
20000000    20000000    00002278   00000000    rw-
  20000000    20000000    0000026c   00000000    rw- .vtable
  2000026c    2000026c    00000004   00000000    rw- .data
  20000270    20000270    00001000   00000000    rw- .stack
  20001270    20001270    00001000   00000000    rw- .sysmem
  20002270    20002270    00000008   00000000    rw- .bss


SECTION ALLOCATION MAP

 output                                  attributes/
section   page    origin      length       input sections
--------  ----  ----------  ----------   ----------------
.intvecs   0    00000000    0000026c     
                  00000000    0000026c     tm4c123gh6pm_startup_ccs.obj (.intvecs)

.text      0    0000026c    000021a8     
                  0000026c    00000a4e     rtsv7M4_T_le_v4SPD16_eabi.lib : _printfi.c.obj (.text:__TI_printfi)
                  00000cba    00000002                                   : div0.asm.obj (.text)
                  00000cbc    00000270                                   : _printfi.c.obj (.text:_pconv_a)
                  00000f2c    000001ec     uart.obj (.text)
                  00001118    000001d0     rtsv7M4_T_le_v4SPD16_eabi.lib : _printfi.c.obj (.text:_pconv_g)
                  000012e8    000001b6                                   : fd_add_t2.asm.obj (.text)
                  0000149e    00000002     --HOLE-- [fill = 0]
                  000014a0    0000013c                                   : _printfi.c.obj (.text:_pconv_e)
                  000015dc    00000136                                   : fd_div_t2.asm.obj (.text)
                  00001712    00000002     --HOLE-- [fill = 0]
                  00001714    00000124                                   : _printfi.c.obj (.text:fcvt)
                  00001838    00000114     main.obj (.text)
                  0000194c    00000110     rtsv7M4_T_le_v4SPD16_eabi.lib : s_scalbn.c.obj (.text:scalbn)
                  00001a5c    000000fc                                   : fd_mul_t2.asm.obj (.text)
                  00001b58    000000b1                                   : _printfi.c.obj (.text:_ltostr)
                  00001c09    00000001     --HOLE-- [fill = 0]
                  00001c0a    0000009c                                   : memcpy_t2.asm.obj (.text)
                  00001ca6    00000096                                   : ull_div_t2.asm.obj (.text)
                  00001d3c    00000086                                   : fd_cmp_t2.asm.obj (.text:__aeabi_cdcmple)
                  00001dc2    00000086                                   : fd_cmp_t2.asm.obj (.text:__aeabi_cdrcmple)
                  00001e48    0000007a                                   : memset_t2.asm.obj (.text)
                  00001ec2    0000006e                                   : _printfi.c.obj (.text:_mcpy)
                  00001f30    00000068                                   : copy_decompress_lzss.c.obj (.text:decompress:lzss:__TI_decompress_lzss)
                  00001f98    00000064                                   : s_frexp.c.obj (.text:frexp)
                  00001ffc    00000056                                   : _printfi.c.obj (.text:_pconv_f)
                  00002052    00000054                                   : _ltoa.c.obj (.text:__TI_ltoa)
                  000020a6    00000052                                   : _printfi.c.obj (.text:_ecpy)
                  000020f8    0000004c                                   : atoi.c.obj (.text:atoi)
                  00002144    00000048                                   : fd_toi_t2.asm.obj (.text)
                  0000218c    00000044                                   : autoinit.c.obj (.text:__TI_auto_init_nobinit_nopinit:__TI_auto_init_nobinit_nopinit)
                  000021d0    00000040                                   : sprintf.c.obj (.text:sprintf)
                  00002210    0000003e                                   : _printfi.c.obj (.text:_fcpy)
                  0000224e    00000038                                   : fs_tod_t2.asm.obj (.text)
                  00002286    00000002     --HOLE-- [fill = 0]
                  00002288    00000034     driverlib.lib : interrupt.obj (.text:IntRegister)
                  000022bc    00000034     rtsv7M4_T_le_v4SPD16_eabi.lib : boot_cortex_m.c.obj (.text:_c_int00_noargs:_c_int00_noargs)
                  000022f0    0000002e                                   : i_tofd_t2.asm.obj (.text)
                  0000231e    0000001c                                   : copy_zero_init.c.obj (.text:decompress:ZI:__TI_zero_init_nomemset:__TI_zero_init_nomemset)
                  0000233a    0000001c                                   : memccpy.c.obj (.text:memccpy)
                  00002356    0000001a                                   : s_copysign.c.obj (.text:copysign)
                  00002370    00000018                                   : sprintf.c.obj (.text:_outs)
                  00002388    00000016                                   : strchr.c.obj (.text:strchr)
                  0000239e    00000014                                   : strlen.c.obj (.text:strlen)
                  000023b2    00000012                                   : wcslen.c.obj (.text:wcslen)
                  000023c4    00000010     driverlib.lib : interrupt.obj (.text:IntMasterEnable)
                  000023d4    0000000e     rtsv7M4_T_le_v4SPD16_eabi.lib : copy_decompress_none.c.obj (.text:decompress:none:__TI_decompress_none)
                  000023e2    0000000c     driverlib.lib : cpu.obj (.text:CPUcpsie)
                  000023ee    0000000c     tm4c123gh6pm_startup_ccs.obj (.text)
                  000023fa    0000000a     rtsv7M4_T_le_v4SPD16_eabi.lib : sprintf.c.obj (.text:_outc)
                  00002404    00000008                                   : errno.c.obj (.text:__aeabi_errno_addr)
                  0000240c    00000004                                   : pre_init.c.obj (.text:_system_pre_init)
                  00002410    00000004                                   : exit.c.obj (.text:abort:abort)

.const     0    00002414    00000101     
                  00002414    00000101     rtsv7M4_T_le_v4SPD16_eabi.lib : ctype.c.obj (.const:.string:_ctypes_)

.cinit     0    00002518    00000040     
                  00002518    0000000c     (__TI_handler_table)
                  00002524    00000004     --HOLE-- [fill = 0]
                  00002528    00000008     (.cinit..bss.load) [load image, compression = zero_init]
                  00002530    00000008     (.cinit..vtable.load) [load image, compression = zero_init]
                  00002538    00000007     (.cinit..data.load) [load image, compression = lzss]
                  0000253f    00000001     --HOLE-- [fill = 0]
                  00002540    00000018     (__TI_cinit_table)

.init_array 
*          0    00000000    00000000     UNINITIALIZED

.vtable    0    20000000    0000026c     UNINITIALIZED
                  20000000    0000026c     driverlib.lib : interrupt.obj (.vtable)

.data      0    2000026c    00000004     UNINITIALIZED
                  2000026c    00000004     rtsv7M4_T_le_v4SPD16_eabi.lib : errno.c.obj (.data)

.stack     0    20000270    00001000     UNINITIALIZED
                  20000270    00000004     rtsv7M4_T_le_v4SPD16_eabi.lib : boot_cortex_m.c.obj (.stack)
                  20000274    00000ffc     --HOLE--

.sysmem    0    20001270    00001000     UNINITIALIZED
                  20001270    00000010     rtsv7M4_T_le_v4SPD16_eabi.lib : memory.c.obj (.sysmem)
                  20001280    00000ff0     --HOLE--

.bss       0    20002270    00000008     UNINITIALIZED
                  20002270    00000004     (.common:uart_char_ptr)
                  20002274    00000004     (.common:uart_event_ptr)

__llvm_prf_cnts 
*          0    20000000    00000000     UNINITIALIZED

MODULE SUMMARY

       Module                         code   ro data   rw data
       ------                         ----   -------   -------
    .\
       tm4c123gh6pm_startup_ccs.obj   12     620       0      
       uart.obj                       492    0         8      
       main.obj                       276    0         0      
    +--+------------------------------+------+---------+---------+
       Total:                         780    620       8      
                                                              
    C:/ti/TivaWare_C_Series-2.1.4.178/driverlib/ccs/Debug/driverlib.lib
       interrupt.obj                  68     0         620    
       cpu.obj                        12     0         0      
    +--+------------------------------+------+---------+---------+
       Total:                         80     0         620    
                                                              
    C:\ti\ccs1010\ccs\tools\compiler\ti-cgt-arm_20.2.1.LTS\lib\rtsv7M4_T_le_v4SPD16_eabi.lib
       _printfi.c.obj                 4851   0         0      
       fd_add_t2.asm.obj              438    0         0      
       fd_div_t2.asm.obj              310    0         0      
       s_scalbn.c.obj                 272    0         0      
       fd_cmp_t2.asm.obj              268    0         0      
       ctype.c.obj                    0      257       0      
       fd_mul_t2.asm.obj              252    0         0      
       memcpy_t2.asm.obj              156    0         0      
       ull_div_t2.asm.obj             150    0         0      
       memset_t2.asm.obj              122    0         0      
       copy_decompress_lzss.c.obj     104    0         0      
       s_frexp.c.obj                  100    0         0      
       sprintf.c.obj                  98     0         0      
       _ltoa.c.obj                    84     0         0      
       atoi.c.obj                     76     0         0      
       fd_toi_t2.asm.obj              72     0         0      
       autoinit.c.obj                 68     0         0      
       fs_tod_t2.asm.obj              56     0         0      
       boot_cortex_m.c.obj            52     0         0      
       i_tofd_t2.asm.obj              46     0         0      
       copy_zero_init.c.obj           28     0         0      
       memccpy.c.obj                  28     0         0      
       s_copysign.c.obj               26     0         0      
       strchr.c.obj                   22     0         0      
       strlen.c.obj                   20     0         0      
       wcslen.c.obj                   18     0         0      
       copy_decompress_none.c.obj     14     0         0      
       errno.c.obj                    8      0         4      
       exit.c.obj                     4      0         0      
       pre_init.c.obj                 4      0         0      
       div0.asm.obj                   2      0         0      
    +--+------------------------------+------+---------+---------+
       Total:                         7749   257       4      
                                                              
       Heap:                          0      0         4096   
       Stack:                         0      0         4096   
       Linker Generated:              0      59        0      
    +--+------------------------------+------+---------+---------+
       Grand Total:                   8609   936       8824   


LINKER GENERATED COPY TABLES

__TI_cinit_table @ 00002540 records: 3, size/record: 8, table size: 24
	.bss: load addr=00002528, load size=00000008 bytes, run addr=20002270, run size=00000008 bytes, compression=zero_init
	.vtable: load addr=00002530, load size=00000008 bytes, run addr=20000000, run size=0000026c bytes, compression=zero_init
	.data: load addr=00002538, load size=00000007 bytes, run addr=2000026c, run size=00000004 bytes, compression=lzss


LINKER GENERATED HANDLER TABLE

__TI_handler_table @ 00002518 records: 3, size/record: 4, table size: 12
	index: 0, handler: __TI_zero_init
	index: 1, handler: __TI_decompress_lzss
	index: 2, handler: __TI_decompress_none


GLOBAL SYMBOLS: SORTED ALPHABETICALLY BY Name 

address   name                          
-------   ----                          
00002411  C$$EXIT                       
000023e3  CPUcpsie                      
000023c5  IntMasterEnable               
00002289  IntRegister                   
000023ef  ResetISR                      
00001061  UART1_Handler                 
20001270  __STACK_END                   
00001000  __STACK_SIZE                  
20000470  __STACK_TOP                   
00001000  __SYSMEM_SIZE                 
00002540  __TI_CINIT_Base               
00002558  __TI_CINIT_Limit              
00002518  __TI_Handler_Table_Base       
00002524  __TI_Handler_Table_Limit      
0000218d  __TI_auto_init_nobinit_nopinit
00001f31  __TI_decompress_lzss          
000023d5  __TI_decompress_none          
00002053  __TI_ltoa                     
ffffffff  __TI_pprof_out_hndl           
0000026d  __TI_printfi                  
ffffffff  __TI_prof_data_size           
ffffffff  __TI_prof_data_start          
00000000  __TI_static_base__            
0000231f  __TI_zero_init_nomemset       
00001d3d  __aeabi_cdcmpeq               
00001d3d  __aeabi_cdcmple               
00001dc3  __aeabi_cdrcmple              
00002145  __aeabi_d2iz                  
000012f3  __aeabi_dadd                  
000015dd  __aeabi_ddiv                  
00001a5d  __aeabi_dmul                  
000012e9  __aeabi_dsub                  
00002405  __aeabi_errno_addr            
0000224f  __aeabi_f2d                   
000022f1  __aeabi_i2d                   
00000cbb  __aeabi_idiv0                 
00000cbb  __aeabi_ldiv0                 
00001e49  __aeabi_memclr                
00001e49  __aeabi_memclr4               
00001e49  __aeabi_memclr8               
00001c0b  __aeabi_memcpy                
00001c0b  __aeabi_memcpy4               
00001c0b  __aeabi_memcpy8               
00001e4b  __aeabi_memset                
00001e4b  __aeabi_memset4               
00001e4b  __aeabi_memset8               
00001ca7  __aeabi_uldivmod              
ffffffff  __binit__                     
ffffffff  __c_args__                    
UNDEFED   __mpu_init                    
20000270  __stack                       
20000000  __start___llvm_prf_cnts       
20000000  __stop___llvm_prf_cnts        
000022bd  _c_int00_noargs               
00002414  _ctypes_                      
20001270  _sys_memory                   
UNDEFED   _system_post_cinit            
0000240d  _system_pre_init              
00002411  abort                         
000020f9  atoi                          
ffffffff  binit                         
00002357  copysign                      
00002357  copysignl                     
2000026c  errno                         
00001f99  frexp                         
00001f99  frexpl                        
20000000  g_pfnRAMVectors               
00000000  g_pfnVectors                  
UNDEFED   get_reading                   
0000194d  ldexp                         
0000194d  ldexpl                        
00001839  main                          
0000233b  memccpy                       
00001c0b  memcpy                        
00001e51  memset                        
0000194d  scalbn                        
0000194d  scalbnl                       
000021d1  sprintf                       
00002389  strchr                        
0000239f  strlen                        
20002270  uart_char_ptr                 
20002274  uart_event_ptr                
00000f83  uart_init                     
00000f2d  uart_interrupts_init          
0000103b  uart_receive                  
00001017  uart_sendChar                 
0000109d  uart_sendStr                  
000023b3  wcslen                        


GLOBAL SYMBOLS: SORTED BY Symbol Address 

address   name                          
-------   ----                          
00000000  __TI_static_base__            
00000000  g_pfnVectors                  
0000026d  __TI_printfi                  
00000cbb  __aeabi_idiv0                 
00000cbb  __aeabi_ldiv0                 
00000f2d  uart_interrupts_init          
00000f83  uart_init                     
00001000  __STACK_SIZE                  
00001000  __SYSMEM_SIZE                 
00001017  uart_sendChar                 
0000103b  uart_receive                  
00001061  UART1_Handler                 
0000109d  uart_sendStr                  
000012e9  __aeabi_dsub                  
000012f3  __aeabi_dadd                  
000015dd  __aeabi_ddiv                  
00001839  main                          
0000194d  ldexp                         
0000194d  ldexpl                        
0000194d  scalbn                        
0000194d  scalbnl                       
00001a5d  __aeabi_dmul                  
00001c0b  __aeabi_memcpy                
00001c0b  __aeabi_memcpy4               
00001c0b  __aeabi_memcpy8               
00001c0b  memcpy                        
00001ca7  __aeabi_uldivmod              
00001d3d  __aeabi_cdcmpeq               
00001d3d  __aeabi_cdcmple               
00001dc3  __aeabi_cdrcmple              
00001e49  __aeabi_memclr                
00001e49  __aeabi_memclr4               
00001e49  __aeabi_memclr8               
00001e4b  __aeabi_memset                
00001e4b  __aeabi_memset4               
00001e4b  __aeabi_memset8               
00001e51  memset                        
00001f31  __TI_decompress_lzss          
00001f99  frexp                         
00001f99  frexpl                        
00002053  __TI_ltoa                     
000020f9  atoi                          
00002145  __aeabi_d2iz                  
0000218d  __TI_auto_init_nobinit_nopinit
000021d1  sprintf                       
0000224f  __aeabi_f2d                   
00002289  IntRegister                   
000022bd  _c_int00_noargs               
000022f1  __aeabi_i2d                   
0000231f  __TI_zero_init_nomemset       
0000233b  memccpy                       
00002357  copysign                      
00002357  copysignl                     
00002389  strchr                        
0000239f  strlen                        
000023b3  wcslen                        
000023c5  IntMasterEnable               
000023d5  __TI_decompress_none          
000023e3  CPUcpsie                      
000023ef  ResetISR                      
00002405  __aeabi_errno_addr            
0000240d  _system_pre_init              
00002411  C$$EXIT                       
00002411  abort                         
00002414  _ctypes_                      
00002518  __TI_Handler_Table_Base       
00002524  __TI_Handler_Table_Limit      
00002540  __TI_CINIT_Base               
00002558  __TI_CINIT_Limit              
20000000  __start___llvm_prf_cnts       
20000000  __stop___llvm_prf_cnts        
20000000  g_pfnRAMVectors               
2000026c  errno                         
20000270  __stack                       
20000470  __STACK_TOP                   
20001270  __STACK_END                   
20001270  _sys_memory                   
20002270  uart_char_ptr                 
20002274  uart_event_ptr                
ffffffff  __TI_pprof_out_hndl           
ffffffff  __TI_prof_data_size           
ffffffff  __TI_prof_data_start          
ffffffff  __binit__                     
ffffffff  __c_args__                    
ffffffff  binit                         
UNDEFED   __mpu_init                    
UNDEFED   _system_post_cinit            
UNDEFED   get_reading                   

[88 symbols]
