******************************************************************************
                  TI ARM Linker PC v20.2.1                     
******************************************************************************
>> Linked Thu Apr  8 14:41:52 2021

OUTPUT FILE NAME:   <Lab3.out>
ENTRY POINT SYMBOL: "_c_int00_noargs"  address: 00003311


MEMORY CONFIGURATION

         name            origin    length      used     unused   attr    fill
----------------------  --------  ---------  --------  --------  ----  --------
  FLASH                 00000000   00040000  0000368c  0003c974  R  X
  SRAM                  20000000   00008000  00002312  00005cee  RW X


SEGMENT ALLOCATION MAP

run origin  load origin   length   init length attrs members
----------  ----------- ---------- ----------- ----- -------
00000000    00000000    00003690   00003690    r-x
  00000000    00000000    00003524   00003524    r-x .text
  00003524    00003524    00000118   00000118    r-- .const
  00003640    00003640    00000050   00000050    r-- .cinit
20000000    20000000    00002316   00000000    rw-
  20000000    20000000    0000026c   00000000    rw- .vtable
  20000270    20000270    00001000   00000000    rw- .stack
  20001270    20001270    00001000   00000000    rw- .sysmem
  20002270    20002270    00000070   00000000    rw- .bss
  200022e0    200022e0    00000036   00000000    rw- .data


SECTION ALLOCATION MAP

 output                                  attributes/
section   page    origin      length       input sections
--------  ----  ----------  ----------   ----------------
.text      0    00000000    00003524     
                  00000000    00000c20     open_interface.obj (.text)
                  00000c20    00000a4e     rtsv7M4_T_le_v4SPD16_eabi.lib : _printfi.c.obj (.text:__TI_printfi)
                  0000166e    00000002                                   : _lock.c.obj (.text:_nop)
                  00001670    00000328     lcd.obj (.text)
                  00001998    00000270     rtsv7M4_T_le_v4SPD16_eabi.lib : _printfi.c.obj (.text:_pconv_a)
                  00001c08    00000248     Timer.obj (.text)
                  00001e50    000001d0     rtsv7M4_T_le_v4SPD16_eabi.lib : _printfi.c.obj (.text:_pconv_g)
                  00002020    000001b6                                   : fd_add_t2.asm.obj (.text)
                  000021d6    00000002                                   : div0.asm.obj (.text)
                  000021d8    0000013c                                   : _printfi.c.obj (.text:_pconv_e)
                  00002314    00000136                                   : fd_div_t2.asm.obj (.text)
                  0000244a    00000002     --HOLE-- [fill = 0]
                  0000244c    00000124                                   : _printfi.c.obj (.text:fcvt)
                  00002570    00000110                                   : s_scalbn.c.obj (.text:scalbn)
                  00002680    00000108                                   : memory.c.obj (.text:aligned_alloc)
                  00002788    000000fc                                   : fd_mul_t2.asm.obj (.text)
                  00002884    000000e4                                   : memory.c.obj (.text:free)
                  00002968    000000b1                                   : _printfi.c.obj (.text:_ltostr)
                  00002a19    00000003     --HOLE-- [fill = 0]
                  00002a1c    000000a8     lab3_template.obj (.text)
                  00002ac4    0000009c     rtsv7M4_T_le_v4SPD16_eabi.lib : memcpy_t2.asm.obj (.text)
                  00002b60    00000096                                   : ull_div_t2.asm.obj (.text)
                  00002bf6    00000086                                   : fd_cmp_t2.asm.obj (.text:__aeabi_cdcmple)
                  00002c7c    00000086                                   : fd_cmp_t2.asm.obj (.text:__aeabi_cdrcmple)
                  00002d02    00000002     --HOLE-- [fill = 0]
                  00002d04    00000080     button.obj (.text)
                  00002d84    0000007a     rtsv7M4_T_le_v4SPD16_eabi.lib : memset_t2.asm.obj (.text)
                  00002dfe    00000002     --HOLE-- [fill = 0]
                  00002e00    00000070                                   : memory.c.obj (.text:split)
                  00002e70    0000006e                                   : _printfi.c.obj (.text:_mcpy)
                  00002ede    0000006e                                   : fd_tos_t2.asm.obj (.text)
                  00002f4c    00000068                                   : copy_decompress_lzss.c.obj (.text:decompress:lzss:__TI_decompress_lzss)
                  00002fb4    00000064                                   : s_frexp.c.obj (.text:frexp)
                  00003018    00000056                                   : _printfi.c.obj (.text:_pconv_f)
                  0000306e    00000054                                   : _ltoa.c.obj (.text:__TI_ltoa)
                  000030c2    00000052                                   : _printfi.c.obj (.text:_ecpy)
                  00003114    0000004c                                   : atoi.c.obj (.text:atoi)
                  00003160    00000048                                   : fd_toi_t2.asm.obj (.text)
                  000031a8    00000044                                   : autoinit.c.obj (.text:__TI_auto_init_nobinit_nopinit:__TI_auto_init_nobinit_nopinit)
                  000031ec    00000040                                   : vsnprintf.c.obj (.text:vsnprintf)
                  0000322c    0000003e                                   : _printfi.c.obj (.text:_fcpy)
                  0000326a    00000002     --HOLE-- [fill = 0]
                  0000326c    00000038                                   : memory.c.obj (.text:calloc)
                  000032a4    00000038                                   : fs_tod_t2.asm.obj (.text)
                  000032dc    00000034     driverlib.lib : interrupt.obj (.text:IntRegister)
                  00003310    00000034     rtsv7M4_T_le_v4SPD16_eabi.lib : boot_cortex_m.c.obj (.text:_c_int00_noargs:_c_int00_noargs)
                  00003344    00000030                                   : vsnprintf.c.obj (.text:_outs)
                  00003374    0000002e                                   : i_tofd_t2.asm.obj (.text)
                  000033a2    00000002     --HOLE-- [fill = 0]
                  000033a4    00000028                                   : memory.c.obj (.text:free_list_insert)
                  000033cc    0000001c                                   : copy_zero_init.c.obj (.text:decompress:ZI:__TI_zero_init_nomemset:__TI_zero_init_nomemset)
                  000033e8    0000001c                                   : memory.c.obj (.text:free_list_remove)
                  00003404    0000001c                                   : memccpy.c.obj (.text:memccpy)
                  00003420    0000001a                                   : s_copysign.c.obj (.text:copysign)
                  0000343a    00000018                                   : vsnprintf.c.obj (.text:_outc)
                  00003452    00000018     open_interface.obj (.text:oi_parseInt)
                  0000346a    00000018     rtsv7M4_T_le_v4SPD16_eabi.lib : strcmp.c.obj (.text:strcmp)
                  00003482    00000016                                   : strchr.c.obj (.text:strchr)
                  00003498    00000014                                   : strcpy.c.obj (.text:strcpy)
                  000034ac    00000014                                   : strlen.c.obj (.text:strlen)
                  000034c0    00000012                                   : wcslen.c.obj (.text:wcslen)
                  000034d2    00000010     driverlib.lib : interrupt.obj (.text:IntMasterEnable)
                  000034e2    00000010     lcd.obj (.text:lcd_clear)
                  000034f2    0000000e     rtsv7M4_T_le_v4SPD16_eabi.lib : copy_decompress_none.c.obj (.text:decompress:none:__TI_decompress_none)
                  00003500    0000000c     driverlib.lib : cpu.obj (.text:CPUcpsie)
                  0000350c    00000008     rtsv7M4_T_le_v4SPD16_eabi.lib : errno.c.obj (.text:__aeabi_errno_addr)
                  00003514    00000008                                   : memory.c.obj (.text:malloc)
                  0000351c    00000004                                   : pre_init.c.obj (.text:_system_pre_init)
                  00003520    00000004                                   : exit.c.obj (.text:abort:abort)

.const     0    00003524    00000118     
                  00003524    00000101     rtsv7M4_T_le_v4SPD16_eabi.lib : ctype.c.obj (.const:.string:_ctypes_)
                  00003625    0000000f     open_interface.obj (.const:.string:$P$T0$3)
                  00003634    00000004     lcd.obj (.const:.string:lineAddress$1)
                  00003638    00000004     lcd.obj (.const:.string:lineAddresses$2)

.cinit     0    00003640    00000050     
                  00003640    00000018     (.cinit..data.load) [load image, compression = lzss]
                  00003658    0000000c     (__TI_handler_table)
                  00003664    00000004     --HOLE-- [fill = 0]
                  00003668    00000008     (.cinit..bss.load) [load image, compression = zero_init]
                  00003670    00000008     (.cinit..vtable.load) [load image, compression = zero_init]
                  00003678    00000018     (__TI_cinit_table)

.init_array 
*          0    00000000    00000000     UNINITIALIZED

.vtable    0    20000000    0000026c     UNINITIALIZED
                  20000000    0000026c     driverlib.lib : interrupt.obj (.vtable)

.stack     0    20000270    00001000     UNINITIALIZED
                  20000270    00000004     rtsv7M4_T_le_v4SPD16_eabi.lib : boot_cortex_m.c.obj (.stack)
                  20000274    00000ffc     --HOLE--

.sysmem    0    20001270    00001000     UNINITIALIZED
                  20001270    00000010     rtsv7M4_T_le_v4SPD16_eabi.lib : memory.c.obj (.sysmem)
                  20001280    00000ff0     --HOLE--

.bss       0    20002270    00000070     UNINITIALIZED
                  20002270    00000054     lcd.obj (.bss:lastbuffer$3)
                  200022c4    00000018     open_interface.obj (.bss:firmware$2)
                  200022dc    00000004     (.common:_timeout_ticks)

.data      0    200022e0    00000036     UNINITIALIZED
                  200022e0    00000020     open_interface.obj (.data)
                  20002300    00000008     rtsv7M4_T_le_v4SPD16_eabi.lib : _lock.c.obj (.data:$O1$$)
                  20002308    00000008                                   : memory.c.obj (.data:$O1$$)
                  20002310    00000004                                   : errno.c.obj (.data)
                  20002314    00000001     Timer.obj (.data)
                  20002315    00000001     button.obj (.data)

__llvm_prf_cnts 
*          0    20000000    00000000     UNINITIALIZED

MODULE SUMMARY

       Module                       code    ro data   rw data
       ------                       ----    -------   -------
    .\
       open_interface.obj           3128    15        56     
       lcd.obj                      824     8         84     
       Timer.obj                    584     0         5      
       lab3_template.obj            168     0         0      
       button.obj                   128     0         1      
    +--+----------------------------+-------+---------+---------+
       Total:                       4832    23        146    
                                                             
    C:/ti/TivaWare_C_Series-2.1.4.178/driverlib/ccs/Debug/driverlib.lib
       interrupt.obj                68      0         620    
       cpu.obj                      12      0         0      
    +--+----------------------------+-------+---------+---------+
       Total:                       80      0         620    
                                                             
    C:\ti\ccs1010\ccs\tools\compiler\ti-cgt-arm_20.2.1.LTS\lib\rtsv7M4_T_le_v4SPD16_eabi.lib
       _printfi.c.obj               4851    0         0      
       memory.c.obj                 736     0         8      
       fd_add_t2.asm.obj            438     0         0      
       fd_div_t2.asm.obj            310     0         0      
       s_scalbn.c.obj               272     0         0      
       fd_cmp_t2.asm.obj            268     0         0      
       ctype.c.obj                  0       257       0      
       fd_mul_t2.asm.obj            252     0         0      
       memcpy_t2.asm.obj            156     0         0      
       ull_div_t2.asm.obj           150     0         0      
       vsnprintf.c.obj              136     0         0      
       memset_t2.asm.obj            122     0         0      
       fd_tos_t2.asm.obj            110     0         0      
       copy_decompress_lzss.c.obj   104     0         0      
       s_frexp.c.obj                100     0         0      
       _ltoa.c.obj                  84      0         0      
       atoi.c.obj                   76      0         0      
       fd_toi_t2.asm.obj            72      0         0      
       autoinit.c.obj               68      0         0      
       fs_tod_t2.asm.obj            56      0         0      
       boot_cortex_m.c.obj          52      0         0      
       i_tofd_t2.asm.obj            46      0         0      
       copy_zero_init.c.obj         28      0         0      
       memccpy.c.obj                28      0         0      
       s_copysign.c.obj             26      0         0      
       strcmp.c.obj                 24      0         0      
       strchr.c.obj                 22      0         0      
       strcpy.c.obj                 20      0         0      
       strlen.c.obj                 20      0         0      
       wcslen.c.obj                 18      0         0      
       copy_decompress_none.c.obj   14      0         0      
       errno.c.obj                  8       0         4      
       _lock.c.obj                  2       0         8      
       exit.c.obj                   4       0         0      
       pre_init.c.obj               4       0         0      
       div0.asm.obj                 2       0         0      
    +--+----------------------------+-------+---------+---------+
       Total:                       8679    257       20     
                                                             
       Heap:                        0       0         4096   
       Stack:                       0       0         4096   
       Linker Generated:            0       76        0      
    +--+----------------------------+-------+---------+---------+
       Grand Total:                 13591   356       8978   


LINKER GENERATED COPY TABLES

__TI_cinit_table @ 00003678 records: 3, size/record: 8, table size: 24
	.data: load addr=00003640, load size=00000018 bytes, run addr=200022e0, run size=00000036 bytes, compression=lzss
	.bss: load addr=00003668, load size=00000008 bytes, run addr=20002270, run size=00000070 bytes, compression=zero_init
	.vtable: load addr=00003670, load size=00000008 bytes, run addr=20000000, run size=0000026c bytes, compression=zero_init


LINKER GENERATED HANDLER TABLE

__TI_handler_table @ 00003658 records: 3, size/record: 4, table size: 12
	index: 0, handler: __TI_zero_init
	index: 1, handler: __TI_decompress_lzss
	index: 2, handler: __TI_decompress_none


GLOBAL SYMBOLS: SORTED ALPHABETICALLY BY Name 

address   name                          
-------   ----                          
00003521  C$$EXIT                       
00003501  CPUcpsie                      
00000957  GPIOF_Handler                 
000034d3  IntMasterEnable               
000032dd  IntRegister                   
20001270  __STACK_END                   
00001000  __STACK_SIZE                  
20000470  __STACK_TOP                   
00001000  __SYSMEM_SIZE                 
00003678  __TI_CINIT_Base               
00003690  __TI_CINIT_Limit              
00003658  __TI_Handler_Table_Base       
00003664  __TI_Handler_Table_Limit      
000031a9  __TI_auto_init_nobinit_nopinit
00002f4d  __TI_decompress_lzss          
000034f3  __TI_decompress_none          
0000306f  __TI_ltoa                     
ffffffff  __TI_pprof_out_hndl           
00000c21  __TI_printfi                  
ffffffff  __TI_prof_data_size           
ffffffff  __TI_prof_data_start          
00000000  __TI_static_base__            
000033cd  __TI_zero_init_nomemset       
00002bf7  __aeabi_cdcmpeq               
00002bf7  __aeabi_cdcmple               
00002c7d  __aeabi_cdrcmple              
00002edf  __aeabi_d2f                   
00003161  __aeabi_d2iz                  
0000202b  __aeabi_dadd                  
00002315  __aeabi_ddiv                  
00002789  __aeabi_dmul                  
00002021  __aeabi_dsub                  
0000350d  __aeabi_errno_addr            
000032a5  __aeabi_f2d                   
00003375  __aeabi_i2d                   
000021d7  __aeabi_idiv0                 
000021d7  __aeabi_ldiv0                 
00002d85  __aeabi_memclr                
00002d85  __aeabi_memclr4               
00002d85  __aeabi_memclr8               
00002ac5  __aeabi_memcpy                
00002ac5  __aeabi_memcpy4               
00002ac5  __aeabi_memcpy8               
00002d87  __aeabi_memset                
00002d87  __aeabi_memset4               
00002d87  __aeabi_memset8               
00002b61  __aeabi_uldivmod              
ffffffff  __binit__                     
ffffffff  __c_args__                    
UNDEFED   __mpu_init                    
20000270  __stack                       
20000000  __start___llvm_prf_cnts       
20000000  __stop___llvm_prf_cnts        
00003311  _c_int00_noargs               
00003524  _ctypes_                      
20002300  _lock                         
0000166f  _nop                          
20002314  _running                      
20001270  _sys_memory                   
UNDEFED   _system_post_cinit            
0000351d  _system_pre_init              
200022dc  _timeout_ticks                
20002304  _unlock                       
00003521  abort                         
00002681  aligned_alloc                 
00003115  atoi                          
ffffffff  binit                         
00002d39  button_getButton              
00002d05  button_init                   
0000326d  calloc                        
00003421  copysign                      
00003421  copysignl                     
UNDEFED   cyBot_sendByte                
UNDEFED   cyBot_uart_init               
20002310  errno                         
00002885  free                          
00002fb5  frexp                         
00002fb5  frexpl                        
20000000  g_pfnRAMVectors               
00000713  go_charge                     
000034e3  lcd_clear                     
00001845  lcd_gotoLine                  
000016ad  lcd_init                      
000018ab  lcd_printf                    
0000176d  lcd_putc                      
000017a5  lcd_puts                      
00001671  lcd_reverseNibble             
000017c3  lcd_sendCommand               
00001801  lcd_sendNibble                
0000186d  lcd_setCursorPos              
00002571  ldexp                         
00002571  ldexpl                        
00002a1d  main                          
00003515  malloc                        
00002681  memalign                      
00003405  memccpy                       
00002ac5  memcpy                        
00002d8d  memset                        
200022e0  motor_cal_factor_L            
200022e4  motor_cal_factor_R            
00000001  oi_alloc                      
0000083d  oi_checkFirmware              
0000005b  oi_close                      
0000000d  oi_free                       
00000b81  oi_getMotorCalibrationLeft    
00000b95  oi_getMotorCalibrationRight   
00000045  oi_init                       
0000001d  oi_init_noupdate              
000006a9  oi_loadSong                   
00003453  oi_parseInt                   
000000bf  oi_parsePacket                
000006ff  oi_play_song                  
000005df  oi_setLeds                    
00000b45  oi_setMotorCalibration        
00000623  oi_setWheels                  
000008e5  oi_shutoff_init               
00000721  oi_uartInit                   
000007c5  oi_uartReceive                
0000080b  oi_uartSendBuff               
000007a9  oi_uartSendChar               
000007ed  oi_uartSendStr                
0000006d  oi_update                     
00002571  scalbn                        
00002571  scalbnl                       
00003483  strchr                        
0000346b  strcmp                        
00003499  strcpy                        
000034ad  strlen                        
00001d27  timer_getMicros               
00001ccf  timer_getMillis               
00001c09  timer_init                    
00001cab  timer_pause                   
00001cbd  timer_resume                  
00001c81  timer_stop                    
00001d81  timer_waitMicros              
00001db3  timer_waitMillis              
000031ed  vsnprintf                     
000034c1  wcslen                        


GLOBAL SYMBOLS: SORTED BY Symbol Address 

address   name                          
-------   ----                          
00000000  __TI_static_base__            
00000001  oi_alloc                      
0000000d  oi_free                       
0000001d  oi_init_noupdate              
00000045  oi_init                       
0000005b  oi_close                      
0000006d  oi_update                     
000000bf  oi_parsePacket                
000005df  oi_setLeds                    
00000623  oi_setWheels                  
000006a9  oi_loadSong                   
000006ff  oi_play_song                  
00000713  go_charge                     
00000721  oi_uartInit                   
000007a9  oi_uartSendChar               
000007c5  oi_uartReceive                
000007ed  oi_uartSendStr                
0000080b  oi_uartSendBuff               
0000083d  oi_checkFirmware              
000008e5  oi_shutoff_init               
00000957  GPIOF_Handler                 
00000b45  oi_setMotorCalibration        
00000b81  oi_getMotorCalibrationLeft    
00000b95  oi_getMotorCalibrationRight   
00000c21  __TI_printfi                  
00001000  __STACK_SIZE                  
00001000  __SYSMEM_SIZE                 
0000166f  _nop                          
00001671  lcd_reverseNibble             
000016ad  lcd_init                      
0000176d  lcd_putc                      
000017a5  lcd_puts                      
000017c3  lcd_sendCommand               
00001801  lcd_sendNibble                
00001845  lcd_gotoLine                  
0000186d  lcd_setCursorPos              
000018ab  lcd_printf                    
00001c09  timer_init                    
00001c81  timer_stop                    
00001cab  timer_pause                   
00001cbd  timer_resume                  
00001ccf  timer_getMillis               
00001d27  timer_getMicros               
00001d81  timer_waitMicros              
00001db3  timer_waitMillis              
00002021  __aeabi_dsub                  
0000202b  __aeabi_dadd                  
000021d7  __aeabi_idiv0                 
000021d7  __aeabi_ldiv0                 
00002315  __aeabi_ddiv                  
00002571  ldexp                         
00002571  ldexpl                        
00002571  scalbn                        
00002571  scalbnl                       
00002681  aligned_alloc                 
00002681  memalign                      
00002789  __aeabi_dmul                  
00002885  free                          
00002a1d  main                          
00002ac5  __aeabi_memcpy                
00002ac5  __aeabi_memcpy4               
00002ac5  __aeabi_memcpy8               
00002ac5  memcpy                        
00002b61  __aeabi_uldivmod              
00002bf7  __aeabi_cdcmpeq               
00002bf7  __aeabi_cdcmple               
00002c7d  __aeabi_cdrcmple              
00002d05  button_init                   
00002d39  button_getButton              
00002d85  __aeabi_memclr                
00002d85  __aeabi_memclr4               
00002d85  __aeabi_memclr8               
00002d87  __aeabi_memset                
00002d87  __aeabi_memset4               
00002d87  __aeabi_memset8               
00002d8d  memset                        
00002edf  __aeabi_d2f                   
00002f4d  __TI_decompress_lzss          
00002fb5  frexp                         
00002fb5  frexpl                        
0000306f  __TI_ltoa                     
00003115  atoi                          
00003161  __aeabi_d2iz                  
000031a9  __TI_auto_init_nobinit_nopinit
000031ed  vsnprintf                     
0000326d  calloc                        
000032a5  __aeabi_f2d                   
000032dd  IntRegister                   
00003311  _c_int00_noargs               
00003375  __aeabi_i2d                   
000033cd  __TI_zero_init_nomemset       
00003405  memccpy                       
00003421  copysign                      
00003421  copysignl                     
00003453  oi_parseInt                   
0000346b  strcmp                        
00003483  strchr                        
00003499  strcpy                        
000034ad  strlen                        
000034c1  wcslen                        
000034d3  IntMasterEnable               
000034e3  lcd_clear                     
000034f3  __TI_decompress_none          
00003501  CPUcpsie                      
0000350d  __aeabi_errno_addr            
00003515  malloc                        
0000351d  _system_pre_init              
00003521  C$$EXIT                       
00003521  abort                         
00003524  _ctypes_                      
00003658  __TI_Handler_Table_Base       
00003664  __TI_Handler_Table_Limit      
00003678  __TI_CINIT_Base               
00003690  __TI_CINIT_Limit              
20000000  __start___llvm_prf_cnts       
20000000  __stop___llvm_prf_cnts        
20000000  g_pfnRAMVectors               
20000270  __stack                       
20000470  __STACK_TOP                   
20001270  __STACK_END                   
20001270  _sys_memory                   
200022dc  _timeout_ticks                
200022e0  motor_cal_factor_L            
200022e4  motor_cal_factor_R            
20002300  _lock                         
20002304  _unlock                       
20002310  errno                         
20002314  _running                      
ffffffff  __TI_pprof_out_hndl           
ffffffff  __TI_prof_data_size           
ffffffff  __TI_prof_data_start          
ffffffff  __binit__                     
ffffffff  __c_args__                    
ffffffff  binit                         
UNDEFED   __mpu_init                    
UNDEFED   _system_post_cinit            
UNDEFED   cyBot_sendByte                
UNDEFED   cyBot_uart_init               

[138 symbols]
