<?xml version="1.0" encoding="ISO-8859-1" ?>
<link_info>
   <banner>TI ARM Linker PC v20.2.1.LTS</banner>
   <copyright>Copyright (c) 1996-2018 Texas Instruments Incorporated</copyright>
   <link_time>0x6058e36c</link_time>
   <link_errors>0x0</link_errors>
   <output_file>Lab4.out</output_file>
   <entry_point>
      <name>_c_int00_noargs</name>
      <address>0x3df5</address>
   </entry_point>
   <input_file_list>
      <input_file id="fl-2">
         <path>.\</path>
         <kind>object</kind>
         <file>Timer.obj</file>
         <name>Timer.obj</name>
      </input_file>
      <input_file id="fl-3">
         <path>.\</path>
         <kind>object</kind>
         <file>button.obj</file>
         <name>button.obj</name>
      </input_file>
      <input_file id="fl-4">
         <path>.\</path>
         <kind>object</kind>
         <file>lcd.obj</file>
         <name>lcd.obj</name>
      </input_file>
      <input_file id="fl-5">
         <path>.\</path>
         <kind>object</kind>
         <file>main.obj</file>
         <name>main.obj</name>
      </input_file>
      <input_file id="fl-6">
         <path>.\</path>
         <kind>object</kind>
         <file>movement.obj</file>
         <name>movement.obj</name>
      </input_file>
      <input_file id="fl-7">
         <path>.\</path>
         <kind>object</kind>
         <file>open_interface.obj</file>
         <name>open_interface.obj</name>
      </input_file>
      <input_file id="fl-8">
         <path>.\</path>
         <kind>object</kind>
         <file>resetSimulation.obj</file>
         <name>resetSimulation.obj</name>
      </input_file>
      <input_file id="fl-9">
         <path>.\</path>
         <kind>object</kind>
         <file>tm4c123gh6pm_startup_ccs.obj</file>
         <name>tm4c123gh6pm_startup_ccs.obj</name>
      </input_file>
      <input_file id="fl-10">
         <kind>object</kind>
         <file>&lt;internal&gt;</file>
         <name>&lt;internal&gt;</name>
      </input_file>
      <input_file id="fl-11">
         <path>..\</path>
         <kind>archive</kind>
         <file>libcybotFindObjects.lib</file>
         <name>cyBot_FindObjects.obj</name>
      </input_file>
      <input_file id="fl-12">
         <path>..\</path>
         <kind>archive</kind>
         <file>libcybotFindObjects.lib</file>
         <name>ir.obj</name>
      </input_file>
      <input_file id="fl-13">
         <path>..\</path>
         <kind>archive</kind>
         <file>libcybotFindObjects.lib</file>
         <name>ping.obj</name>
      </input_file>
      <input_file id="fl-14">
         <path>..\</path>
         <kind>archive</kind>
         <file>libcybotFindObjects.lib</file>
         <name>servo.obj</name>
      </input_file>
      <input_file id="fl-15">
         <path>..\</path>
         <kind>archive</kind>
         <file>libcybotUART.lib</file>
         <name>uart.obj</name>
      </input_file>
      <input_file id="fl-cb">
         <path>C:\ti\ccs1010\ccs\tools\compiler\ti-cgt-arm_20.2.1.LTS\lib\</path>
         <kind>archive</kind>
         <file>rtsv7M4_T_le_v4SPD16_eabi.lib</file>
         <name>sprintf.c.obj</name>
      </input_file>
      <input_file id="fl-cc">
         <path>C:\ti\ccs1010\ccs\tools\compiler\ti-cgt-arm_20.2.1.LTS\lib\</path>
         <kind>archive</kind>
         <file>rtsv7M4_T_le_v4SPD16_eabi.lib</file>
         <name>vsnprintf.c.obj</name>
      </input_file>
      <input_file id="fl-cd">
         <path>C:\ti\ccs1010\ccs\tools\compiler\ti-cgt-arm_20.2.1.LTS\lib\</path>
         <kind>archive</kind>
         <file>rtsv7M4_T_le_v4SPD16_eabi.lib</file>
         <name>fd_add_t2.asm.obj</name>
      </input_file>
      <input_file id="fl-ce">
         <path>C:\ti\ccs1010\ccs\tools\compiler\ti-cgt-arm_20.2.1.LTS\lib\</path>
         <kind>archive</kind>
         <file>rtsv7M4_T_le_v4SPD16_eabi.lib</file>
         <name>fd_cmp_t2.asm.obj</name>
      </input_file>
      <input_file id="fl-cf">
         <path>C:\ti\ccs1010\ccs\tools\compiler\ti-cgt-arm_20.2.1.LTS\lib\</path>
         <kind>archive</kind>
         <file>rtsv7M4_T_le_v4SPD16_eabi.lib</file>
         <name>fd_div_t2.asm.obj</name>
      </input_file>
      <input_file id="fl-d0">
         <path>C:\ti\ccs1010\ccs\tools\compiler\ti-cgt-arm_20.2.1.LTS\lib\</path>
         <kind>archive</kind>
         <file>rtsv7M4_T_le_v4SPD16_eabi.lib</file>
         <name>fd_mul_t2.asm.obj</name>
      </input_file>
      <input_file id="fl-d1">
         <path>C:\ti\ccs1010\ccs\tools\compiler\ti-cgt-arm_20.2.1.LTS\lib\</path>
         <kind>archive</kind>
         <file>rtsv7M4_T_le_v4SPD16_eabi.lib</file>
         <name>fd_tos_t2.asm.obj</name>
      </input_file>
      <input_file id="fl-d2">
         <path>C:\ti\ccs1010\ccs\tools\compiler\ti-cgt-arm_20.2.1.LTS\lib\</path>
         <kind>archive</kind>
         <file>rtsv7M4_T_le_v4SPD16_eabi.lib</file>
         <name>fs_tod_t2.asm.obj</name>
      </input_file>
      <input_file id="fl-d3">
         <path>C:\ti\ccs1010\ccs\tools\compiler\ti-cgt-arm_20.2.1.LTS\lib\</path>
         <kind>archive</kind>
         <file>rtsv7M4_T_le_v4SPD16_eabi.lib</file>
         <name>i_tofd_t2.asm.obj</name>
      </input_file>
      <input_file id="fl-d4">
         <path>C:\ti\ccs1010\ccs\tools\compiler\ti-cgt-arm_20.2.1.LTS\lib\</path>
         <kind>archive</kind>
         <file>rtsv7M4_T_le_v4SPD16_eabi.lib</file>
         <name>memcpy_t2.asm.obj</name>
      </input_file>
      <input_file id="fl-d5">
         <path>C:\ti\ccs1010\ccs\tools\compiler\ti-cgt-arm_20.2.1.LTS\lib\</path>
         <kind>archive</kind>
         <file>rtsv7M4_T_le_v4SPD16_eabi.lib</file>
         <name>copy_zero_init.c.obj</name>
      </input_file>
      <input_file id="fl-d6">
         <path>C:\ti\ccs1010\ccs\tools\compiler\ti-cgt-arm_20.2.1.LTS\lib\</path>
         <kind>archive</kind>
         <file>rtsv7M4_T_le_v4SPD16_eabi.lib</file>
         <name>copy_decompress_none.c.obj</name>
      </input_file>
      <input_file id="fl-d7">
         <path>C:\ti\ccs1010\ccs\tools\compiler\ti-cgt-arm_20.2.1.LTS\lib\</path>
         <kind>archive</kind>
         <file>rtsv7M4_T_le_v4SPD16_eabi.lib</file>
         <name>copy_decompress_lzss.c.obj</name>
      </input_file>
      <input_file id="fl-d8">
         <path>C:\ti\ccs1010\ccs\tools\compiler\ti-cgt-arm_20.2.1.LTS\lib\</path>
         <kind>archive</kind>
         <file>rtsv7M4_T_le_v4SPD16_eabi.lib</file>
         <name>memory.c.obj</name>
      </input_file>
      <input_file id="fl-d9">
         <path>C:\ti\ccs1010\ccs\tools\compiler\ti-cgt-arm_20.2.1.LTS\lib\</path>
         <kind>archive</kind>
         <file>rtsv7M4_T_le_v4SPD16_eabi.lib</file>
         <name>strcmp.c.obj</name>
      </input_file>
      <input_file id="fl-da">
         <path>C:\ti\ccs1010\ccs\tools\compiler\ti-cgt-arm_20.2.1.LTS\lib\</path>
         <kind>archive</kind>
         <file>rtsv7M4_T_le_v4SPD16_eabi.lib</file>
         <name>strcpy.c.obj</name>
      </input_file>
      <input_file id="fl-db">
         <path>C:\ti\ccs1010\ccs\tools\compiler\ti-cgt-arm_20.2.1.LTS\lib\</path>
         <kind>archive</kind>
         <file>rtsv7M4_T_le_v4SPD16_eabi.lib</file>
         <name>strlen.c.obj</name>
      </input_file>
      <input_file id="fl-dc">
         <path>C:\ti\ccs1010\ccs\tools\compiler\ti-cgt-arm_20.2.1.LTS\lib\</path>
         <kind>archive</kind>
         <file>rtsv7M4_T_le_v4SPD16_eabi.lib</file>
         <name>boot_cortex_m.c.obj</name>
      </input_file>
      <input_file id="fl-dd">
         <path>C:\ti\ccs1010\ccs\tools\compiler\ti-cgt-arm_20.2.1.LTS\lib\</path>
         <kind>archive</kind>
         <file>rtsv7M4_T_le_v4SPD16_eabi.lib</file>
         <name>_printfi.c.obj</name>
      </input_file>
      <input_file id="fl-de">
         <path>C:\ti\ccs1010\ccs\tools\compiler\ti-cgt-arm_20.2.1.LTS\lib\</path>
         <kind>archive</kind>
         <file>rtsv7M4_T_le_v4SPD16_eabi.lib</file>
         <name>memset_t2.asm.obj</name>
      </input_file>
      <input_file id="fl-df">
         <path>C:\ti\ccs1010\ccs\tools\compiler\ti-cgt-arm_20.2.1.LTS\lib\</path>
         <kind>archive</kind>
         <file>rtsv7M4_T_le_v4SPD16_eabi.lib</file>
         <name>fd_toi_t2.asm.obj</name>
      </input_file>
      <input_file id="fl-e0">
         <path>C:\ti\ccs1010\ccs\tools\compiler\ti-cgt-arm_20.2.1.LTS\lib\</path>
         <kind>archive</kind>
         <file>rtsv7M4_T_le_v4SPD16_eabi.lib</file>
         <name>ull_div_t2.asm.obj</name>
      </input_file>
      <input_file id="fl-e1">
         <path>C:\ti\ccs1010\ccs\tools\compiler\ti-cgt-arm_20.2.1.LTS\lib\</path>
         <kind>archive</kind>
         <file>rtsv7M4_T_le_v4SPD16_eabi.lib</file>
         <name>autoinit.c.obj</name>
      </input_file>
      <input_file id="fl-e2">
         <path>C:\ti\ccs1010\ccs\tools\compiler\ti-cgt-arm_20.2.1.LTS\lib\</path>
         <kind>archive</kind>
         <file>rtsv7M4_T_le_v4SPD16_eabi.lib</file>
         <name>pre_init.c.obj</name>
      </input_file>
      <input_file id="fl-e3">
         <path>C:\ti\ccs1010\ccs\tools\compiler\ti-cgt-arm_20.2.1.LTS\lib\</path>
         <kind>archive</kind>
         <file>rtsv7M4_T_le_v4SPD16_eabi.lib</file>
         <name>cpy_tbl.c.obj</name>
      </input_file>
      <input_file id="fl-e4">
         <path>C:\ti\ccs1010\ccs\tools\compiler\ti-cgt-arm_20.2.1.LTS\lib\</path>
         <kind>archive</kind>
         <file>rtsv7M4_T_le_v4SPD16_eabi.lib</file>
         <name>exit.c.obj</name>
      </input_file>
      <input_file id="fl-e5">
         <path>C:\ti\ccs1010\ccs\tools\compiler\ti-cgt-arm_20.2.1.LTS\lib\</path>
         <kind>archive</kind>
         <file>rtsv7M4_T_le_v4SPD16_eabi.lib</file>
         <name>_lock.c.obj</name>
      </input_file>
      <input_file id="fl-e6">
         <path>C:\ti\ccs1010\ccs\tools\compiler\ti-cgt-arm_20.2.1.LTS\lib\</path>
         <kind>archive</kind>
         <file>rtsv7M4_T_le_v4SPD16_eabi.lib</file>
         <name>_ltoa.c.obj</name>
      </input_file>
      <input_file id="fl-e7">
         <path>C:\ti\ccs1010\ccs\tools\compiler\ti-cgt-arm_20.2.1.LTS\lib\</path>
         <kind>archive</kind>
         <file>rtsv7M4_T_le_v4SPD16_eabi.lib</file>
         <name>args_main.c.obj</name>
      </input_file>
      <input_file id="fl-e8">
         <path>C:\ti\ccs1010\ccs\tools\compiler\ti-cgt-arm_20.2.1.LTS\lib\</path>
         <kind>archive</kind>
         <file>rtsv7M4_T_le_v4SPD16_eabi.lib</file>
         <name>atoi.c.obj</name>
      </input_file>
      <input_file id="fl-e9">
         <path>C:\ti\ccs1010\ccs\tools\compiler\ti-cgt-arm_20.2.1.LTS\lib\</path>
         <kind>archive</kind>
         <file>rtsv7M4_T_le_v4SPD16_eabi.lib</file>
         <name>ctype.c.obj</name>
      </input_file>
      <input_file id="fl-ea">
         <path>C:\ti\ccs1010\ccs\tools\compiler\ti-cgt-arm_20.2.1.LTS\lib\</path>
         <kind>archive</kind>
         <file>rtsv7M4_T_le_v4SPD16_eabi.lib</file>
         <name>memccpy.c.obj</name>
      </input_file>
      <input_file id="fl-eb">
         <path>C:\ti\ccs1010\ccs\tools\compiler\ti-cgt-arm_20.2.1.LTS\lib\</path>
         <kind>archive</kind>
         <file>rtsv7M4_T_le_v4SPD16_eabi.lib</file>
         <name>strchr.c.obj</name>
      </input_file>
      <input_file id="fl-ec">
         <path>C:\ti\ccs1010\ccs\tools\compiler\ti-cgt-arm_20.2.1.LTS\lib\</path>
         <kind>archive</kind>
         <file>rtsv7M4_T_le_v4SPD16_eabi.lib</file>
         <name>errno.c.obj</name>
      </input_file>
      <input_file id="fl-ed">
         <path>C:\ti\ccs1010\ccs\tools\compiler\ti-cgt-arm_20.2.1.LTS\lib\</path>
         <kind>archive</kind>
         <file>rtsv7M4_T_le_v4SPD16_eabi.lib</file>
         <name>s_frexp.c.obj</name>
      </input_file>
      <input_file id="fl-ee">
         <path>C:\ti\ccs1010\ccs\tools\compiler\ti-cgt-arm_20.2.1.LTS\lib\</path>
         <kind>archive</kind>
         <file>rtsv7M4_T_le_v4SPD16_eabi.lib</file>
         <name>s_scalbn.c.obj</name>
      </input_file>
      <input_file id="fl-ef">
         <path>C:\ti\ccs1010\ccs\tools\compiler\ti-cgt-arm_20.2.1.LTS\lib\</path>
         <kind>archive</kind>
         <file>rtsv7M4_T_le_v4SPD16_eabi.lib</file>
         <name>wcslen.c.obj</name>
      </input_file>
      <input_file id="fl-f0">
         <path>C:\ti\ccs1010\ccs\tools\compiler\ti-cgt-arm_20.2.1.LTS\lib\</path>
         <kind>archive</kind>
         <file>rtsv7M4_T_le_v4SPD16_eabi.lib</file>
         <name>div0.asm.obj</name>
      </input_file>
      <input_file id="fl-f1">
         <path>C:\ti\ccs1010\ccs\tools\compiler\ti-cgt-arm_20.2.1.LTS\lib\</path>
         <kind>archive</kind>
         <file>rtsv7M4_T_le_v4SPD16_eabi.lib</file>
         <name>s_copysign.c.obj</name>
      </input_file>
      <input_file id="fl-f2">
         <path>C:\ti\TivaWare_C_Series-2.1.4.178\driverlib\ccs\Debug\</path>
         <kind>archive</kind>
         <file>driverlib.lib</file>
         <name>interrupt.obj</name>
      </input_file>
      <input_file id="fl-f3">
         <path>C:\ti\TivaWare_C_Series-2.1.4.178\driverlib\ccs\Debug\</path>
         <kind>archive</kind>
         <file>driverlib.lib</file>
         <name>cpu.obj</name>
      </input_file>
   </input_file_list>
   <object_component_list>
      <object_component id="oc-12">
         <name>.intvecs</name>
         <load_address>0x0</load_address>
         <run_address>0x0</run_address>
         <size>0x26c</size>
         <input_file_ref idref="fl-9"/>
      </object_component>
      <object_component id="oc-f4">
         <name>.text</name>
         <load_address>0x26c</load_address>
         <run_address>0x26c</run_address>
         <size>0xc20</size>
         <input_file_ref idref="fl-7"/>
      </object_component>
      <object_component id="oc-184">
         <name>.text:__TI_printfi</name>
         <load_address>0xe8c</load_address>
         <run_address>0xe8c</run_address>
         <size>0xa4e</size>
         <input_file_ref idref="fl-dd"/>
      </object_component>
      <object_component id="oc-2af">
         <name>.text:_nop</name>
         <load_address>0x18da</load_address>
         <run_address>0x18da</run_address>
         <size>0x2</size>
         <input_file_ref idref="fl-e5"/>
      </object_component>
      <object_component id="oc-ff">
         <name>.text</name>
         <load_address>0x18dc</load_address>
         <run_address>0x18dc</run_address>
         <size>0x310</size>
         <input_file_ref idref="fl-6"/>
      </object_component>
      <object_component id="oc-a2">
         <name>.text</name>
         <load_address>0x1bec</load_address>
         <run_address>0x1bec</run_address>
         <size>0x2e0</size>
         <input_file_ref idref="fl-5"/>
      </object_component>
      <object_component id="oc-252">
         <name>.text:_pconv_a</name>
         <load_address>0x1ecc</load_address>
         <run_address>0x1ecc</run_address>
         <size>0x270</size>
         <input_file_ref idref="fl-dd"/>
      </object_component>
      <object_component id="oc-174">
         <name>.text</name>
         <load_address>0x213c</load_address>
         <run_address>0x213c</run_address>
         <size>0x248</size>
         <input_file_ref idref="fl-2"/>
      </object_component>
      <object_component id="oc-168">
         <name>.text</name>
         <load_address>0x2384</load_address>
         <run_address>0x2384</run_address>
         <size>0x1ec</size>
         <input_file_ref idref="fl-13"/>
      </object_component>
      <object_component id="oc-240">
         <name>.text:_pconv_g</name>
         <load_address>0x2570</load_address>
         <run_address>0x2570</run_address>
         <size>0x1d0</size>
         <input_file_ref idref="fl-dd"/>
      </object_component>
      <object_component id="oc-1c5">
         <name>.text</name>
         <load_address>0x2740</load_address>
         <run_address>0x2740</run_address>
         <size>0x1b6</size>
         <input_file_ref idref="fl-cd"/>
      </object_component>
      <object_component id="oc-365">
         <name>.text</name>
         <load_address>0x28f6</load_address>
         <run_address>0x28f6</run_address>
         <size>0x2</size>
         <input_file_ref idref="fl-f0"/>
      </object_component>
      <object_component id="oc-d7">
         <name>.text</name>
         <load_address>0x28f8</load_address>
         <run_address>0x28f8</run_address>
         <size>0x15c</size>
         <input_file_ref idref="fl-15"/>
      </object_component>
      <object_component id="oc-dd">
         <name>.text</name>
         <load_address>0x2a54</load_address>
         <run_address>0x2a54</run_address>
         <size>0x158</size>
         <input_file_ref idref="fl-11"/>
      </object_component>
      <object_component id="oc-24c">
         <name>.text:_pconv_e</name>
         <load_address>0x2bac</load_address>
         <run_address>0x2bac</run_address>
         <size>0x13c</size>
         <input_file_ref idref="fl-dd"/>
      </object_component>
      <object_component id="oc-158">
         <name>.text</name>
         <load_address>0x2ce8</load_address>
         <run_address>0x2ce8</run_address>
         <size>0x136</size>
         <input_file_ref idref="fl-cf"/>
      </object_component>
      <object_component id="oc-2fc">
         <name>.text:fcvt</name>
         <load_address>0x2e20</load_address>
         <run_address>0x2e20</run_address>
         <size>0x124</size>
         <input_file_ref idref="fl-dd"/>
      </object_component>
      <object_component id="oc-162">
         <name>.text</name>
         <load_address>0x2f44</load_address>
         <run_address>0x2f44</run_address>
         <size>0x124</size>
         <input_file_ref idref="fl-14"/>
      </object_component>
      <object_component id="oc-16e">
         <name>.text</name>
         <load_address>0x3068</load_address>
         <run_address>0x3068</run_address>
         <size>0x118</size>
         <input_file_ref idref="fl-12"/>
      </object_component>
      <object_component id="oc-310">
         <name>.text:scalbn</name>
         <load_address>0x3180</load_address>
         <run_address>0x3180</run_address>
         <size>0x110</size>
         <input_file_ref idref="fl-ee"/>
      </object_component>
      <object_component id="oc-33c">
         <name>.text:aligned_alloc</name>
         <load_address>0x3290</load_address>
         <run_address>0x3290</run_address>
         <size>0x108</size>
         <input_file_ref idref="fl-d8"/>
      </object_component>
      <object_component id="oc-105">
         <name>.text</name>
         <load_address>0x3398</load_address>
         <run_address>0x3398</run_address>
         <size>0xfc</size>
         <input_file_ref idref="fl-d0"/>
      </object_component>
      <object_component id="oc-1a3">
         <name>.text:free</name>
         <load_address>0x3494</load_address>
         <run_address>0x3494</run_address>
         <size>0xe4</size>
         <input_file_ref idref="fl-d8"/>
      </object_component>
      <object_component id="oc-23a">
         <name>.text:_ltostr</name>
         <load_address>0x3578</load_address>
         <run_address>0x3578</run_address>
         <size>0xb1</size>
         <input_file_ref idref="fl-dd"/>
      </object_component>
      <object_component id="oc-3e">
         <name>.text</name>
         <load_address>0x362a</load_address>
         <run_address>0x362a</run_address>
         <size>0x9c</size>
         <input_file_ref idref="fl-d4"/>
      </object_component>
      <object_component id="oc-2de">
         <name>.text</name>
         <load_address>0x36c6</load_address>
         <run_address>0x36c6</run_address>
         <size>0x96</size>
         <input_file_ref idref="fl-e0"/>
      </object_component>
      <object_component id="oc-1d6">
         <name>.text:__aeabi_cdcmple</name>
         <load_address>0x375c</load_address>
         <run_address>0x375c</run_address>
         <size>0x86</size>
         <input_file_ref idref="fl-ce"/>
      </object_component>
      <object_component id="oc-1db">
         <name>.text:__aeabi_cdrcmple</name>
         <load_address>0x37e2</load_address>
         <run_address>0x37e2</run_address>
         <size>0x86</size>
         <input_file_ref idref="fl-ce"/>
      </object_component>
      <object_component id="oc-96">
         <name>.text</name>
         <load_address>0x3868</load_address>
         <run_address>0x3868</run_address>
         <size>0x7a</size>
         <input_file_ref idref="fl-de"/>
      </object_component>
      <object_component id="oc-395">
         <name>.text:split</name>
         <load_address>0x38e4</load_address>
         <run_address>0x38e4</run_address>
         <size>0x70</size>
         <input_file_ref idref="fl-d8"/>
      </object_component>
      <object_component id="oc-2f5">
         <name>.text:_mcpy</name>
         <load_address>0x3954</load_address>
         <run_address>0x3954</run_address>
         <size>0x6e</size>
         <input_file_ref idref="fl-dd"/>
      </object_component>
      <object_component id="oc-15d">
         <name>.text</name>
         <load_address>0x39c2</load_address>
         <run_address>0x39c2</run_address>
         <size>0x6e</size>
         <input_file_ref idref="fl-d1"/>
      </object_component>
      <object_component id="oc-15">
         <name>.text:decompress:lzss:__TI_decompress_lzss</name>
         <load_address>0x3a30</load_address>
         <run_address>0x3a30</run_address>
         <size>0x68</size>
         <input_file_ref idref="fl-d7"/>
      </object_component>
      <object_component id="oc-30a">
         <name>.text:frexp</name>
         <load_address>0x3a98</load_address>
         <run_address>0x3a98</run_address>
         <size>0x64</size>
         <input_file_ref idref="fl-ed"/>
      </object_component>
      <object_component id="oc-246">
         <name>.text:_pconv_f</name>
         <load_address>0x3afc</load_address>
         <run_address>0x3afc</run_address>
         <size>0x56</size>
         <input_file_ref idref="fl-dd"/>
      </object_component>
      <object_component id="oc-2e9">
         <name>.text:__TI_ltoa</name>
         <load_address>0x3b52</load_address>
         <run_address>0x3b52</run_address>
         <size>0x54</size>
         <input_file_ref idref="fl-e6"/>
      </object_component>
      <object_component id="oc-2ef">
         <name>.text:_ecpy</name>
         <load_address>0x3ba6</load_address>
         <run_address>0x3ba6</run_address>
         <size>0x52</size>
         <input_file_ref idref="fl-dd"/>
      </object_component>
      <object_component id="oc-234">
         <name>.text:atoi</name>
         <load_address>0x3bf8</load_address>
         <run_address>0x3bf8</run_address>
         <size>0x4c</size>
         <input_file_ref idref="fl-e8"/>
      </object_component>
      <object_component id="oc-2e4">
         <name>.text</name>
         <load_address>0x3c44</load_address>
         <run_address>0x3c44</run_address>
         <size>0x48</size>
         <input_file_ref idref="fl-df"/>
      </object_component>
      <object_component id="oc-11d">
         <name>.text:__TI_auto_init_nobinit_nopinit:__TI_auto_init_nobinit_nopinit</name>
         <load_address>0x3c8c</load_address>
         <run_address>0x3c8c</run_address>
         <size>0x44</size>
         <input_file_ref idref="fl-e1"/>
      </object_component>
      <object_component id="oc-ee">
         <name>.text:sprintf</name>
         <load_address>0x3cd0</load_address>
         <run_address>0x3cd0</run_address>
         <size>0x40</size>
         <input_file_ref idref="fl-cb"/>
      </object_component>
      <object_component id="oc-302">
         <name>.text:_fcpy</name>
         <load_address>0x3d10</load_address>
         <run_address>0x3d10</run_address>
         <size>0x3e</size>
         <input_file_ref idref="fl-dd"/>
      </object_component>
      <object_component id="oc-19d">
         <name>.text:calloc</name>
         <load_address>0x3d50</load_address>
         <run_address>0x3d50</run_address>
         <size>0x38</size>
         <input_file_ref idref="fl-d8"/>
      </object_component>
      <object_component id="oc-e9">
         <name>.text</name>
         <load_address>0x3d88</load_address>
         <run_address>0x3d88</run_address>
         <size>0x38</size>
         <input_file_ref idref="fl-d2"/>
      </object_component>
      <object_component id="oc-1b6">
         <name>.text:IntRegister</name>
         <load_address>0x3dc0</load_address>
         <run_address>0x3dc0</run_address>
         <size>0x34</size>
         <input_file_ref idref="fl-f2"/>
      </object_component>
      <object_component id="oc-5c">
         <name>.text:_c_int00_noargs:_c_int00_noargs</name>
         <load_address>0x3df4</load_address>
         <run_address>0x3df4</run_address>
         <size>0x34</size>
         <input_file_ref idref="fl-dc"/>
      </object_component>
      <object_component id="oc-fa">
         <name>.text</name>
         <load_address>0x3e28</load_address>
         <run_address>0x3e28</run_address>
         <size>0x2e</size>
         <input_file_ref idref="fl-d3"/>
      </object_component>
      <object_component id="oc-287">
         <name>.text:free_list_insert</name>
         <load_address>0x3e58</load_address>
         <run_address>0x3e58</run_address>
         <size>0x28</size>
         <input_file_ref idref="fl-d8"/>
      </object_component>
      <object_component id="oc-4a">
         <name>.text:decompress:ZI:__TI_zero_init_nomemset:__TI_zero_init_nomemset</name>
         <load_address>0x3e80</load_address>
         <run_address>0x3e80</run_address>
         <size>0x1c</size>
         <input_file_ref idref="fl-d5"/>
      </object_component>
      <object_component id="oc-281">
         <name>.text:free_list_remove</name>
         <load_address>0x3e9c</load_address>
         <run_address>0x3e9c</run_address>
         <size>0x1c</size>
         <input_file_ref idref="fl-d8"/>
      </object_component>
      <object_component id="oc-258">
         <name>.text:memccpy</name>
         <load_address>0x3eb8</load_address>
         <run_address>0x3eb8</run_address>
         <size>0x1c</size>
         <input_file_ref idref="fl-ea"/>
      </object_component>
      <object_component id="oc-379">
         <name>.text:copysign</name>
         <load_address>0x3ed4</load_address>
         <run_address>0x3ed4</run_address>
         <size>0x1a</size>
         <input_file_ref idref="fl-f1"/>
      </object_component>
      <object_component id="oc-18a">
         <name>.text:_outs</name>
         <load_address>0x3eee</load_address>
         <run_address>0x3eee</run_address>
         <size>0x18</size>
         <input_file_ref idref="fl-cb"/>
      </object_component>
      <object_component id="oc-1a9">
         <name>.text:oi_parseInt</name>
         <load_address>0x3f06</load_address>
         <run_address>0x3f06</run_address>
         <size>0x18</size>
         <input_file_ref idref="fl-7"/>
      </object_component>
      <object_component id="oc-1b0">
         <name>.text:strcmp</name>
         <load_address>0x3f1e</load_address>
         <run_address>0x3f1e</run_address>
         <size>0x18</size>
         <input_file_ref idref="fl-d9"/>
      </object_component>
      <object_component id="oc-316">
         <name>.text:strchr</name>
         <load_address>0x3f36</load_address>
         <run_address>0x3f36</run_address>
         <size>0x16</size>
         <input_file_ref idref="fl-eb"/>
      </object_component>
      <object_component id="oc-e3">
         <name>.text:strlen</name>
         <load_address>0x3f4c</load_address>
         <run_address>0x3f4c</run_address>
         <size>0x14</size>
         <input_file_ref idref="fl-db"/>
      </object_component>
      <object_component id="oc-25e">
         <name>.text:wcslen</name>
         <load_address>0x3f60</load_address>
         <run_address>0x3f60</run_address>
         <size>0x12</size>
         <input_file_ref idref="fl-ef"/>
      </object_component>
      <object_component id="oc-1bc">
         <name>.text:IntMasterEnable</name>
         <load_address>0x3f72</load_address>
         <run_address>0x3f72</run_address>
         <size>0x10</size>
         <input_file_ref idref="fl-f2"/>
      </object_component>
      <object_component id="oc-1b">
         <name>.text:decompress:none:__TI_decompress_none</name>
         <load_address>0x3f82</load_address>
         <run_address>0x3f82</run_address>
         <size>0xe</size>
         <input_file_ref idref="fl-d6"/>
      </object_component>
      <object_component id="oc-29a">
         <name>.text:CPUcpsie</name>
         <load_address>0x3f90</load_address>
         <run_address>0x3f90</run_address>
         <size>0xc</size>
         <input_file_ref idref="fl-f3"/>
      </object_component>
      <object_component id="oc-2a">
         <name>.text</name>
         <load_address>0x3f9c</load_address>
         <run_address>0x3f9c</run_address>
         <size>0xc</size>
         <input_file_ref idref="fl-9"/>
      </object_component>
      <object_component id="oc-190">
         <name>.text:_outc</name>
         <load_address>0x3fa8</load_address>
         <run_address>0x3fa8</run_address>
         <size>0xa</size>
         <input_file_ref idref="fl-cb"/>
      </object_component>
      <object_component id="oc-264">
         <name>.text:__aeabi_errno_addr</name>
         <load_address>0x3fb4</load_address>
         <run_address>0x3fb4</run_address>
         <size>0x8</size>
         <input_file_ref idref="fl-ec"/>
      </object_component>
      <object_component id="oc-27a">
         <name>.text:malloc</name>
         <load_address>0x3fbc</load_address>
         <run_address>0x3fbc</run_address>
         <size>0x8</size>
         <input_file_ref idref="fl-d8"/>
      </object_component>
      <object_component id="oc-9c">
         <name>.text:_system_pre_init</name>
         <load_address>0x3fc4</load_address>
         <run_address>0x3fc4</run_address>
         <size>0x4</size>
         <input_file_ref idref="fl-e2"/>
      </object_component>
      <object_component id="oc-111">
         <name>.text:abort:abort</name>
         <load_address>0x3fc8</load_address>
         <run_address>0x3fc8</run_address>
         <size>0x4</size>
         <input_file_ref idref="fl-e4"/>
      </object_component>
      <object_component id="oc-2d9">
         <name>.const:.string:_ctypes_</name>
         <load_address>0x3fcc</load_address>
         <run_address>0x3fcc</run_address>
         <size>0x101</size>
         <input_file_ref idref="fl-e9"/>
      </object_component>
      <object_component id="oc-1ca">
         <name>.const:.string:$P$T0$3</name>
         <load_address>0x40cd</load_address>
         <run_address>0x40cd</run_address>
         <size>0xf</size>
         <input_file_ref idref="fl-7"/>
      </object_component>
      <object_component id="oc-3dc">
         <name>.cinit..data.load</name>
         <load_address>0x40e0</load_address>
         <run_address>0x40e0</run_address>
         <size>0x18</size>
      </object_component>
      <object_component id="oc-3d9">
         <name>__TI_handler_table</name>
         <load_address>0x40f8</load_address>
         <run_address>0x40f8</run_address>
         <size>0xc</size>
      </object_component>
      <object_component id="oc-3dd">
         <name>.cinit..bss.load</name>
         <load_address>0x4108</load_address>
         <run_address>0x4108</run_address>
         <size>0x8</size>
      </object_component>
      <object_component id="oc-3db">
         <name>.cinit..vtable.load</name>
         <load_address>0x4110</load_address>
         <run_address>0x4110</run_address>
         <size>0x8</size>
      </object_component>
      <object_component id="oc-3da">
         <name>__TI_cinit_table</name>
         <load_address>0x4118</load_address>
         <run_address>0x4118</run_address>
         <size>0x18</size>
      </object_component>
      <object_component id="oc-290">
         <name>.vtable</name>
         <uninitialized>true</uninitialized>
         <run_address>0x20000000</run_address>
         <size>0x26c</size>
         <input_file_ref idref="fl-f2"/>
      </object_component>
      <object_component id="oc-22b">
         <name>.data</name>
         <load_address>0x2000230c</load_address>
         <run_address>0x2000230c</run_address>
         <size>0x1</size>
         <input_file_ref idref="fl-2"/>
      </object_component>
      <object_component id="oc-1c2">
         <name>.data</name>
         <load_address>0x200022d4</load_address>
         <run_address>0x200022d4</run_address>
         <size>0x20</size>
         <input_file_ref idref="fl-7"/>
      </object_component>
      <object_component id="oc-154">
         <name>.data</name>
         <load_address>0x20002304</load_address>
         <run_address>0x20002304</run_address>
         <size>0x4</size>
         <input_file_ref idref="fl-15"/>
      </object_component>
      <object_component id="oc-343">
         <name>.data:$O1$$</name>
         <load_address>0x200022fc</load_address>
         <run_address>0x200022fc</run_address>
         <size>0x8</size>
         <input_file_ref idref="fl-d8"/>
      </object_component>
      <object_component id="oc-1f3">
         <name>.data:$O1$$</name>
         <load_address>0x200022f4</load_address>
         <run_address>0x200022f4</run_address>
         <size>0x8</size>
         <input_file_ref idref="fl-e5"/>
      </object_component>
      <object_component id="oc-326">
         <name>.data</name>
         <load_address>0x20002308</load_address>
         <run_address>0x20002308</run_address>
         <size>0x4</size>
         <input_file_ref idref="fl-ec"/>
      </object_component>
      <object_component id="oc-1cd">
         <name>.bss:firmware$2</name>
         <uninitialized>true</uninitialized>
         <run_address>0x200022a4</run_address>
         <size>0x18</size>
         <input_file_ref idref="fl-7"/>
      </object_component>
      <object_component id="oc-22e">
         <name>.common:_timeout_ticks</name>
         <uninitialized>true</uninitialized>
         <run_address>0x200022bc</run_address>
         <size>0x4</size>
      </object_component>
      <object_component id="oc-227">
         <name>.common:isr_int_value</name>
         <uninitialized>true</uninitialized>
         <run_address>0x200022c4</run_address>
         <size>0x4</size>
      </object_component>
      <object_component id="oc-223">
         <name>.common:risingEdge</name>
         <uninitialized>true</uninitialized>
         <run_address>0x200022cc</run_address>
         <size>0x4</size>
      </object_component>
      <object_component id="oc-224">
         <name>.common:fallingEdge</name>
         <uninitialized>true</uninitialized>
         <run_address>0x200022c0</run_address>
         <size>0x4</size>
      </object_component>
      <object_component id="oc-225">
         <name>.common:pulseLength</name>
         <uninitialized>true</uninitialized>
         <run_address>0x200022c8</run_address>
         <size>0x4</size>
      </object_component>
      <object_component id="oc-220">
         <name>.common:isRisingEdge</name>
         <uninitialized>true</uninitialized>
         <run_address>0x200022d0</run_address>
         <size>0x1</size>
      </object_component>
      <object_component id="oc-151">
         <name>.common:isr_char_buffer</name>
         <uninitialized>true</uninitialized>
         <run_address>0x20002270</run_address>
         <size>0x34</size>
      </object_component>
      <object_component id="oc-24">
         <name>.sysmem</name>
         <uninitialized>true</uninitialized>
         <run_address>0x20001270</run_address>
         <size>0x10</size>
         <input_file_ref idref="fl-d8"/>
      </object_component>
      <object_component id="oc-3e0">
         <name>.sysmem</name>
         <uninitialized>true</uninitialized>
         <run_address>0x20001270</run_address>
         <size>0x0</size>
      </object_component>
      <object_component id="oc-27">
         <name>.stack</name>
         <uninitialized>true</uninitialized>
         <run_address>0x20000270</run_address>
         <size>0x4</size>
         <input_file_ref idref="fl-dc"/>
      </object_component>
      <object_component id="oc-3df">
         <name>.stack</name>
         <uninitialized>true</uninitialized>
         <run_address>0x20000270</run_address>
         <size>0x0</size>
      </object_component>
      <object_component id="oc-c5">
         <name>.debug_info</name>
         <load_address>0x0</load_address>
         <run_address>0x0</run_address>
         <size>0x2b1</size>
         <input_file_ref idref="fl-2"/>
      </object_component>
      <object_component id="oc-22c">
         <name>.debug_info</name>
         <load_address>0x2b1</load_address>
         <run_address>0x2b1</run_address>
         <size>0xbf</size>
         <input_file_ref idref="fl-2"/>
      </object_component>
      <object_component id="oc-175">
         <name>.debug_info</name>
         <load_address>0x370</load_address>
         <run_address>0x370</run_address>
         <size>0x507</size>
         <input_file_ref idref="fl-2"/>
      </object_component>
      <object_component id="oc-77">
         <name>.debug_info</name>
         <load_address>0x877</load_address>
         <run_address>0x877</run_address>
         <size>0x26b</size>
         <input_file_ref idref="fl-2"/>
      </object_component>
      <object_component id="oc-39">
         <name>.debug_info</name>
         <load_address>0xae2</load_address>
         <run_address>0xae2</run_address>
         <size>0x84</size>
         <input_file_ref idref="fl-2"/>
      </object_component>
      <object_component id="oc-c0">
         <name>.debug_info</name>
         <load_address>0xb66</load_address>
         <run_address>0xb66</run_address>
         <size>0x2a4</size>
         <input_file_ref idref="fl-2"/>
      </object_component>
      <object_component id="oc-7c">
         <name>.debug_info</name>
         <load_address>0xe0a</load_address>
         <run_address>0xe0a</run_address>
         <size>0xbb</size>
         <input_file_ref idref="fl-2"/>
      </object_component>
      <object_component id="oc-2ac">
         <name>.debug_info</name>
         <load_address>0xec5</load_address>
         <run_address>0xec5</run_address>
         <size>0x379</size>
         <input_file_ref idref="fl-4"/>
      </object_component>
      <object_component id="oc-1ea">
         <name>.debug_info</name>
         <load_address>0x123e</load_address>
         <run_address>0x123e</run_address>
         <size>0xcc</size>
         <input_file_ref idref="fl-4"/>
      </object_component>
      <object_component id="oc-198">
         <name>.debug_info</name>
         <load_address>0x130a</load_address>
         <run_address>0x130a</run_address>
         <size>0x2c</size>
         <input_file_ref idref="fl-4"/>
      </object_component>
      <object_component id="oc-10b">
         <name>.debug_info</name>
         <load_address>0x1336</load_address>
         <run_address>0x1336</run_address>
         <size>0x488</size>
         <input_file_ref idref="fl-5"/>
      </object_component>
      <object_component id="oc-a4">
         <name>.debug_info</name>
         <load_address>0x17be</load_address>
         <run_address>0x17be</run_address>
         <size>0x319</size>
         <input_file_ref idref="fl-5"/>
      </object_component>
      <object_component id="oc-1e5">
         <name>.debug_info</name>
         <load_address>0x1ad7</load_address>
         <run_address>0x1ad7</run_address>
         <size>0x5aa</size>
         <input_file_ref idref="fl-5"/>
      </object_component>
      <object_component id="oc-10c">
         <name>.debug_info</name>
         <load_address>0x2081</load_address>
         <run_address>0x2081</run_address>
         <size>0x72</size>
         <input_file_ref idref="fl-5"/>
      </object_component>
      <object_component id="oc-1e1">
         <name>.debug_info</name>
         <load_address>0x20f3</load_address>
         <run_address>0x20f3</run_address>
         <size>0x2da</size>
         <input_file_ref idref="fl-6"/>
      </object_component>
      <object_component id="oc-100">
         <name>.debug_info</name>
         <load_address>0x23cd</load_address>
         <run_address>0x23cd</run_address>
         <size>0x808</size>
         <input_file_ref idref="fl-6"/>
      </object_component>
      <object_component id="oc-1cf">
         <name>.debug_info</name>
         <load_address>0x2bd5</load_address>
         <run_address>0x2bd5</run_address>
         <size>0x3f6</size>
         <input_file_ref idref="fl-7"/>
      </object_component>
      <object_component id="oc-1c3">
         <name>.debug_info</name>
         <load_address>0x2fcb</load_address>
         <run_address>0x2fcb</run_address>
         <size>0x111</size>
         <input_file_ref idref="fl-7"/>
      </object_component>
      <object_component id="oc-1cb">
         <name>.debug_info</name>
         <load_address>0x30dc</load_address>
         <run_address>0x30dc</run_address>
         <size>0xc6</size>
         <input_file_ref idref="fl-7"/>
      </object_component>
      <object_component id="oc-1ab">
         <name>.debug_info</name>
         <load_address>0x31a2</load_address>
         <run_address>0x31a2</run_address>
         <size>0x13e</size>
         <input_file_ref idref="fl-7"/>
      </object_component>
      <object_component id="oc-f5">
         <name>.debug_info</name>
         <load_address>0x32e0</load_address>
         <run_address>0x32e0</run_address>
         <size>0x1988</size>
         <input_file_ref idref="fl-7"/>
      </object_component>
      <object_component id="oc-1d0">
         <name>.debug_info</name>
         <load_address>0x4c68</load_address>
         <run_address>0x4c68</run_address>
         <size>0x8b</size>
         <input_file_ref idref="fl-7"/>
      </object_component>
      <object_component id="oc-32">
         <name>.debug_info</name>
         <load_address>0x4cf3</load_address>
         <run_address>0x4cf3</run_address>
         <size>0x29b</size>
         <input_file_ref idref="fl-9"/>
      </object_component>
      <object_component id="oc-13">
         <name>.debug_info</name>
         <load_address>0x4f8e</load_address>
         <run_address>0x4f8e</run_address>
         <size>0xda</size>
         <input_file_ref idref="fl-9"/>
      </object_component>
      <object_component id="oc-2b">
         <name>.debug_info</name>
         <load_address>0x5068</load_address>
         <run_address>0x5068</run_address>
         <size>0x256</size>
         <input_file_ref idref="fl-9"/>
      </object_component>
      <object_component id="oc-17b">
         <name>.debug_info</name>
         <load_address>0x52be</load_address>
         <run_address>0x52be</run_address>
         <size>0x386</size>
         <input_file_ref idref="fl-11"/>
      </object_component>
      <object_component id="oc-e0">
         <name>.debug_info</name>
         <load_address>0x5644</load_address>
         <run_address>0x5644</run_address>
         <size>0x4a3</size>
         <input_file_ref idref="fl-11"/>
      </object_component>
      <object_component id="oc-17c">
         <name>.debug_info</name>
         <load_address>0x5ae7</load_address>
         <run_address>0x5ae7</run_address>
         <size>0x5e</size>
         <input_file_ref idref="fl-11"/>
      </object_component>
      <object_component id="oc-228">
         <name>.debug_info</name>
         <load_address>0x5b45</load_address>
         <run_address>0x5b45</run_address>
         <size>0x289</size>
         <input_file_ref idref="fl-12"/>
      </object_component>
      <object_component id="oc-16f">
         <name>.debug_info</name>
         <load_address>0x5dce</load_address>
         <run_address>0x5dce</run_address>
         <size>0x238</size>
         <input_file_ref idref="fl-12"/>
      </object_component>
      <object_component id="oc-221">
         <name>.debug_info</name>
         <load_address>0x6006</load_address>
         <run_address>0x6006</run_address>
         <size>0x38c</size>
         <input_file_ref idref="fl-13"/>
      </object_component>
      <object_component id="oc-169">
         <name>.debug_info</name>
         <load_address>0x6392</load_address>
         <run_address>0x6392</run_address>
         <size>0x242</size>
         <input_file_ref idref="fl-13"/>
      </object_component>
      <object_component id="oc-163">
         <name>.debug_info</name>
         <load_address>0x65d4</load_address>
         <run_address>0x65d4</run_address>
         <size>0x268</size>
         <input_file_ref idref="fl-14"/>
      </object_component>
      <object_component id="oc-152">
         <name>.debug_info</name>
         <load_address>0x683c</load_address>
         <run_address>0x683c</run_address>
         <size>0x326</size>
         <input_file_ref idref="fl-15"/>
      </object_component>
      <object_component id="oc-155">
         <name>.debug_info</name>
         <load_address>0x6b62</load_address>
         <run_address>0x6b62</run_address>
         <size>0xee</size>
         <input_file_ref idref="fl-15"/>
      </object_component>
      <object_component id="oc-d8">
         <name>.debug_info</name>
         <load_address>0x6c50</load_address>
         <run_address>0x6c50</run_address>
         <size>0x43b</size>
         <input_file_ref idref="fl-15"/>
      </object_component>
      <object_component id="oc-216">
         <name>.debug_info</name>
         <load_address>0x708b</load_address>
         <run_address>0x708b</run_address>
         <size>0x26b</size>
         <input_file_ref idref="fl-15"/>
      </object_component>
      <object_component id="oc-2ce">
         <name>.debug_info</name>
         <load_address>0x72f6</load_address>
         <run_address>0x72f6</run_address>
         <size>0x297</size>
         <input_file_ref idref="fl-15"/>
      </object_component>
      <object_component id="oc-211">
         <name>.debug_info</name>
         <load_address>0x758d</load_address>
         <run_address>0x758d</run_address>
         <size>0xbb</size>
         <input_file_ref idref="fl-15"/>
      </object_component>
      <object_component id="oc-197">
         <name>.debug_info</name>
         <load_address>0x7648</load_address>
         <run_address>0x7648</run_address>
         <size>0x333</size>
         <input_file_ref idref="fl-cb"/>
      </object_component>
      <object_component id="oc-f0">
         <name>.debug_info</name>
         <load_address>0x797b</load_address>
         <run_address>0x797b</run_address>
         <size>0x1d1</size>
         <input_file_ref idref="fl-cb"/>
      </object_component>
      <object_component id="oc-18d">
         <name>.debug_info</name>
         <load_address>0x7b4c</load_address>
         <run_address>0x7b4c</run_address>
         <size>0x18d</size>
         <input_file_ref idref="fl-cb"/>
      </object_component>
      <object_component id="oc-191">
         <name>.debug_info</name>
         <load_address>0x7cd9</load_address>
         <run_address>0x7cd9</run_address>
         <size>0x16d</size>
         <input_file_ref idref="fl-cb"/>
      </object_component>
      <object_component id="oc-32d">
         <name>.debug_info</name>
         <load_address>0x7e46</load_address>
         <run_address>0x7e46</run_address>
         <size>0x2c</size>
         <input_file_ref idref="fl-cb"/>
      </object_component>
      <object_component id="oc-1c7">
         <name>.debug_info</name>
         <load_address>0x7e72</load_address>
         <run_address>0x7e72</run_address>
         <size>0x14c</size>
         <input_file_ref idref="fl-cd"/>
      </object_component>
      <object_component id="oc-1d9">
         <name>.debug_info</name>
         <load_address>0x7fbe</load_address>
         <run_address>0x7fbe</run_address>
         <size>0x128</size>
         <input_file_ref idref="fl-ce"/>
      </object_component>
      <object_component id="oc-1de">
         <name>.debug_info</name>
         <load_address>0x80e6</load_address>
         <run_address>0x80e6</run_address>
         <size>0x12a</size>
         <input_file_ref idref="fl-ce"/>
      </object_component>
      <object_component id="oc-159">
         <name>.debug_info</name>
         <load_address>0x8210</load_address>
         <run_address>0x8210</run_address>
         <size>0x13a</size>
         <input_file_ref idref="fl-cf"/>
      </object_component>
      <object_component id="oc-106">
         <name>.debug_info</name>
         <load_address>0x834a</load_address>
         <run_address>0x834a</run_address>
         <size>0x13a</size>
         <input_file_ref idref="fl-d0"/>
      </object_component>
      <object_component id="oc-15f">
         <name>.debug_info</name>
         <load_address>0x8484</load_address>
         <run_address>0x8484</run_address>
         <size>0x13e</size>
         <input_file_ref idref="fl-d1"/>
      </object_component>
      <object_component id="oc-eb">
         <name>.debug_info</name>
         <load_address>0x85c2</load_address>
         <run_address>0x85c2</run_address>
         <size>0x12c</size>
         <input_file_ref idref="fl-d2"/>
      </object_component>
      <object_component id="oc-fb">
         <name>.debug_info</name>
         <load_address>0x86ee</load_address>
         <run_address>0x86ee</run_address>
         <size>0x12c</size>
         <input_file_ref idref="fl-d3"/>
      </object_component>
      <object_component id="oc-41">
         <name>.debug_info</name>
         <load_address>0x881a</load_address>
         <run_address>0x881a</run_address>
         <size>0x119</size>
         <input_file_ref idref="fl-d4"/>
      </object_component>
      <object_component id="oc-95">
         <name>.debug_info</name>
         <load_address>0x8933</load_address>
         <run_address>0x8933</run_address>
         <size>0x2d4</size>
         <input_file_ref idref="fl-d5"/>
      </object_component>
      <object_component id="oc-4d">
         <name>.debug_info</name>
         <load_address>0x8c07</load_address>
         <run_address>0x8c07</run_address>
         <size>0x1d2</size>
         <input_file_ref idref="fl-d5"/>
      </object_component>
      <object_component id="oc-90">
         <name>.debug_info</name>
         <load_address>0x8dd9</load_address>
         <run_address>0x8dd9</run_address>
         <size>0x46</size>
         <input_file_ref idref="fl-d5"/>
      </object_component>
      <object_component id="oc-ce">
         <name>.debug_info</name>
         <load_address>0x8e1f</load_address>
         <run_address>0x8e1f</run_address>
         <size>0x2c</size>
         <input_file_ref idref="fl-d5"/>
      </object_component>
      <object_component id="oc-49">
         <name>.debug_info</name>
         <load_address>0x8e4b</load_address>
         <run_address>0x8e4b</run_address>
         <size>0x2a8</size>
         <input_file_ref idref="fl-d6"/>
      </object_component>
      <object_component id="oc-1f">
         <name>.debug_info</name>
         <load_address>0x90f3</load_address>
         <run_address>0x90f3</run_address>
         <size>0x1ea</size>
         <input_file_ref idref="fl-d6"/>
      </object_component>
      <object_component id="oc-44">
         <name>.debug_info</name>
         <load_address>0x92dd</load_address>
         <run_address>0x92dd</run_address>
         <size>0x46</size>
         <input_file_ref idref="fl-d6"/>
      </object_component>
      <object_component id="oc-88">
         <name>.debug_info</name>
         <load_address>0x9323</load_address>
         <run_address>0x9323</run_address>
         <size>0x2c</size>
         <input_file_ref idref="fl-d6"/>
      </object_component>
      <object_component id="oc-86">
         <name>.debug_info</name>
         <load_address>0x934f</load_address>
         <run_address>0x934f</run_address>
         <size>0x29e</size>
         <input_file_ref idref="fl-d7"/>
      </object_component>
      <object_component id="oc-19">
         <name>.debug_info</name>
         <load_address>0x95ed</load_address>
         <run_address>0x95ed</run_address>
         <size>0x250</size>
         <input_file_ref idref="fl-d7"/>
      </object_component>
      <object_component id="oc-34">
         <name>.debug_info</name>
         <load_address>0x983d</load_address>
         <run_address>0x983d</run_address>
         <size>0x60</size>
         <input_file_ref idref="fl-d7"/>
      </object_component>
      <object_component id="oc-c7">
         <name>.debug_info</name>
         <load_address>0x989d</load_address>
         <run_address>0x989d</run_address>
         <size>0x46</size>
         <input_file_ref idref="fl-d7"/>
      </object_component>
      <object_component id="oc-81">
         <name>.debug_info</name>
         <load_address>0x98e3</load_address>
         <run_address>0x98e3</run_address>
         <size>0x39</size>
         <input_file_ref idref="fl-d7"/>
      </object_component>
      <object_component id="oc-70">
         <name>.debug_info</name>
         <load_address>0x991c</load_address>
         <run_address>0x991c</run_address>
         <size>0x3b2</size>
         <input_file_ref idref="fl-d8"/>
      </object_component>
      <object_component id="oc-25">
         <name>.debug_info</name>
         <load_address>0x9cce</load_address>
         <run_address>0x9cce</run_address>
         <size>0x10c</size>
         <input_file_ref idref="fl-d8"/>
      </object_component>
      <object_component id="oc-344">
         <name>.debug_info</name>
         <load_address>0x9dda</load_address>
         <run_address>0x9dda</run_address>
         <size>0x13f</size>
         <input_file_ref idref="fl-d8"/>
      </object_component>
      <object_component id="oc-27e">
         <name>.debug_info</name>
         <load_address>0x9f19</load_address>
         <run_address>0x9f19</run_address>
         <size>0x168</size>
         <input_file_ref idref="fl-d8"/>
      </object_component>
      <object_component id="oc-285">
         <name>.debug_info</name>
         <load_address>0xa081</load_address>
         <run_address>0xa081</run_address>
         <size>0x18e</size>
         <input_file_ref idref="fl-d8"/>
      </object_component>
      <object_component id="oc-28b">
         <name>.debug_info</name>
         <load_address>0xa20f</load_address>
         <run_address>0xa20f</run_address>
         <size>0x19f</size>
         <input_file_ref idref="fl-d8"/>
      </object_component>
      <object_component id="oc-1a7">
         <name>.debug_info</name>
         <load_address>0xa3ae</load_address>
         <run_address>0xa3ae</run_address>
         <size>0x203</size>
         <input_file_ref idref="fl-d8"/>
      </object_component>
      <object_component id="oc-399">
         <name>.debug_info</name>
         <load_address>0xa5b1</load_address>
         <run_address>0xa5b1</run_address>
         <size>0x1db</size>
         <input_file_ref idref="fl-d8"/>
      </object_component>
      <object_component id="oc-1a1">
         <name>.debug_info</name>
         <load_address>0xa78c</load_address>
         <run_address>0xa78c</run_address>
         <size>0x1a5</size>
         <input_file_ref idref="fl-d8"/>
      </object_component>
      <object_component id="oc-340">
         <name>.debug_info</name>
         <load_address>0xa931</load_address>
         <run_address>0xa931</run_address>
         <size>0x299</size>
         <input_file_ref idref="fl-d8"/>
      </object_component>
      <object_component id="oc-bb">
         <name>.debug_info</name>
         <load_address>0xabca</load_address>
         <run_address>0xabca</run_address>
         <size>0xb2</size>
         <input_file_ref idref="fl-d8"/>
      </object_component>
      <object_component id="oc-b6">
         <name>.debug_info</name>
         <load_address>0xac7c</load_address>
         <run_address>0xac7c</run_address>
         <size>0x2c</size>
         <input_file_ref idref="fl-d8"/>
      </object_component>
      <object_component id="oc-28f">
         <name>.debug_info</name>
         <load_address>0xaca8</load_address>
         <run_address>0xaca8</run_address>
         <size>0x28a</size>
         <input_file_ref idref="fl-d9"/>
      </object_component>
      <object_component id="oc-1b2">
         <name>.debug_info</name>
         <load_address>0xaf32</load_address>
         <run_address>0xaf32</run_address>
         <size>0x273</size>
         <input_file_ref idref="fl-d9"/>
      </object_component>
      <object_component id="oc-182">
         <name>.debug_info</name>
         <load_address>0xb1a5</load_address>
         <run_address>0xb1a5</run_address>
         <size>0x28f</size>
         <input_file_ref idref="fl-db"/>
      </object_component>
      <object_component id="oc-e4">
         <name>.debug_info</name>
         <load_address>0xb434</load_address>
         <run_address>0xb434</run_address>
         <size>0x245</size>
         <input_file_ref idref="fl-db"/>
      </object_component>
      <object_component id="oc-28">
         <name>.debug_info</name>
         <load_address>0xb679</load_address>
         <run_address>0xb679</run_address>
         <size>0x10b</size>
         <input_file_ref idref="fl-dc"/>
      </object_component>
      <object_component id="oc-5d">
         <name>.debug_info</name>
         <load_address>0xb784</load_address>
         <run_address>0xb784</run_address>
         <size>0x1a9</size>
         <input_file_ref idref="fl-dc"/>
      </object_component>
      <object_component id="oc-26b">
         <name>.debug_info</name>
         <load_address>0xb92d</load_address>
         <run_address>0xb92d</run_address>
         <size>0x590</size>
         <input_file_ref idref="fl-dd"/>
      </object_component>
      <object_component id="oc-23b">
         <name>.debug_info</name>
         <load_address>0xbebd</load_address>
         <run_address>0xbebd</run_address>
         <size>0x21e</size>
         <input_file_ref idref="fl-dd"/>
      </object_component>
      <object_component id="oc-2f1">
         <name>.debug_info</name>
         <load_address>0xc0db</load_address>
         <run_address>0xc0db</run_address>
         <size>0x1b3</size>
         <input_file_ref idref="fl-dd"/>
      </object_component>
      <object_component id="oc-2f7">
         <name>.debug_info</name>
         <load_address>0xc28e</load_address>
         <run_address>0xc28e</run_address>
         <size>0x21b</size>
         <input_file_ref idref="fl-dd"/>
      </object_component>
      <object_component id="oc-242">
         <name>.debug_info</name>
         <load_address>0xc4a9</load_address>
         <run_address>0xc4a9</run_address>
         <size>0x3c0</size>
         <input_file_ref idref="fl-dd"/>
      </object_component>
      <object_component id="oc-2fe">
         <name>.debug_info</name>
         <load_address>0xc869</load_address>
         <run_address>0xc869</run_address>
         <size>0x30a</size>
         <input_file_ref idref="fl-dd"/>
      </object_component>
      <object_component id="oc-304">
         <name>.debug_info</name>
         <load_address>0xcb73</load_address>
         <run_address>0xcb73</run_address>
         <size>0x215</size>
         <input_file_ref idref="fl-dd"/>
      </object_component>
      <object_component id="oc-249">
         <name>.debug_info</name>
         <load_address>0xcd88</load_address>
         <run_address>0xcd88</run_address>
         <size>0x215</size>
         <input_file_ref idref="fl-dd"/>
      </object_component>
      <object_component id="oc-24e">
         <name>.debug_info</name>
         <load_address>0xcf9d</load_address>
         <run_address>0xcf9d</run_address>
         <size>0x304</size>
         <input_file_ref idref="fl-dd"/>
      </object_component>
      <object_component id="oc-253">
         <name>.debug_info</name>
         <load_address>0xd2a1</load_address>
         <run_address>0xd2a1</run_address>
         <size>0x4b5</size>
         <input_file_ref idref="fl-dd"/>
      </object_component>
      <object_component id="oc-185">
         <name>.debug_info</name>
         <load_address>0xd756</load_address>
         <run_address>0xd756</run_address>
         <size>0x5f4</size>
         <input_file_ref idref="fl-dd"/>
      </object_component>
      <object_component id="oc-26c">
         <name>.debug_info</name>
         <load_address>0xdd4a</load_address>
         <run_address>0xdd4a</run_address>
         <size>0x86</size>
         <input_file_ref idref="fl-dd"/>
      </object_component>
      <object_component id="oc-332">
         <name>.debug_info</name>
         <load_address>0xddd0</load_address>
         <run_address>0xddd0</run_address>
         <size>0x39</size>
         <input_file_ref idref="fl-dd"/>
      </object_component>
      <object_component id="oc-390">
         <name>.debug_info</name>
         <load_address>0xde09</load_address>
         <run_address>0xde09</run_address>
         <size>0xb6</size>
         <input_file_ref idref="fl-dd"/>
      </object_component>
      <object_component id="oc-337">
         <name>.debug_info</name>
         <load_address>0xdebf</load_address>
         <run_address>0xdebf</run_address>
         <size>0x46</size>
         <input_file_ref idref="fl-dd"/>
      </object_component>
      <object_component id="oc-271">
         <name>.debug_info</name>
         <load_address>0xdf05</load_address>
         <run_address>0xdf05</run_address>
         <size>0x46</size>
         <input_file_ref idref="fl-dd"/>
      </object_component>
      <object_component id="oc-98">
         <name>.debug_info</name>
         <load_address>0xdf4b</load_address>
         <run_address>0xdf4b</run_address>
         <size>0x147</size>
         <input_file_ref idref="fl-de"/>
      </object_component>
      <object_component id="oc-2e5">
         <name>.debug_info</name>
         <load_address>0xe092</load_address>
         <run_address>0xe092</run_address>
         <size>0x12e</size>
         <input_file_ref idref="fl-df"/>
      </object_component>
      <object_component id="oc-2df">
         <name>.debug_info</name>
         <load_address>0xe1c0</load_address>
         <run_address>0xe1c0</run_address>
         <size>0x134</size>
         <input_file_ref idref="fl-e0"/>
      </object_component>
      <object_component id="oc-1fa">
         <name>.debug_info</name>
         <load_address>0xe2f4</load_address>
         <run_address>0xe2f4</run_address>
         <size>0x4b3</size>
         <input_file_ref idref="fl-e1"/>
      </object_component>
      <object_component id="oc-120">
         <name>.debug_info</name>
         <load_address>0xe7a7</load_address>
         <run_address>0xe7a7</run_address>
         <size>0x1a6</size>
         <input_file_ref idref="fl-e1"/>
      </object_component>
      <object_component id="oc-2bd">
         <name>.debug_info</name>
         <load_address>0xe94d</load_address>
         <run_address>0xe94d</run_address>
         <size>0x39</size>
         <input_file_ref idref="fl-e1"/>
      </object_component>
      <object_component id="oc-354">
         <name>.debug_info</name>
         <load_address>0xe986</load_address>
         <run_address>0xe986</run_address>
         <size>0x39</size>
         <input_file_ref idref="fl-e1"/>
      </object_component>
      <object_component id="oc-2c2">
         <name>.debug_info</name>
         <load_address>0xe9bf</load_address>
         <run_address>0xe9bf</run_address>
         <size>0x39</size>
         <input_file_ref idref="fl-e1"/>
      </object_component>
      <object_component id="oc-2c7">
         <name>.debug_info</name>
         <load_address>0xe9f8</load_address>
         <run_address>0xe9f8</run_address>
         <size>0xcd</size>
         <input_file_ref idref="fl-e1"/>
      </object_component>
      <object_component id="oc-9e">
         <name>.debug_info</name>
         <load_address>0xeac5</load_address>
         <run_address>0xeac5</run_address>
         <size>0x153</size>
         <input_file_ref idref="fl-e2"/>
      </object_component>
      <object_component id="oc-112">
         <name>.debug_info</name>
         <load_address>0xec18</load_address>
         <run_address>0xec18</run_address>
         <size>0x122</size>
         <input_file_ref idref="fl-e4"/>
      </object_component>
      <object_component id="oc-2b7">
         <name>.debug_info</name>
         <load_address>0xed3a</load_address>
         <run_address>0xed3a</run_address>
         <size>0x2c9</size>
         <input_file_ref idref="fl-e5"/>
      </object_component>
      <object_component id="oc-1f4">
         <name>.debug_info</name>
         <load_address>0xf003</load_address>
         <run_address>0xf003</run_address>
         <size>0x11e</size>
         <input_file_ref idref="fl-e5"/>
      </object_component>
      <object_component id="oc-2b0">
         <name>.debug_info</name>
         <load_address>0xf121</load_address>
         <run_address>0xf121</run_address>
         <size>0x12e</size>
         <input_file_ref idref="fl-e5"/>
      </object_component>
      <object_component id="oc-36d">
         <name>.debug_info</name>
         <load_address>0xf24f</load_address>
         <run_address>0xf24f</run_address>
         <size>0x29c</size>
         <input_file_ref idref="fl-e6"/>
      </object_component>
      <object_component id="oc-2ea">
         <name>.debug_info</name>
         <load_address>0xf4eb</load_address>
         <run_address>0xf4eb</run_address>
         <size>0x1da</size>
         <input_file_ref idref="fl-e6"/>
      </object_component>
      <object_component id="oc-2dd">
         <name>.debug_info</name>
         <load_address>0xf6c5</load_address>
         <run_address>0xf6c5</run_address>
         <size>0x2b9</size>
         <input_file_ref idref="fl-e8"/>
      </object_component>
      <object_component id="oc-236">
         <name>.debug_info</name>
         <load_address>0xf97e</load_address>
         <run_address>0xf97e</run_address>
         <size>0x17c</size>
         <input_file_ref idref="fl-e8"/>
      </object_component>
      <object_component id="oc-362">
         <name>.debug_info</name>
         <load_address>0xfafa</load_address>
         <run_address>0xfafa</run_address>
         <size>0xf9</size>
         <input_file_ref idref="fl-e9"/>
      </object_component>
      <object_component id="oc-2da">
         <name>.debug_info</name>
         <load_address>0xfbf3</load_address>
         <run_address>0xfbf3</run_address>
         <size>0x105</size>
         <input_file_ref idref="fl-e9"/>
      </object_component>
      <object_component id="oc-31e">
         <name>.debug_info</name>
         <load_address>0xfcf8</load_address>
         <run_address>0xfcf8</run_address>
         <size>0x2a7</size>
         <input_file_ref idref="fl-ea"/>
      </object_component>
      <object_component id="oc-25c">
         <name>.debug_info</name>
         <load_address>0xff9f</load_address>
         <run_address>0xff9f</run_address>
         <size>0x1b8</size>
         <input_file_ref idref="fl-ea"/>
      </object_component>
      <object_component id="oc-382">
         <name>.debug_info</name>
         <load_address>0x10157</load_address>
         <run_address>0x10157</run_address>
         <size>0x29a</size>
         <input_file_ref idref="fl-eb"/>
      </object_component>
      <object_component id="oc-317">
         <name>.debug_info</name>
         <load_address>0x103f1</load_address>
         <run_address>0x103f1</run_address>
         <size>0x262</size>
         <input_file_ref idref="fl-eb"/>
      </object_component>
      <object_component id="oc-32a">
         <name>.debug_info</name>
         <load_address>0x10653</load_address>
         <run_address>0x10653</run_address>
         <size>0x289</size>
         <input_file_ref idref="fl-ec"/>
      </object_component>
      <object_component id="oc-327">
         <name>.debug_info</name>
         <load_address>0x108dc</load_address>
         <run_address>0x108dc</run_address>
         <size>0x10e</size>
         <input_file_ref idref="fl-ec"/>
      </object_component>
      <object_component id="oc-265">
         <name>.debug_info</name>
         <load_address>0x109ea</load_address>
         <run_address>0x109ea</run_address>
         <size>0x14e</size>
         <input_file_ref idref="fl-ec"/>
      </object_component>
      <object_component id="oc-373">
         <name>.debug_info</name>
         <load_address>0x10b38</load_address>
         <run_address>0x10b38</run_address>
         <size>0x29a</size>
         <input_file_ref idref="fl-ed"/>
      </object_component>
      <object_component id="oc-30c">
         <name>.debug_info</name>
         <load_address>0x10dd2</load_address>
         <run_address>0x10dd2</run_address>
         <size>0x195</size>
         <input_file_ref idref="fl-ed"/>
      </object_component>
      <object_component id="oc-3a5">
         <name>.debug_info</name>
         <load_address>0x10f67</load_address>
         <run_address>0x10f67</run_address>
         <size>0x39</size>
         <input_file_ref idref="fl-ed"/>
      </object_component>
      <object_component id="oc-374">
         <name>.debug_info</name>
         <load_address>0x10fa0</load_address>
         <run_address>0x10fa0</run_address>
         <size>0x2c</size>
         <input_file_ref idref="fl-ed"/>
      </object_component>
      <object_component id="oc-380">
         <name>.debug_info</name>
         <load_address>0x10fcc</load_address>
         <run_address>0x10fcc</run_address>
         <size>0x2fd</size>
         <input_file_ref idref="fl-ee"/>
      </object_component>
      <object_component id="oc-311">
         <name>.debug_info</name>
         <load_address>0x112c9</load_address>
         <run_address>0x112c9</run_address>
         <size>0x225</size>
         <input_file_ref idref="fl-ee"/>
      </object_component>
      <object_component id="oc-325">
         <name>.debug_info</name>
         <load_address>0x114ee</load_address>
         <run_address>0x114ee</run_address>
         <size>0x28f</size>
         <input_file_ref idref="fl-ef"/>
      </object_component>
      <object_component id="oc-261">
         <name>.debug_info</name>
         <load_address>0x1177d</load_address>
         <run_address>0x1177d</run_address>
         <size>0x15a</size>
         <input_file_ref idref="fl-ef"/>
      </object_component>
      <object_component id="oc-385">
         <name>.debug_info</name>
         <load_address>0x118d7</load_address>
         <run_address>0x118d7</run_address>
         <size>0x46</size>
         <input_file_ref idref="fl-ef"/>
      </object_component>
      <object_component id="oc-320">
         <name>.debug_info</name>
         <load_address>0x1191d</load_address>
         <run_address>0x1191d</run_address>
         <size>0x39</size>
         <input_file_ref idref="fl-ef"/>
      </object_component>
      <object_component id="oc-367">
         <name>.debug_info</name>
         <load_address>0x11956</load_address>
         <run_address>0x11956</run_address>
         <size>0x115</size>
         <input_file_ref idref="fl-f0"/>
      </object_component>
      <object_component id="oc-37a">
         <name>.debug_info</name>
         <load_address>0x11a6b</load_address>
         <run_address>0x11a6b</run_address>
         <size>0x161</size>
         <input_file_ref idref="fl-f1"/>
      </object_component>
      <object_component id="oc-299">
         <name>.debug_info</name>
         <load_address>0x11bcc</load_address>
         <run_address>0x11bcc</run_address>
         <size>0x20e</size>
         <input_file_ref idref="fl-f2"/>
      </object_component>
      <object_component id="oc-291">
         <name>.debug_info</name>
         <load_address>0x11dda</load_address>
         <run_address>0x11dda</run_address>
         <size>0x157</size>
         <input_file_ref idref="fl-f2"/>
      </object_component>
      <object_component id="oc-1b8">
         <name>.debug_info</name>
         <load_address>0x11f31</load_address>
         <run_address>0x11f31</run_address>
         <size>0x2c1</size>
         <input_file_ref idref="fl-f2"/>
      </object_component>
      <object_component id="oc-1bd">
         <name>.debug_info</name>
         <load_address>0x121f2</load_address>
         <run_address>0x121f2</run_address>
         <size>0x23e</size>
         <input_file_ref idref="fl-f2"/>
      </object_component>
      <object_component id="oc-294">
         <name>.debug_info</name>
         <load_address>0x12430</load_address>
         <run_address>0x12430</run_address>
         <size>0x18b</size>
         <input_file_ref idref="fl-f2"/>
      </object_component>
      <object_component id="oc-29d">
         <name>.debug_info</name>
         <load_address>0x125bb</load_address>
         <run_address>0x125bb</run_address>
         <size>0x212</size>
         <input_file_ref idref="fl-f3"/>
      </object_component>
      <object_component id="oc-3e1">
         <name>.debug_info</name>
         <load_address>0x127cd</load_address>
         <run_address>0x127cd</run_address>
         <size>0x8d</size>
      </object_component>
      <object_component id="oc-150">
         <name>.debug_line</name>
         <load_address>0x0</load_address>
         <run_address>0x0</run_address>
         <size>0x69</size>
         <input_file_ref idref="fl-2"/>
      </object_component>
      <object_component id="oc-2d8">
         <name>.debug_line</name>
         <load_address>0x69</load_address>
         <run_address>0x69</run_address>
         <size>0x2e</size>
         <input_file_ref idref="fl-2"/>
      </object_component>
      <object_component id="oc-178">
         <name>.debug_line</name>
         <load_address>0x97</load_address>
         <run_address>0x97</run_address>
         <size>0x179</size>
         <input_file_ref idref="fl-2"/>
      </object_component>
      <object_component id="oc-7a">
         <name>.debug_line</name>
         <load_address>0x210</load_address>
         <run_address>0x210</run_address>
         <size>0x6f</size>
         <input_file_ref idref="fl-2"/>
      </object_component>
      <object_component id="oc-3c">
         <name>.debug_line</name>
         <load_address>0x27f</load_address>
         <run_address>0x27f</run_address>
         <size>0x20</size>
         <input_file_ref idref="fl-2"/>
      </object_component>
      <object_component id="oc-c3">
         <name>.debug_line</name>
         <load_address>0x29f</load_address>
         <run_address>0x29f</run_address>
         <size>0x73</size>
         <input_file_ref idref="fl-2"/>
      </object_component>
      <object_component id="oc-7f">
         <name>.debug_line</name>
         <load_address>0x312</load_address>
         <run_address>0x312</run_address>
         <size>0x70</size>
         <input_file_ref idref="fl-2"/>
      </object_component>
      <object_component id="oc-350">
         <name>.debug_line</name>
         <load_address>0x382</load_address>
         <run_address>0x382</run_address>
         <size>0xc3</size>
         <input_file_ref idref="fl-4"/>
      </object_component>
      <object_component id="oc-1ed">
         <name>.debug_line</name>
         <load_address>0x445</load_address>
         <run_address>0x445</run_address>
         <size>0x6a</size>
         <input_file_ref idref="fl-4"/>
      </object_component>
      <object_component id="oc-19b">
         <name>.debug_line</name>
         <load_address>0x4af</load_address>
         <run_address>0x4af</run_address>
         <size>0x6b</size>
         <input_file_ref idref="fl-4"/>
      </object_component>
      <object_component id="oc-1e4">
         <name>.debug_line</name>
         <load_address>0x51a</load_address>
         <run_address>0x51a</run_address>
         <size>0x10a</size>
         <input_file_ref idref="fl-5"/>
      </object_component>
      <object_component id="oc-a3">
         <name>.debug_line</name>
         <load_address>0x624</load_address>
         <run_address>0x624</run_address>
         <size>0xd8</size>
         <input_file_ref idref="fl-5"/>
      </object_component>
      <object_component id="oc-1e8">
         <name>.debug_line</name>
         <load_address>0x6fc</load_address>
         <run_address>0x6fc</run_address>
         <size>0x37</size>
         <input_file_ref idref="fl-5"/>
      </object_component>
      <object_component id="oc-10f">
         <name>.debug_line</name>
         <load_address>0x733</load_address>
         <run_address>0x733</run_address>
         <size>0x3a</size>
         <input_file_ref idref="fl-5"/>
      </object_component>
      <object_component id="oc-2ab">
         <name>.debug_line</name>
         <load_address>0x76d</load_address>
         <run_address>0x76d</run_address>
         <size>0x37</size>
         <input_file_ref idref="fl-6"/>
      </object_component>
      <object_component id="oc-103">
         <name>.debug_line</name>
         <load_address>0x7a4</load_address>
         <run_address>0x7a4</run_address>
         <size>0x133</size>
         <input_file_ref idref="fl-6"/>
      </object_component>
      <object_component id="oc-2a7">
         <name>.debug_line</name>
         <load_address>0x8d7</load_address>
         <run_address>0x8d7</run_address>
         <size>0xff</size>
         <input_file_ref idref="fl-7"/>
      </object_component>
      <object_component id="oc-2a2">
         <name>.debug_line</name>
         <load_address>0x9d6</load_address>
[...]
         <value>0x279</value>
         <object_component_ref idref="oc-f4"/>
      </symbol>
      <symbol id="sm-1ba">
         <name>oi_getMotorCalibrationRight</name>
         <value>0xe01</value>
         <object_component_ref idref="oc-f4"/>
      </symbol>
      <symbol id="sm-1bb">
         <name>oi_uartReceive</name>
         <value>0xa31</value>
         <object_component_ref idref="oc-f4"/>
      </symbol>
      <symbol id="sm-1bc">
         <name>oi_setWheels</name>
         <value>0x88f</value>
         <object_component_ref idref="oc-f4"/>
      </symbol>
      <symbol id="sm-1bd">
         <name>oi_shutoff_init</name>
         <value>0xb51</value>
         <object_component_ref idref="oc-f4"/>
      </symbol>
      <symbol id="sm-1be">
         <name>motor_cal_factor_L</name>
         <value>0x200022d4</value>
         <object_component_ref idref="oc-1c2"/>
      </symbol>
      <symbol id="sm-1bf">
         <name>motor_cal_factor_R</name>
         <value>0x200022d8</value>
         <object_component_ref idref="oc-1c2"/>
      </symbol>
      <symbol id="sm-1c0">
         <name>oi_parseInt</name>
         <value>0x3f07</value>
         <object_component_ref idref="oc-1a9"/>
      </symbol>
      <symbol id="sm-1c1">
         <name>oi_setMotorCalibration</name>
         <value>0xdb1</value>
         <object_component_ref idref="oc-f4"/>
      </symbol>
      <symbol id="sm-1c2">
         <name>oi_uartSendStr</name>
         <value>0xa59</value>
         <object_component_ref idref="oc-f4"/>
      </symbol>
      <symbol id="sm-1c3">
         <name>oi_close</name>
         <value>0x2c7</value>
         <object_component_ref idref="oc-f4"/>
      </symbol>
      <symbol id="sm-1c4">
         <name>oi_uartSendBuff</name>
         <value>0xa77</value>
         <object_component_ref idref="oc-f4"/>
      </symbol>
      <symbol id="sm-1c5">
         <name>oi_checkFirmware</name>
         <value>0xaa9</value>
         <object_component_ref idref="oc-f4"/>
      </symbol>
      <symbol id="sm-1c6">
         <name>oi_init_noupdate</name>
         <value>0x289</value>
         <object_component_ref idref="oc-f4"/>
      </symbol>
      <symbol id="sm-1c7">
         <name>oi_uartSendChar</name>
         <value>0xa15</value>
         <object_component_ref idref="oc-f4"/>
      </symbol>
      <symbol id="sm-1c8">
         <name>oi_alloc</name>
         <value>0x26d</value>
         <object_component_ref idref="oc-f4"/>
      </symbol>
      <symbol id="sm-1c9">
         <name>oi_getMotorCalibrationLeft</name>
         <value>0xded</value>
         <object_component_ref idref="oc-f4"/>
      </symbol>
      <symbol id="sm-1ca">
         <name>oi_loadSong</name>
         <value>0x915</value>
         <object_component_ref idref="oc-f4"/>
      </symbol>
      <symbol id="sm-1cb">
         <name>oi_play_song</name>
         <value>0x96b</value>
         <object_component_ref idref="oc-f4"/>
      </symbol>
      <symbol id="sm-1cc">
         <name>oi_parsePacket</name>
         <value>0x32b</value>
         <object_component_ref idref="oc-f4"/>
      </symbol>
      <symbol id="sm-1cd">
         <name>oi_setLeds</name>
         <value>0x84b</value>
         <object_component_ref idref="oc-f4"/>
      </symbol>
      <symbol id="sm-1ce">
         <name>oi_init</name>
         <value>0x2b1</value>
         <object_component_ref idref="oc-f4"/>
      </symbol>
      <symbol id="sm-1cf">
         <name>oi_update</name>
         <value>0x2d9</value>
         <object_component_ref idref="oc-f4"/>
      </symbol>
      <symbol id="sm-1d0">
         <name>oi_uartInit</name>
         <value>0x98d</value>
         <object_component_ref idref="oc-f4"/>
      </symbol>
      <symbol id="sm-1ed">
         <name>ResetISR</name>
         <value>0x3f9d</value>
         <object_component_ref idref="oc-2a"/>
      </symbol>
      <symbol id="sm-1ee">
         <name>g_pfnVectors</name>
         <value>0x0</value>
         <object_component_ref idref="oc-12"/>
      </symbol>
      <symbol id="sm-20b">
         <name>cyBot_FindObjects</name>
         <value>0x2a55</value>
         <object_component_ref idref="oc-dd"/>
      </symbol>
      <symbol id="sm-20c">
         <name>cyBOT_Scan</name>
         <value>0x2b6b</value>
         <object_component_ref idref="oc-dd"/>
      </symbol>
      <symbol id="sm-20d">
         <name>cyBOT_init_Scan</name>
         <value>0x2b5b</value>
         <object_component_ref idref="oc-dd"/>
      </symbol>
      <symbol id="sm-234">
         <name>isr_int_value</name>
         <value>0x200022c4</value>
      </symbol>
      <symbol id="sm-235">
         <name>ir_enableInterrupt</name>
         <value>0x3117</value>
         <object_component_ref idref="oc-16e"/>
      </symbol>
      <symbol id="sm-236">
         <name>ir_getDistance</name>
         <value>0x30f9</value>
         <object_component_ref idref="oc-16e"/>
      </symbol>
      <symbol id="sm-237">
         <name>ir_init</name>
         <value>0x3069</value>
         <object_component_ref idref="oc-16e"/>
      </symbol>
      <symbol id="sm-238">
         <name>ADC0SS0_Handler</name>
         <value>0x3101</value>
         <object_component_ref idref="oc-16e"/>
      </symbol>
      <symbol id="sm-239">
         <name>ir_getValue</name>
         <value>0x30d1</value>
         <object_component_ref idref="oc-16e"/>
      </symbol>
      <symbol id="sm-268">
         <name>risingEdge</name>
         <value>0x200022cc</value>
      </symbol>
      <symbol id="sm-269">
         <name>fallingEdge</name>
         <value>0x200022c0</value>
      </symbol>
      <symbol id="sm-26a">
         <name>pulseLength</name>
         <value>0x200022c8</value>
      </symbol>
      <symbol id="sm-26b">
         <name>isRisingEdge</name>
         <value>0x200022d0</value>
      </symbol>
      <symbol id="sm-26c">
         <name>TIMER3B_Handler</name>
         <value>0x2475</value>
         <object_component_ref idref="oc-168"/>
      </symbol>
      <symbol id="sm-26d">
         <name>ping_init</name>
         <value>0x2385</value>
         <object_component_ref idref="oc-168"/>
      </symbol>
      <symbol id="sm-26e">
         <name>ping_getDistance</name>
         <value>0x24c7</value>
         <object_component_ref idref="oc-168"/>
      </symbol>
      <symbol id="sm-26f">
         <name>ping_trigger</name>
         <value>0x240b</value>
         <object_component_ref idref="oc-168"/>
      </symbol>
      <symbol id="sm-28d">
         <name>servo_move</name>
         <value>0x2fc9</value>
         <object_component_ref idref="oc-162"/>
      </symbol>
      <symbol id="sm-28e">
         <name>servo_init</name>
         <value>0x2f45</value>
         <object_component_ref idref="oc-162"/>
      </symbol>
      <symbol id="sm-28f">
         <name>servo_stop</name>
         <value>0x2fbd</value>
         <object_component_ref idref="oc-162"/>
      </symbol>
      <symbol id="sm-290">
         <name>servo_setPWM</name>
         <value>0x3013</value>
         <object_component_ref idref="oc-162"/>
      </symbol>
      <symbol id="sm-2cc">
         <name>isr_char_buffer</name>
         <value>0x20002270</value>
      </symbol>
      <symbol id="sm-2cd">
         <name>cyBot_getByte</name>
         <value>0x29e7</value>
         <object_component_ref idref="oc-d7"/>
      </symbol>
      <symbol id="sm-2ce">
         <name>cyBot_sendByte</name>
         <value>0x28f9</value>
         <object_component_ref idref="oc-d7"/>
      </symbol>
      <symbol id="sm-2cf">
         <name>cyBot_uart_sendStr</name>
         <value>0x2905</value>
         <object_component_ref idref="oc-d7"/>
      </symbol>
      <symbol id="sm-2d0">
         <name>isr_counter</name>
         <value>0x20002304</value>
         <object_component_ref idref="oc-154"/>
      </symbol>
      <symbol id="sm-2d1">
         <name>cyBot_uart_sendBuffer</name>
         <value>0x291f</value>
         <object_component_ref idref="oc-d7"/>
      </symbol>
      <symbol id="sm-2d2">
         <name>cyBot_uart_flush</name>
         <value>0x29c9</value>
         <object_component_ref idref="oc-d7"/>
      </symbol>
      <symbol id="sm-2d3">
         <name>cyBot_UART1_Handler</name>
         <value>0x2a01</value>
         <object_component_ref idref="oc-d7"/>
      </symbol>
      <symbol id="sm-2d4">
         <name>cyBot_uart_init</name>
         <value>0x2937</value>
         <object_component_ref idref="oc-d7"/>
      </symbol>
      <symbol id="sm-2fb">
         <name>sprintf</name>
         <value>0x3cd1</value>
         <object_component_ref idref="oc-ee"/>
      </symbol>
      <symbol id="sm-313">
         <name>__aeabi_dsub</name>
         <value>0x2741</value>
         <object_component_ref idref="oc-1c5"/>
      </symbol>
      <symbol id="sm-314">
         <name>__aeabi_dadd</name>
         <value>0x274b</value>
         <object_component_ref idref="oc-1c5"/>
      </symbol>
      <symbol id="sm-336">
         <name>__aeabi_cdcmpeq</name>
         <value>0x375d</value>
         <object_component_ref idref="oc-1d6"/>
      </symbol>
      <symbol id="sm-337">
         <name>__aeabi_cdcmple</name>
         <value>0x375d</value>
         <object_component_ref idref="oc-1d6"/>
      </symbol>
      <symbol id="sm-338">
         <name>__aeabi_cdrcmple</name>
         <value>0x37e3</value>
         <object_component_ref idref="oc-1db"/>
      </symbol>
      <symbol id="sm-34c">
         <name>__aeabi_ddiv</name>
         <value>0x2ce9</value>
         <object_component_ref idref="oc-158"/>
      </symbol>
      <symbol id="sm-357">
         <name>__aeabi_dmul</name>
         <value>0x3399</value>
         <object_component_ref idref="oc-105"/>
      </symbol>
      <symbol id="sm-363">
         <name>__aeabi_d2f</name>
         <value>0x39c3</value>
         <object_component_ref idref="oc-15d"/>
      </symbol>
      <symbol id="sm-36e">
         <name>__aeabi_f2d</name>
         <value>0x3d89</value>
         <object_component_ref idref="oc-e9"/>
      </symbol>
      <symbol id="sm-378">
         <name>__aeabi_i2d</name>
         <value>0x3e29</value>
         <object_component_ref idref="oc-fa"/>
      </symbol>
      <symbol id="sm-393">
         <name>memcpy</name>
         <value>0x362b</value>
         <object_component_ref idref="oc-3e"/>
      </symbol>
      <symbol id="sm-394">
         <name>__aeabi_memcpy</name>
         <value>0x362b</value>
         <object_component_ref idref="oc-3e"/>
      </symbol>
      <symbol id="sm-395">
         <name>__aeabi_memcpy8</name>
         <value>0x362b</value>
         <object_component_ref idref="oc-3e"/>
      </symbol>
      <symbol id="sm-396">
         <name>__aeabi_memcpy4</name>
         <value>0x362b</value>
         <object_component_ref idref="oc-3e"/>
      </symbol>
      <symbol id="sm-3af">
         <name>__TI_zero_init_nomemset</name>
         <value>0x3e81</value>
         <object_component_ref idref="oc-4a"/>
      </symbol>
      <symbol id="sm-3c6">
         <name>__TI_decompress_none</name>
         <value>0x3f83</value>
         <object_component_ref idref="oc-1b"/>
      </symbol>
      <symbol id="sm-3e9">
         <name>__TI_decompress_lzss</name>
         <value>0x3a31</value>
         <object_component_ref idref="oc-15"/>
      </symbol>
      <symbol id="sm-47e">
         <name>_sys_memory</name>
         <value>0x20001270</value>
         <object_component_ref idref="oc-24"/>
      </symbol>
      <symbol id="sm-47f">
         <name>free</name>
         <value>0x3495</value>
         <object_component_ref idref="oc-1a3"/>
      </symbol>
      <symbol id="sm-480">
         <name>memalign</name>
         <value>0x3291</value>
         <object_component_ref idref="oc-33c"/>
      </symbol>
      <symbol id="sm-481">
         <name>calloc</name>
         <value>0x3d51</value>
         <object_component_ref idref="oc-19d"/>
      </symbol>
      <symbol id="sm-482">
         <name>malloc</name>
         <value>0x3fbd</value>
         <object_component_ref idref="oc-27a"/>
      </symbol>
      <symbol id="sm-483">
         <name>aligned_alloc</name>
         <value>0x3291</value>
         <object_component_ref idref="oc-33c"/>
      </symbol>
      <symbol id="sm-492">
         <name>strcmp</name>
         <value>0x3f1f</value>
         <object_component_ref idref="oc-1b0"/>
      </symbol>
      <symbol id="sm-4a1">
         <name>strlen</name>
         <value>0x3f4d</value>
         <object_component_ref idref="oc-e3"/>
      </symbol>
      <symbol id="sm-4b4">
         <name>__stack</name>
         <value>0x20000270</value>
         <object_component_ref idref="oc-27"/>
      </symbol>
      <symbol id="sm-4b5">
         <name>_c_int00_noargs</name>
         <value>0x3df5</value>
         <object_component_ref idref="oc-5c"/>
      </symbol>
      <symbol id="sm-61a">
         <name>__TI_printfi</name>
         <value>0xe8d</value>
         <object_component_ref idref="oc-184"/>
      </symbol>
      <symbol id="sm-629">
         <name>__aeabi_memset</name>
         <value>0x386b</value>
         <object_component_ref idref="oc-96"/>
      </symbol>
      <symbol id="sm-62a">
         <name>memset</name>
         <value>0x3871</value>
         <object_component_ref idref="oc-96"/>
      </symbol>
      <symbol id="sm-62b">
         <name>__aeabi_memset8</name>
         <value>0x386b</value>
         <object_component_ref idref="oc-96"/>
      </symbol>
      <symbol id="sm-62c">
         <name>__aeabi_memset4</name>
         <value>0x386b</value>
         <object_component_ref idref="oc-96"/>
      </symbol>
      <symbol id="sm-62d">
         <name>__aeabi_memclr8</name>
         <value>0x3869</value>
         <object_component_ref idref="oc-96"/>
      </symbol>
      <symbol id="sm-62e">
         <name>__aeabi_memclr4</name>
         <value>0x3869</value>
         <object_component_ref idref="oc-96"/>
      </symbol>
      <symbol id="sm-62f">
         <name>__aeabi_memclr</name>
         <value>0x3869</value>
         <object_component_ref idref="oc-96"/>
      </symbol>
      <symbol id="sm-639">
         <name>__aeabi_d2iz</name>
         <value>0x3c45</value>
         <object_component_ref idref="oc-2e4"/>
      </symbol>
      <symbol id="sm-646">
         <name>__aeabi_uldivmod</name>
         <value>0x36c7</value>
         <object_component_ref idref="oc-2de"/>
      </symbol>
      <symbol id="sm-66e">
         <name>__TI_auto_init_nobinit_nopinit</name>
         <value>0x3c8d</value>
         <object_component_ref idref="oc-11d"/>
      </symbol>
      <symbol id="sm-678">
         <name>_system_pre_init</name>
         <value>0x3fc5</value>
         <object_component_ref idref="oc-9c"/>
      </symbol>
      <symbol id="sm-684">
         <name>C$$EXIT</name>
         <value>0x3fc9</value>
         <object_component_ref idref="oc-111"/>
      </symbol>
      <symbol id="sm-685">
         <name>abort</name>
         <value>0x3fc9</value>
         <object_component_ref idref="oc-111"/>
      </symbol>
      <symbol id="sm-69a">
         <name>_nop</name>
         <value>0x18db</value>
         <object_component_ref idref="oc-2af"/>
      </symbol>
      <symbol id="sm-69b">
         <name>_lock</name>
         <value>0x200022f4</value>
         <object_component_ref idref="oc-1f3"/>
      </symbol>
      <symbol id="sm-69c">
         <name>_unlock</name>
         <value>0x200022f8</value>
         <object_component_ref idref="oc-1f3"/>
      </symbol>
      <symbol id="sm-6ab">
         <name>__TI_ltoa</name>
         <value>0x3b53</value>
         <object_component_ref idref="oc-2e9"/>
      </symbol>
      <symbol id="sm-6c2">
         <name>atoi</name>
         <value>0x3bf9</value>
         <object_component_ref idref="oc-234"/>
      </symbol>
      <symbol id="sm-6cd">
         <name>_ctypes_</name>
         <value>0x3fcc</value>
         <object_component_ref idref="oc-2d9"/>
      </symbol>
      <symbol id="sm-6dd">
         <name>memccpy</name>
         <value>0x3eb9</value>
         <object_component_ref idref="oc-258"/>
      </symbol>
      <symbol id="sm-6ed">
         <name>strchr</name>
         <value>0x3f37</value>
         <object_component_ref idref="oc-316"/>
      </symbol>
      <symbol id="sm-703">
         <name>__aeabi_errno_addr</name>
         <value>0x3fb5</value>
         <object_component_ref idref="oc-264"/>
      </symbol>
      <symbol id="sm-704">
         <name>errno</name>
         <value>0x20002308</value>
         <object_component_ref idref="oc-326"/>
      </symbol>
      <symbol id="sm-724">
         <name>frexpl</name>
         <value>0x3a99</value>
         <object_component_ref idref="oc-30a"/>
      </symbol>
      <symbol id="sm-725">
         <name>frexp</name>
         <value>0x3a99</value>
         <object_component_ref idref="oc-30a"/>
      </symbol>
      <symbol id="sm-742">
         <name>scalbn</name>
         <value>0x3181</value>
         <object_component_ref idref="oc-310"/>
      </symbol>
      <symbol id="sm-743">
         <name>scalbnl</name>
         <value>0x3181</value>
         <object_component_ref idref="oc-310"/>
      </symbol>
      <symbol id="sm-744">
         <name>ldexpl</name>
         <value>0x3181</value>
         <object_component_ref idref="oc-310"/>
      </symbol>
      <symbol id="sm-745">
         <name>ldexp</name>
         <value>0x3181</value>
         <object_component_ref idref="oc-310"/>
      </symbol>
      <symbol id="sm-75e">
         <name>wcslen</name>
         <value>0x3f61</value>
         <object_component_ref idref="oc-25e"/>
      </symbol>
      <symbol id="sm-768">
         <name>__aeabi_idiv0</name>
         <value>0x28f7</value>
         <object_component_ref idref="oc-365"/>
      </symbol>
      <symbol id="sm-769">
         <name>__aeabi_ldiv0</name>
         <value>0x28f7</value>
         <object_component_ref idref="oc-365"/>
      </symbol>
      <symbol id="sm-773">
         <name>copysign</name>
         <value>0x3ed5</value>
         <object_component_ref idref="oc-379"/>
      </symbol>
      <symbol id="sm-774">
         <name>copysignl</name>
         <value>0x3ed5</value>
         <object_component_ref idref="oc-379"/>
      </symbol>
      <symbol id="sm-799">
         <name>IntRegister</name>
         <value>0x3dc1</value>
         <object_component_ref idref="oc-1b6"/>
      </symbol>
      <symbol id="sm-79a">
         <name>g_pfnRAMVectors</name>
         <value>0x20000000</value>
         <object_component_ref idref="oc-290"/>
      </symbol>
      <symbol id="sm-79b">
         <name>IntMasterEnable</name>
         <value>0x3f73</value>
         <object_component_ref idref="oc-1bc"/>
      </symbol>
      <symbol id="sm-7a5">
         <name>CPUcpsie</name>
         <value>0x3f91</value>
         <object_component_ref idref="oc-29a"/>
      </symbol>
      <symbol id="sm-7a6">
         <name>__TI_static_base__</name>
         <value>0x0</value>
      </symbol>
      <symbol id="sm-7a9">
         <name>__mpu_init</name>
         <value>0x0</value>
      </symbol>
      <symbol id="sm-7aa">
         <name>_system_post_cinit</name>
         <value>0x0</value>
      </symbol>
   </symbol_table>
   <title>Link successful</title>
</link_info>
