******************************************************************************
                  TI ARM Linker PC v20.2.1                     
******************************************************************************
>> Linked Mon Mar 22 13:35:24 2021

OUTPUT FILE NAME:   <Lab4.out>
ENTRY POINT SYMBOL: "_c_int00_noargs"  address: 00003df5


MEMORY CONFIGURATION

         name            origin    length      used     unused   attr    fill
----------------------  --------  ---------  --------  --------  ----  --------
  FLASH                 00000000   00040000  0000412c  0003bed4  R  X
  SRAM                  20000000   00008000  00002306  00005cfa  RW X


SEGMENT ALLOCATION MAP

run origin  load origin   length   init length attrs members
----------  ----------- ---------- ----------- ----- -------
00000000    00000000    00004130   00004130    r-x
  00000000    00000000    0000026c   0000026c    r-- .intvecs
  0000026c    0000026c    00003d60   00003d60    r-x .text
  00003fcc    00003fcc    00000110   00000110    r-- .const
  000040e0    000040e0    00000050   00000050    r-- .cinit
20000000    20000000    0000230d   00000000    rw-
  20000000    20000000    0000026c   00000000    rw- .vtable
  20000270    20000270    00001000   00000000    rw- .stack
  20001270    20001270    00001000   00000000    rw- .sysmem
  20002270    20002270    00000061   00000000    rw- .bss
  200022d4    200022d4    00000039   00000000    rw- .data


SECTION ALLOCATION MAP

 output                                  attributes/
section   page    origin      length       input sections
--------  ----  ----------  ----------   ----------------
.intvecs   0    00000000    0000026c     
                  00000000    0000026c     tm4c123gh6pm_startup_ccs.obj (.intvecs)

.text      0    0000026c    00003d60     
                  0000026c    00000c20     open_interface.obj (.text)
                  00000e8c    00000a4e     rtsv7M4_T_le_v4SPD16_eabi.lib : _printfi.c.obj (.text:__TI_printfi)
                  000018da    00000002                                   : _lock.c.obj (.text:_nop)
                  000018dc    00000310     movement.obj (.text)
                  00001bec    000002e0     main.obj (.text)
                  00001ecc    00000270     rtsv7M4_T_le_v4SPD16_eabi.lib : _printfi.c.obj (.text:_pconv_a)
                  0000213c    00000248     Timer.obj (.text)
                  00002384    000001ec     libcybotFindObjects.lib : ping.obj (.text)
                  00002570    000001d0     rtsv7M4_T_le_v4SPD16_eabi.lib : _printfi.c.obj (.text:_pconv_g)
                  00002740    000001b6                                   : fd_add_t2.asm.obj (.text)
                  000028f6    00000002                                   : div0.asm.obj (.text)
                  000028f8    0000015c     libcybotUART.lib : uart.obj (.text)
                  00002a54    00000158     libcybotFindObjects.lib : cyBot_FindObjects.obj (.text)
                  00002bac    0000013c     rtsv7M4_T_le_v4SPD16_eabi.lib : _printfi.c.obj (.text:_pconv_e)
                  00002ce8    00000136                                   : fd_div_t2.asm.obj (.text)
                  00002e1e    00000002     --HOLE-- [fill = 0]
                  00002e20    00000124                                   : _printfi.c.obj (.text:fcvt)
                  00002f44    00000124     libcybotFindObjects.lib : servo.obj (.text)
                  00003068    00000118                             : ir.obj (.text)
                  00003180    00000110     rtsv7M4_T_le_v4SPD16_eabi.lib : s_scalbn.c.obj (.text:scalbn)
                  00003290    00000108                                   : memory.c.obj (.text:aligned_alloc)
                  00003398    000000fc                                   : fd_mul_t2.asm.obj (.text)
                  00003494    000000e4                                   : memory.c.obj (.text:free)
                  00003578    000000b1                                   : _printfi.c.obj (.text:_ltostr)
                  00003629    00000001     --HOLE-- [fill = 0]
                  0000362a    0000009c                                   : memcpy_t2.asm.obj (.text)
                  000036c6    00000096                                   : ull_div_t2.asm.obj (.text)
                  0000375c    00000086                                   : fd_cmp_t2.asm.obj (.text:__aeabi_cdcmple)
                  000037e2    00000086                                   : fd_cmp_t2.asm.obj (.text:__aeabi_cdrcmple)
                  00003868    0000007a                                   : memset_t2.asm.obj (.text)
                  000038e2    00000002     --HOLE-- [fill = 0]
                  000038e4    00000070                                   : memory.c.obj (.text:split)
                  00003954    0000006e                                   : _printfi.c.obj (.text:_mcpy)
                  000039c2    0000006e                                   : fd_tos_t2.asm.obj (.text)
                  00003a30    00000068                                   : copy_decompress_lzss.c.obj (.text:decompress:lzss:__TI_decompress_lzss)
                  00003a98    00000064                                   : s_frexp.c.obj (.text:frexp)
                  00003afc    00000056                                   : _printfi.c.obj (.text:_pconv_f)
                  00003b52    00000054                                   : _ltoa.c.obj (.text:__TI_ltoa)
                  00003ba6    00000052                                   : _printfi.c.obj (.text:_ecpy)
                  00003bf8    0000004c                                   : atoi.c.obj (.text:atoi)
                  00003c44    00000048                                   : fd_toi_t2.asm.obj (.text)
                  00003c8c    00000044                                   : autoinit.c.obj (.text:__TI_auto_init_nobinit_nopinit:__TI_auto_init_nobinit_nopinit)
                  00003cd0    00000040                                   : sprintf.c.obj (.text:sprintf)
                  00003d10    0000003e                                   : _printfi.c.obj (.text:_fcpy)
                  00003d4e    00000002     --HOLE-- [fill = 0]
                  00003d50    00000038                                   : memory.c.obj (.text:calloc)
                  00003d88    00000038                                   : fs_tod_t2.asm.obj (.text)
                  00003dc0    00000034     driverlib.lib : interrupt.obj (.text:IntRegister)
                  00003df4    00000034     rtsv7M4_T_le_v4SPD16_eabi.lib : boot_cortex_m.c.obj (.text:_c_int00_noargs:_c_int00_noargs)
                  00003e28    0000002e                                   : i_tofd_t2.asm.obj (.text)
                  00003e56    00000002     --HOLE-- [fill = 0]
                  00003e58    00000028                                   : memory.c.obj (.text:free_list_insert)
                  00003e80    0000001c                                   : copy_zero_init.c.obj (.text:decompress:ZI:__TI_zero_init_nomemset:__TI_zero_init_nomemset)
                  00003e9c    0000001c                                   : memory.c.obj (.text:free_list_remove)
                  00003eb8    0000001c                                   : memccpy.c.obj (.text:memccpy)
                  00003ed4    0000001a                                   : s_copysign.c.obj (.text:copysign)
                  00003eee    00000018                                   : sprintf.c.obj (.text:_outs)
                  00003f06    00000018     open_interface.obj (.text:oi_parseInt)
                  00003f1e    00000018     rtsv7M4_T_le_v4SPD16_eabi.lib : strcmp.c.obj (.text:strcmp)
                  00003f36    00000016                                   : strchr.c.obj (.text:strchr)
                  00003f4c    00000014                                   : strlen.c.obj (.text:strlen)
                  00003f60    00000012                                   : wcslen.c.obj (.text:wcslen)
                  00003f72    00000010     driverlib.lib : interrupt.obj (.text:IntMasterEnable)
                  00003f82    0000000e     rtsv7M4_T_le_v4SPD16_eabi.lib : copy_decompress_none.c.obj (.text:decompress:none:__TI_decompress_none)
                  00003f90    0000000c     driverlib.lib : cpu.obj (.text:CPUcpsie)
                  00003f9c    0000000c     tm4c123gh6pm_startup_ccs.obj (.text)
                  00003fa8    0000000a     rtsv7M4_T_le_v4SPD16_eabi.lib : sprintf.c.obj (.text:_outc)
                  00003fb2    00000002     --HOLE-- [fill = 0]
                  00003fb4    00000008                                   : errno.c.obj (.text:__aeabi_errno_addr)
                  00003fbc    00000008                                   : memory.c.obj (.text:malloc)
                  00003fc4    00000004                                   : pre_init.c.obj (.text:_system_pre_init)
                  00003fc8    00000004                                   : exit.c.obj (.text:abort:abort)

.const     0    00003fcc    00000110     
                  00003fcc    00000101     rtsv7M4_T_le_v4SPD16_eabi.lib : ctype.c.obj (.const:.string:_ctypes_)
                  000040cd    0000000f     open_interface.obj (.const:.string:$P$T0$3)

.cinit     0    000040e0    00000050     
                  000040e0    00000018     (.cinit..data.load) [load image, compression = lzss]
                  000040f8    0000000c     (__TI_handler_table)
                  00004104    00000004     --HOLE-- [fill = 0]
                  00004108    00000008     (.cinit..bss.load) [load image, compression = zero_init]
                  00004110    00000008     (.cinit..vtable.load) [load image, compression = zero_init]
                  00004118    00000018     (__TI_cinit_table)

.init_array 
*          0    00000000    00000000     UNINITIALIZED

.vtable    0    20000000    0000026c     UNINITIALIZED
                  20000000    0000026c     driverlib.lib : interrupt.obj (.vtable)

.stack     0    20000270    00001000     UNINITIALIZED
                  20000270    00000004     rtsv7M4_T_le_v4SPD16_eabi.lib : boot_cortex_m.c.obj (.stack)
                  20000274    00000ffc     --HOLE--

.sysmem    0    20001270    00001000     UNINITIALIZED
                  20001270    00000010     rtsv7M4_T_le_v4SPD16_eabi.lib : memory.c.obj (.sysmem)
                  20001280    00000ff0     --HOLE--

.bss       0    20002270    00000061     UNINITIALIZED
                  20002270    00000034     (.common:isr_char_buffer)
                  200022a4    00000018     open_interface.obj (.bss:firmware$2)
                  200022bc    00000004     (.common:_timeout_ticks)
                  200022c0    00000004     (.common:fallingEdge)
                  200022c4    00000004     (.common:isr_int_value)
                  200022c8    00000004     (.common:pulseLength)
                  200022cc    00000004     (.common:risingEdge)
                  200022d0    00000001     (.common:isRisingEdge)

.data      0    200022d4    00000039     UNINITIALIZED
                  200022d4    00000020     open_interface.obj (.data)
                  200022f4    00000008     rtsv7M4_T_le_v4SPD16_eabi.lib : _lock.c.obj (.data:$O1$$)
                  200022fc    00000008                                   : memory.c.obj (.data:$O1$$)
                  20002304    00000004     libcybotUART.lib : uart.obj (.data)
                  20002308    00000004     rtsv7M4_T_le_v4SPD16_eabi.lib : errno.c.obj (.data)
                  2000230c    00000001     Timer.obj (.data)

__llvm_prf_cnts 
*          0    20000000    00000000     UNINITIALIZED

MODULE SUMMARY

       Module                         code    ro data   rw data
       ------                         ----    -------   -------
    .\
       open_interface.obj             3128    15        56     
       movement.obj                   784     0         0      
       main.obj                       736     0         0      
       tm4c123gh6pm_startup_ccs.obj   12      620       0      
       Timer.obj                      584     0         5      
    +--+------------------------------+-------+---------+---------+
       Total:                         5244    635       61     
                                                               
    ../libcybotFindObjects.lib
       ping.obj                       492     0         13     
       cyBot_FindObjects.obj          344     0         0      
       servo.obj                      292     0         0      
       ir.obj                         280     0         4      
    +--+------------------------------+-------+---------+---------+
       Total:                         1408    0         17     
                                                               
    ../libcybotUART.lib
       uart.obj                       348     0         56     
    +--+------------------------------+-------+---------+---------+
       Total:                         348     0         56     
                                                               
    C:/ti/TivaWare_C_Series-2.1.4.178/driverlib/ccs/Debug/driverlib.lib
       interrupt.obj                  68      0         620    
       cpu.obj                        12      0         0      
    +--+------------------------------+-------+---------+---------+
       Total:                         80      0         620    
                                                               
    C:\ti\ccs1010\ccs\tools\compiler\ti-cgt-arm_20.2.1.LTS\lib\rtsv7M4_T_le_v4SPD16_eabi.lib
       _printfi.c.obj                 4851    0         0      
       memory.c.obj                   736     0         8      
       fd_add_t2.asm.obj              438     0         0      
       fd_div_t2.asm.obj              310     0         0      
       s_scalbn.c.obj                 272     0         0      
       fd_cmp_t2.asm.obj              268     0         0      
       ctype.c.obj                    0       257       0      
       fd_mul_t2.asm.obj              252     0         0      
       memcpy_t2.asm.obj              156     0         0      
       ull_div_t2.asm.obj             150     0         0      
       memset_t2.asm.obj              122     0         0      
       fd_tos_t2.asm.obj              110     0         0      
       copy_decompress_lzss.c.obj     104     0         0      
       s_frexp.c.obj                  100     0         0      
       sprintf.c.obj                  98      0         0      
       _ltoa.c.obj                    84      0         0      
       atoi.c.obj                     76      0         0      
       fd_toi_t2.asm.obj              72      0         0      
       autoinit.c.obj                 68      0         0      
       fs_tod_t2.asm.obj              56      0         0      
       boot_cortex_m.c.obj            52      0         0      
       i_tofd_t2.asm.obj              46      0         0      
       copy_zero_init.c.obj           28      0         0      
       memccpy.c.obj                  28      0         0      
       s_copysign.c.obj               26      0         0      
       strcmp.c.obj                   24      0         0      
       strchr.c.obj                   22      0         0      
       strlen.c.obj                   20      0         0      
       wcslen.c.obj                   18      0         0      
       copy_decompress_none.c.obj     14      0         0      
       errno.c.obj                    8       0         4      
       _lock.c.obj                    2       0         8      
       exit.c.obj                     4       0         0      
       pre_init.c.obj                 4       0         0      
       div0.asm.obj                   2       0         0      
    +--+------------------------------+-------+---------+---------+
       Total:                         8621    257       20     
                                                               
       Heap:                          0       0         4096   
       Stack:                         0       0         4096   
       Linker Generated:              0       76        0      
    +--+------------------------------+-------+---------+---------+
       Grand Total:                   15701   968       8966   


LINKER GENERATED COPY TABLES

__TI_cinit_table @ 00004118 records: 3, size/record: 8, table size: 24
	.data: load addr=000040e0, load size=00000018 bytes, run addr=200022d4, run size=00000039 bytes, compression=lzss
	.bss: load addr=00004108, load size=00000008 bytes, run addr=20002270, run size=00000061 bytes, compression=zero_init
	.vtable: load addr=00004110, load size=00000008 bytes, run addr=20000000, run size=0000026c bytes, compression=zero_init


LINKER GENERATED HANDLER TABLE

__TI_handler_table @ 000040f8 records: 3, size/record: 4, table size: 12
	index: 0, handler: __TI_zero_init
	index: 1, handler: __TI_decompress_lzss
	index: 2, handler: __TI_decompress_none


GLOBAL SYMBOLS: SORTED ALPHABETICALLY BY Name 

address   name                          
-------   ----                          
00003101  ADC0SS0_Handler               
00003fc9  C$$EXIT                       
00003f91  CPUcpsie                      
00000bc3  GPIOF_Handler                 
00003f73  IntMasterEnable               
00003dc1  IntRegister                   
00003f9d  ResetISR                      
00002475  TIMER3B_Handler               
20001270  __STACK_END                   
00001000  __STACK_SIZE                  
20000470  __STACK_TOP                   
00001000  __SYSMEM_SIZE                 
00004118  __TI_CINIT_Base               
00004130  __TI_CINIT_Limit              
000040f8  __TI_Handler_Table_Base       
00004104  __TI_Handler_Table_Limit      
00003c8d  __TI_auto_init_nobinit_nopinit
00003a31  __TI_decompress_lzss          
00003f83  __TI_decompress_none          
00003b53  __TI_ltoa                     
ffffffff  __TI_pprof_out_hndl           
00000e8d  __TI_printfi                  
ffffffff  __TI_prof_data_size           
ffffffff  __TI_prof_data_start          
00000000  __TI_static_base__            
00003e81  __TI_zero_init_nomemset       
0000375d  __aeabi_cdcmpeq               
0000375d  __aeabi_cdcmple               
000037e3  __aeabi_cdrcmple              
000039c3  __aeabi_d2f                   
00003c45  __aeabi_d2iz                  
0000274b  __aeabi_dadd                  
00002ce9  __aeabi_ddiv                  
00003399  __aeabi_dmul                  
00002741  __aeabi_dsub                  
00003fb5  __aeabi_errno_addr            
00003d89  __aeabi_f2d                   
00003e29  __aeabi_i2d                   
000028f7  __aeabi_idiv0                 
000028f7  __aeabi_ldiv0                 
00003869  __aeabi_memclr                
00003869  __aeabi_memclr4               
00003869  __aeabi_memclr8               
0000362b  __aeabi_memcpy                
0000362b  __aeabi_memcpy4               
0000362b  __aeabi_memcpy8               
0000386b  __aeabi_memset                
0000386b  __aeabi_memset4               
0000386b  __aeabi_memset8               
000036c7  __aeabi_uldivmod              
ffffffff  __binit__                     
ffffffff  __c_args__                    
UNDEFED   __mpu_init                    
20000270  __stack                       
20000000  __start___llvm_prf_cnts       
20000000  __stop___llvm_prf_cnts        
00003df5  _c_int00_noargs               
00003fcc  _ctypes_                      
200022f4  _lock                         
000018db  _nop                          
2000230c  _running                      
20001270  _sys_memory                   
UNDEFED   _system_post_cinit            
00003fc5  _system_pre_init              
200022bc  _timeout_ticks                
200022f8  _unlock                       
00003fc9  abort                         
00003291  aligned_alloc                 
00003bf9  atoi                          
ffffffff  binit                         
00003d51  calloc                        
00001b41  collision                     
00003ed5  copysign                      
00003ed5  copysignl                     
00002b6b  cyBOT_Scan                    
00002b5b  cyBOT_init_Scan               
00002a55  cyBot_FindObjects             
00002a01  cyBot_UART1_Handler           
000029e7  cyBot_getByte                 
000028f9  cyBot_sendByte                
000029c9  cyBot_uart_flush              
00002937  cyBot_uart_init               
0000291f  cyBot_uart_sendBuffer         
00002905  cyBot_uart_sendStr            
20002308  errno                         
200022c0  fallingEdge                   
00003495  free                          
00003a99  frexp                         
00003a99  frexpl                        
20000000  g_pfnRAMVectors               
00000000  g_pfnVectors                  
0000097f  go_charge                     
00003117  ir_enableInterrupt            
000030f9  ir_getDistance                
000030d1  ir_getValue                   
00003069  ir_init                       
200022d0  isRisingEdge                  
20002270  isr_char_buffer               
20002304  isr_counter                   
200022c4  isr_int_value                 
00003181  ldexp                         
00003181  ldexpl                        
00001bed  main                          
00003fbd  malloc                        
00003291  memalign                      
00003eb9  memccpy                       
0000362b  memcpy                        
00003871  memset                        
200022d4  motor_cal_factor_L            
200022d8  motor_cal_factor_R            
000019f9  move_backward                 
000018dd  move_forward                  
0000026d  oi_alloc                      
00000aa9  oi_checkFirmware              
000002c7  oi_close                      
00000279  oi_free                       
00000ded  oi_getMotorCalibrationLeft    
00000e01  oi_getMotorCalibrationRight   
000002b1  oi_init                       
00000289  oi_init_noupdate              
00000915  oi_loadSong                   
00003f07  oi_parseInt                   
0000032b  oi_parsePacket                
0000096b  oi_play_song                  
0000084b  oi_setLeds                    
00000db1  oi_setMotorCalibration        
0000088f  oi_setWheels                  
00000b51  oi_shutoff_init               
0000098d  oi_uartInit                   
00000a31  oi_uartReceive                
00000a77  oi_uartSendBuff               
00000a15  oi_uartSendChar               
00000a59  oi_uartSendStr                
000002d9  oi_update                     
000024c7  ping_getDistance              
00002385  ping_init                     
0000240b  ping_trigger                  
200022c8  pulseLength                   
200022cc  risingEdge                    
00003181  scalbn                        
00003181  scalbnl                       
00002f45  servo_init                    
00002fc9  servo_move                    
00003013  servo_setPWM                  
00002fbd  servo_stop                    
00003cd1  sprintf                       
00003f37  strchr                        
00003f1f  strcmp                        
00003f4d  strlen                        
0000225b  timer_getMicros               
00002203  timer_getMillis               
0000213d  timer_init                    
000021df  timer_pause                   
000021f1  timer_resume                  
000021b5  timer_stop                    
000022b5  timer_waitMicros              
000022e7  timer_waitMillis              
00001ad3  turn_left                     
00001a65  turn_right                    
00003f61  wcslen                        


GLOBAL SYMBOLS: SORTED BY Symbol Address 

address   name                          
-------   ----                          
00000000  __TI_static_base__            
00000000  g_pfnVectors                  
0000026d  oi_alloc                      
00000279  oi_free                       
00000289  oi_init_noupdate              
000002b1  oi_init                       
000002c7  oi_close                      
000002d9  oi_update                     
0000032b  oi_parsePacket                
0000084b  oi_setLeds                    
0000088f  oi_setWheels                  
00000915  oi_loadSong                   
0000096b  oi_play_song                  
0000097f  go_charge                     
0000098d  oi_uartInit                   
00000a15  oi_uartSendChar               
00000a31  oi_uartReceive                
00000a59  oi_uartSendStr                
00000a77  oi_uartSendBuff               
00000aa9  oi_checkFirmware              
00000b51  oi_shutoff_init               
00000bc3  GPIOF_Handler                 
00000db1  oi_setMotorCalibration        
00000ded  oi_getMotorCalibrationLeft    
00000e01  oi_getMotorCalibrationRight   
00000e8d  __TI_printfi                  
00001000  __STACK_SIZE                  
00001000  __SYSMEM_SIZE                 
000018db  _nop                          
000018dd  move_forward                  
000019f9  move_backward                 
00001a65  turn_right                    
00001ad3  turn_left                     
00001b41  collision                     
00001bed  main                          
0000213d  timer_init                    
000021b5  timer_stop                    
000021df  timer_pause                   
000021f1  timer_resume                  
00002203  timer_getMillis               
0000225b  timer_getMicros               
000022b5  timer_waitMicros              
000022e7  timer_waitMillis              
00002385  ping_init                     
0000240b  ping_trigger                  
00002475  TIMER3B_Handler               
000024c7  ping_getDistance              
00002741  __aeabi_dsub                  
0000274b  __aeabi_dadd                  
000028f7  __aeabi_idiv0                 
000028f7  __aeabi_ldiv0                 
000028f9  cyBot_sendByte                
00002905  cyBot_uart_sendStr            
0000291f  cyBot_uart_sendBuffer         
00002937  cyBot_uart_init               
000029c9  cyBot_uart_flush              
000029e7  cyBot_getByte                 
00002a01  cyBot_UART1_Handler           
00002a55  cyBot_FindObjects             
00002b5b  cyBOT_init_Scan               
00002b6b  cyBOT_Scan                    
00002ce9  __aeabi_ddiv                  
00002f45  servo_init                    
00002fbd  servo_stop                    
00002fc9  servo_move                    
00003013  servo_setPWM                  
00003069  ir_init                       
000030d1  ir_getValue                   
000030f9  ir_getDistance                
00003101  ADC0SS0_Handler               
00003117  ir_enableInterrupt            
00003181  ldexp                         
00003181  ldexpl                        
00003181  scalbn                        
00003181  scalbnl                       
00003291  aligned_alloc                 
00003291  memalign                      
00003399  __aeabi_dmul                  
00003495  free                          
0000362b  __aeabi_memcpy                
0000362b  __aeabi_memcpy4               
0000362b  __aeabi_memcpy8               
0000362b  memcpy                        
000036c7  __aeabi_uldivmod              
0000375d  __aeabi_cdcmpeq               
0000375d  __aeabi_cdcmple               
000037e3  __aeabi_cdrcmple              
00003869  __aeabi_memclr                
00003869  __aeabi_memclr4               
00003869  __aeabi_memclr8               
0000386b  __aeabi_memset                
0000386b  __aeabi_memset4               
0000386b  __aeabi_memset8               
00003871  memset                        
000039c3  __aeabi_d2f                   
00003a31  __TI_decompress_lzss          
00003a99  frexp                         
00003a99  frexpl                        
00003b53  __TI_ltoa                     
00003bf9  atoi                          
00003c45  __aeabi_d2iz                  
00003c8d  __TI_auto_init_nobinit_nopinit
00003cd1  sprintf                       
00003d51  calloc                        
00003d89  __aeabi_f2d                   
00003dc1  IntRegister                   
00003df5  _c_int00_noargs               
00003e29  __aeabi_i2d                   
00003e81  __TI_zero_init_nomemset       
00003eb9  memccpy                       
00003ed5  copysign                      
00003ed5  copysignl                     
00003f07  oi_parseInt                   
00003f1f  strcmp                        
00003f37  strchr                        
00003f4d  strlen                        
00003f61  wcslen                        
00003f73  IntMasterEnable               
00003f83  __TI_decompress_none          
00003f91  CPUcpsie                      
00003f9d  ResetISR                      
00003fb5  __aeabi_errno_addr            
00003fbd  malloc                        
00003fc5  _system_pre_init              
00003fc9  C$$EXIT                       
00003fc9  abort                         
00003fcc  _ctypes_                      
000040f8  __TI_Handler_Table_Base       
00004104  __TI_Handler_Table_Limit      
00004118  __TI_CINIT_Base               
00004130  __TI_CINIT_Limit              
20000000  __start___llvm_prf_cnts       
20000000  __stop___llvm_prf_cnts        
20000000  g_pfnRAMVectors               
20000270  __stack                       
20000470  __STACK_TOP                   
20001270  __STACK_END                   
20001270  _sys_memory                   
20002270  isr_char_buffer               
200022bc  _timeout_ticks                
200022c0  fallingEdge                   
200022c4  isr_int_value                 
200022c8  pulseLength                   
200022cc  risingEdge                    
200022d0  isRisingEdge                  
200022d4  motor_cal_factor_L            
200022d8  motor_cal_factor_R            
200022f4  _lock                         
200022f8  _unlock                       
20002304  isr_counter                   
20002308  errno                         
2000230c  _running                      
ffffffff  __TI_pprof_out_hndl           
ffffffff  __TI_prof_data_size           
ffffffff  __TI_prof_data_start          
ffffffff  __binit__                     
ffffffff  __c_args__                    
ffffffff  binit                         
UNDEFED   __mpu_init                    
UNDEFED   _system_post_cinit            

[160 symbols]
