******************************************************************************
                  TI ARM Linker PC v20.2.1                     
******************************************************************************
>> Linked Wed Feb 10 11:17:58 2021

OUTPUT FILE NAME:   <Lab1.out>
ENTRY POINT SYMBOL: "_c_int00_noargs"  address: 0000262d


MEMORY CONFIGURATION

         name            origin    length      used     unused   attr    fill
----------------------  --------  ---------  --------  --------  ----  --------
  FLASH                 00000000   00040000  00002995  0003d66b  R  X
  SRAM                  20000000   00008000  000012c9  00006d37  RW X


SEGMENT ALLOCATION MAP

run origin  load origin   length   init length attrs members
----------  ----------- ---------- ----------- ----- -------
00000000    00000000    00002998   00002998    r-x
  00000000    00000000    0000026c   0000026c    r-- .intvecs
  0000026c    0000026c    0000257c   0000257c    r-x .text
  000027e8    000027e8    0000016d   0000016d    r-- .const
  00002958    00002958    00000040   00000040    r-- .cinit
20000000    20000000    000012cd   00000000    rw-
  20000000    20000000    0000026c   00000000    rw- .vtable
  20000270    20000270    00001000   00000000    rw- .stack
  20001270    20001270    00000058   00000000    rw- .bss
  200012c8    200012c8    00000005   00000000    rw- .data


SECTION ALLOCATION MAP

 output                                  attributes/
section   page    origin      length       input sections
--------  ----  ----------  ----------   ----------------
.intvecs   0    00000000    0000026c     
                  00000000    0000026c     tm4c123gh6pm_startup_ccs.obj (.intvecs)

.text      0    0000026c    0000257c     
                  0000026c    00000a4e     rtsv7M4_T_le_v4SPD16_eabi.lib : _printfi.c.obj (.text:__TI_printfi)
                  00000cba    00000002                                   : div0.asm.obj (.text)
                  00000cbc    00000328     lcd.obj (.text)
                  00000fe4    00000270     rtsv7M4_T_le_v4SPD16_eabi.lib : _printfi.c.obj (.text:_pconv_a)
                  00001254    00000248     Timer.obj (.text)
                  0000149c    000001d0     rtsv7M4_T_le_v4SPD16_eabi.lib : _printfi.c.obj (.text:_pconv_g)
                  0000166c    000001b6                                   : fd_add_t2.asm.obj (.text)
                  00001822    00000002     --HOLE-- [fill = 0]
                  00001824    0000013c                                   : _printfi.c.obj (.text:_pconv_e)
                  00001960    00000136                                   : fd_div_t2.asm.obj (.text)
                  00001a96    00000002     --HOLE-- [fill = 0]
                  00001a98    00000124                                   : _printfi.c.obj (.text:fcvt)
                  00001bbc    00000110                                   : s_scalbn.c.obj (.text:scalbn)
                  00001ccc    000000fc                                   : fd_mul_t2.asm.obj (.text)
                  00001dc8    000000d8     banner.obj (.text)
                  00001ea0    000000b1     rtsv7M4_T_le_v4SPD16_eabi.lib : _printfi.c.obj (.text:_ltostr)
                  00001f51    00000001     --HOLE-- [fill = 0]
                  00001f52    0000009c                                   : memcpy_t2.asm.obj (.text)
                  00001fee    00000096                                   : ull_div_t2.asm.obj (.text)
                  00002084    00000086                                   : fd_cmp_t2.asm.obj (.text:__aeabi_cdcmple)
                  0000210a    00000086                                   : fd_cmp_t2.asm.obj (.text:__aeabi_cdrcmple)
                  00002190    0000007a                                   : memset_t2.asm.obj (.text)
                  0000220a    0000006e                                   : _printfi.c.obj (.text:_mcpy)
                  00002278    00000068                                   : copy_decompress_lzss.c.obj (.text:decompress:lzss:__TI_decompress_lzss)
                  000022e0    00000064                                   : s_frexp.c.obj (.text:frexp)
                  00002344    00000060     resetSimulation.obj (.text)
                  000023a4    00000056     rtsv7M4_T_le_v4SPD16_eabi.lib : _printfi.c.obj (.text:_pconv_f)
                  000023fa    00000054                                   : _ltoa.c.obj (.text:__TI_ltoa)
                  0000244e    00000052                                   : _printfi.c.obj (.text:_ecpy)
                  000024a0    0000004c                                   : atoi.c.obj (.text:atoi)
                  000024ec    00000048                                   : fd_toi_t2.asm.obj (.text)
                  00002534    00000044                                   : autoinit.c.obj (.text:__TI_auto_init_nobinit_nopinit:__TI_auto_init_nobinit_nopinit)
                  00002578    00000040                                   : vsnprintf.c.obj (.text:vsnprintf)
                  000025b8    0000003e                                   : _printfi.c.obj (.text:_fcpy)
                  000025f6    00000002     --HOLE-- [fill = 0]
                  000025f8    00000034     driverlib.lib : interrupt.obj (.text:IntRegister)
                  0000262c    00000034     rtsv7M4_T_le_v4SPD16_eabi.lib : boot_cortex_m.c.obj (.text:_c_int00_noargs:_c_int00_noargs)
                  00002660    00000030                                   : vsnprintf.c.obj (.text:_outs)
                  00002690    0000002e                                   : i_tofd_t2.asm.obj (.text)
                  000026be    0000001e                                   : strcat.c.obj (.text:strcat)
                  000026dc    0000001c                                   : copy_zero_init.c.obj (.text:decompress:ZI:__TI_zero_init_nomemset:__TI_zero_init_nomemset)
                  000026f8    0000001c                                   : memccpy.c.obj (.text:memccpy)
                  00002714    0000001a                                   : s_copysign.c.obj (.text:copysign)
                  0000272e    00000018                                   : vsnprintf.c.obj (.text:_outc)
                  00002746    00000018                                   : strcmp.c.obj (.text:strcmp)
                  0000275e    00000016                                   : strchr.c.obj (.text:strchr)
                  00002774    00000014                                   : strcpy.c.obj (.text:strcpy)
                  00002788    00000014                                   : strlen.c.obj (.text:strlen)
                  0000279c    00000012                                   : wcslen.c.obj (.text:wcslen)
                  000027ae    00000010     lcd.obj (.text:lcd_clear)
                  000027be    0000000e     rtsv7M4_T_le_v4SPD16_eabi.lib : copy_decompress_none.c.obj (.text:decompress:none:__TI_decompress_none)
                  000027cc    0000000c     tm4c123gh6pm_startup_ccs.obj (.text)
                  000027d8    00000008     rtsv7M4_T_le_v4SPD16_eabi.lib : errno.c.obj (.text:__aeabi_errno_addr)
                  000027e0    00000004                                   : pre_init.c.obj (.text:_system_pre_init)
                  000027e4    00000004                                   : exit.c.obj (.text:abort:abort)

.const     0    000027e8    0000016d     
                  000027e8    00000101     rtsv7M4_T_le_v4SPD16_eabi.lib : ctype.c.obj (.const:.string:_ctypes_)
                  000028e9    00000064     banner.obj (.const:.string:$P$T0$1)
                  0000294d    00000004     lcd.obj (.const:.string:lineAddress$1)
                  00002951    00000004     lcd.obj (.const:.string:lineAddresses$2)

.cinit     0    00002958    00000040     
                  00002958    0000000c     (__TI_handler_table)
                  00002964    00000004     --HOLE-- [fill = 0]
                  00002968    00000008     (.cinit..bss.load) [load image, compression = zero_init]
                  00002970    00000008     (.cinit..vtable.load) [load image, compression = zero_init]
                  00002978    00000007     (.cinit..data.load) [load image, compression = lzss]
                  0000297f    00000001     --HOLE-- [fill = 0]
                  00002980    00000018     (__TI_cinit_table)

.init_array 
*          0    00000000    00000000     UNINITIALIZED

.vtable    0    20000000    0000026c     UNINITIALIZED
                  20000000    0000026c     driverlib.lib : interrupt.obj (.vtable)

.bss       0    20001270    00000058     UNINITIALIZED
                  20001270    00000054     lcd.obj (.bss:lastbuffer$3)
                  200012c4    00000004     (.common:_timeout_ticks)

.data      0    200012c8    00000005     UNINITIALIZED
                  200012c8    00000004     rtsv7M4_T_le_v4SPD16_eabi.lib : errno.c.obj (.data)
                  200012cc    00000001     Timer.obj (.data)

.stack     0    20000270    00001000     UNINITIALIZED
                  20000270    00000004     rtsv7M4_T_le_v4SPD16_eabi.lib : boot_cortex_m.c.obj (.stack)
                  20000274    00000ffc     --HOLE--

__llvm_prf_cnts 
*          0    20000000    00000000     UNINITIALIZED

MODULE SUMMARY

       Module                         code   ro data   rw data
       ------                         ----   -------   -------
    .\
       lcd.obj                        824    8         84     
       tm4c123gh6pm_startup_ccs.obj   12     620       0      
       Timer.obj                      584    0         5      
       banner.obj                     216    100       0      
       resetSimulation.obj            96     0         0      
    +--+------------------------------+------+---------+---------+
       Total:                         1732   728       89     
                                                              
    C:/ti/TivaWare_C_Series-2.1.4.178/driverlib/ccs/Debug/driverlib.lib
       interrupt.obj                  52     0         620    
    +--+------------------------------+------+---------+---------+
       Total:                         52     0         620    
                                                              
    C:\ti\ccs1010\ccs\tools\compiler\ti-cgt-arm_20.2.1.LTS\lib\rtsv7M4_T_le_v4SPD16_eabi.lib
       _printfi.c.obj                 4851   0         0      
       fd_add_t2.asm.obj              438    0         0      
       fd_div_t2.asm.obj              310    0         0      
       s_scalbn.c.obj                 272    0         0      
       fd_cmp_t2.asm.obj              268    0         0      
       ctype.c.obj                    0      257       0      
       fd_mul_t2.asm.obj              252    0         0      
       memcpy_t2.asm.obj              156    0         0      
       ull_div_t2.asm.obj             150    0         0      
       vsnprintf.c.obj                136    0         0      
       memset_t2.asm.obj              122    0         0      
       copy_decompress_lzss.c.obj     104    0         0      
       s_frexp.c.obj                  100    0         0      
       _ltoa.c.obj                    84     0         0      
       atoi.c.obj                     76     0         0      
       fd_toi_t2.asm.obj              72     0         0      
       autoinit.c.obj                 68     0         0      
       boot_cortex_m.c.obj            52     0         0      
       i_tofd_t2.asm.obj              46     0         0      
       strcat.c.obj                   30     0         0      
       copy_zero_init.c.obj           28     0         0      
       memccpy.c.obj                  28     0         0      
       s_copysign.c.obj               26     0         0      
       strcmp.c.obj                   24     0         0      
       strchr.c.obj                   22     0         0      
       strcpy.c.obj                   20     0         0      
       strlen.c.obj                   20     0         0      
       wcslen.c.obj                   18     0         0      
       copy_decompress_none.c.obj     14     0         0      
       errno.c.obj                    8      0         4      
       exit.c.obj                     4      0         0      
       pre_init.c.obj                 4      0         0      
       div0.asm.obj                   2      0         0      
    +--+------------------------------+------+---------+---------+
       Total:                         7805   257       4      
                                                              
       Stack:                         0      0         4096   
       Linker Generated:              0      59        0      
    +--+------------------------------+------+---------+---------+
       Grand Total:                   9589   1044      4809   


LINKER GENERATED COPY TABLES

__TI_cinit_table @ 00002980 records: 3, size/record: 8, table size: 24
	.bss: load addr=00002968, load size=00000008 bytes, run addr=20001270, run size=00000058 bytes, compression=zero_init
	.vtable: load addr=00002970, load size=00000008 bytes, run addr=20000000, run size=0000026c bytes, compression=zero_init
	.data: load addr=00002978, load size=00000007 bytes, run addr=200012c8, run size=00000005 bytes, compression=lzss


LINKER GENERATED HANDLER TABLE

__TI_handler_table @ 00002958 records: 3, size/record: 4, table size: 12
	index: 0, handler: __TI_zero_init
	index: 1, handler: __TI_decompress_lzss
	index: 2, handler: __TI_decompress_none


GLOBAL SYMBOLS: SORTED ALPHABETICALLY BY Name 

address   name                          
-------   ----                          
000027e5  C$$EXIT                       
000025f9  IntRegister                   
000027cd  ResetISR                      
20001270  __STACK_END                   
00001000  __STACK_SIZE                  
20000470  __STACK_TOP                   
00002980  __TI_CINIT_Base               
00002998  __TI_CINIT_Limit              
00002958  __TI_Handler_Table_Base       
00002964  __TI_Handler_Table_Limit      
00002535  __TI_auto_init_nobinit_nopinit
00002279  __TI_decompress_lzss          
000027bf  __TI_decompress_none          
000023fb  __TI_ltoa                     
ffffffff  __TI_pprof_out_hndl           
0000026d  __TI_printfi                  
ffffffff  __TI_prof_data_size           
ffffffff  __TI_prof_data_start          
00000000  __TI_static_base__            
000026dd  __TI_zero_init_nomemset       
00002085  __aeabi_cdcmpeq               
00002085  __aeabi_cdcmple               
0000210b  __aeabi_cdrcmple              
000024ed  __aeabi_d2iz                  
00001677  __aeabi_dadd                  
00001961  __aeabi_ddiv                  
00001ccd  __aeabi_dmul                  
0000166d  __aeabi_dsub                  
000027d9  __aeabi_errno_addr            
00002691  __aeabi_i2d                   
00000cbb  __aeabi_idiv0                 
00000cbb  __aeabi_ldiv0                 
00002191  __aeabi_memclr                
00002191  __aeabi_memclr4               
00002191  __aeabi_memclr8               
00001f53  __aeabi_memcpy                
00001f53  __aeabi_memcpy4               
00001f53  __aeabi_memcpy8               
00002193  __aeabi_memset                
00002193  __aeabi_memset4               
00002193  __aeabi_memset8               
00001fef  __aeabi_uldivmod              
ffffffff  __binit__                     
ffffffff  __c_args__                    
UNDEFED   __mpu_init                    
20000270  __stack                       
20000000  __start___llvm_prf_cnts       
20000000  __stop___llvm_prf_cnts        
0000262d  _c_int00_noargs               
000027e8  _ctypes_                      
200012cc  _running                      
UNDEFED   _system_post_cinit            
000027e1  _system_pre_init              
200012c4  _timeout_ticks                
000027e5  abort                         
000024a1  atoi                          
ffffffff  binit                         
00002715  copysign                      
00002715  copysignl                     
200012c8  errno                         
000022e1  frexp                         
000022e1  frexpl                        
20000000  g_pfnRAMVectors               
00000000  g_pfnVectors                  
000027af  lcd_clear                     
00000e91  lcd_gotoLine                  
00000cf9  lcd_init                      
00000ef7  lcd_printf                    
00000db9  lcd_putc                      
00000df1  lcd_puts                      
00000cbd  lcd_reverseNibble             
00001de1  lcd_rotatingBanner            
00000e0f  lcd_sendCommand               
00000e4d  lcd_sendNibble                
00000eb9  lcd_setCursorPos              
00001bbd  ldexp                         
00001bbd  ldexpl                        
00001dc9  main                          
000026f9  memccpy                       
00001f53  memcpy                        
00002199  memset                        
00002345  resetSimulationBoard          
00001bbd  scalbn                        
00001bbd  scalbnl                       
000026bf  strcat                        
0000275f  strchr                        
00002747  strcmp                        
00002775  strcpy                        
00002789  strlen                        
00001373  timer_getMicros               
0000131b  timer_getMillis               
00001255  timer_init                    
000012f7  timer_pause                   
00001309  timer_resume                  
000012cd  timer_stop                    
000013cd  timer_waitMicros              
000013ff  timer_waitMillis              
00002579  vsnprintf                     
0000279d  wcslen                        


GLOBAL SYMBOLS: SORTED BY Symbol Address 

address   name                          
-------   ----                          
00000000  __TI_static_base__            
00000000  g_pfnVectors                  
0000026d  __TI_printfi                  
00000cbb  __aeabi_idiv0                 
00000cbb  __aeabi_ldiv0                 
00000cbd  lcd_reverseNibble             
00000cf9  lcd_init                      
00000db9  lcd_putc                      
00000df1  lcd_puts                      
00000e0f  lcd_sendCommand               
00000e4d  lcd_sendNibble                
00000e91  lcd_gotoLine                  
00000eb9  lcd_setCursorPos              
00000ef7  lcd_printf                    
00001000  __STACK_SIZE                  
00001255  timer_init                    
000012cd  timer_stop                    
000012f7  timer_pause                   
00001309  timer_resume                  
0000131b  timer_getMillis               
00001373  timer_getMicros               
000013cd  timer_waitMicros              
000013ff  timer_waitMillis              
0000166d  __aeabi_dsub                  
00001677  __aeabi_dadd                  
00001961  __aeabi_ddiv                  
00001bbd  ldexp                         
00001bbd  ldexpl                        
00001bbd  scalbn                        
00001bbd  scalbnl                       
00001ccd  __aeabi_dmul                  
00001dc9  main                          
00001de1  lcd_rotatingBanner            
00001f53  __aeabi_memcpy                
00001f53  __aeabi_memcpy4               
00001f53  __aeabi_memcpy8               
00001f53  memcpy                        
00001fef  __aeabi_uldivmod              
00002085  __aeabi_cdcmpeq               
00002085  __aeabi_cdcmple               
0000210b  __aeabi_cdrcmple              
00002191  __aeabi_memclr                
00002191  __aeabi_memclr4               
00002191  __aeabi_memclr8               
00002193  __aeabi_memset                
00002193  __aeabi_memset4               
00002193  __aeabi_memset8               
00002199  memset                        
00002279  __TI_decompress_lzss          
000022e1  frexp                         
000022e1  frexpl                        
00002345  resetSimulationBoard          
000023fb  __TI_ltoa                     
000024a1  atoi                          
000024ed  __aeabi_d2iz                  
00002535  __TI_auto_init_nobinit_nopinit
00002579  vsnprintf                     
000025f9  IntRegister                   
0000262d  _c_int00_noargs               
00002691  __aeabi_i2d                   
000026bf  strcat                        
000026dd  __TI_zero_init_nomemset       
000026f9  memccpy                       
00002715  copysign                      
00002715  copysignl                     
00002747  strcmp                        
0000275f  strchr                        
00002775  strcpy                        
00002789  strlen                        
0000279d  wcslen                        
000027af  lcd_clear                     
000027bf  __TI_decompress_none          
000027cd  ResetISR                      
000027d9  __aeabi_errno_addr            
000027e1  _system_pre_init              
000027e5  C$$EXIT                       
000027e5  abort                         
000027e8  _ctypes_                      
00002958  __TI_Handler_Table_Base       
00002964  __TI_Handler_Table_Limit      
00002980  __TI_CINIT_Base               
00002998  __TI_CINIT_Limit              
20000000  __start___llvm_prf_cnts       
20000000  __stop___llvm_prf_cnts        
20000000  g_pfnRAMVectors               
20000270  __stack                       
20000470  __STACK_TOP                   
20001270  __STACK_END                   
200012c4  _timeout_ticks                
200012c8  errno                         
200012cc  _running                      
ffffffff  __TI_pprof_out_hndl           
ffffffff  __TI_prof_data_size           
ffffffff  __TI_prof_data_start          
ffffffff  __binit__                     
ffffffff  __c_args__                    
ffffffff  binit                         
UNDEFED   __mpu_init                    
UNDEFED   _system_post_cinit            

[99 symbols]
