******************************************************************************
                  TI ARM Linker PC v20.2.1                     
******************************************************************************
>> Linked Thu Apr  8 14:50:13 2021

OUTPUT FILE NAME:   <Lab8.out>
ENTRY POINT SYMBOL: "_c_int00_noargs"  address: 000028ed


MEMORY CONFIGURATION

         name            origin    length      used     unused   attr    fill
----------------------  --------  ---------  --------  --------  ----  --------
  FLASH                 00000000   00040000  00002c11  0003d3ef  R  X
  SRAM                  20000000   00008000  000022d4  00005d2c  RW X


SEGMENT ALLOCATION MAP

run origin  load origin   length   init length attrs members
----------  ----------- ---------- ----------- ----- -------
00000000    00000000    00002c18   00002c18    r-x
  00000000    00000000    0000026c   0000026c    r-- .intvecs
  0000026c    0000026c    0000285c   0000285c    r-x .text
  00002ac8    00002ac8    00000109   00000109    r-- .const
  00002bd8    00002bd8    00000040   00000040    r-- .cinit
20000000    20000000    000022d8   00000000    rw-
  20000000    20000000    0000026c   00000000    rw- .vtable
  20000270    20000270    00001000   00000000    rw- .stack
  20001270    20001270    00001000   00000000    rw- .sysmem
  20002270    20002270    00000058   00000000    rw- .bss
  200022c8    200022c8    00000010   00000000    rw- .data


SECTION ALLOCATION MAP

 output                                  attributes/
section   page    origin      length       input sections
--------  ----  ----------  ----------   ----------------
.intvecs   0    00000000    0000026c     
                  00000000    0000026c     tm4c123gh6pm_startup_ccs.obj (.intvecs)

.text      0    0000026c    0000285c     
                  0000026c    00000a4e     rtsv7M4_T_le_v4SPD16_eabi.lib : _printfi.c.obj (.text:__TI_printfi)
                  00000cba    00000002                                   : div0.asm.obj (.text)
                  00000cbc    00000328     lcd.obj (.text)
                  00000fe4    000002b8     ping_template.obj (.text)
                  0000129c    00000270     rtsv7M4_T_le_v4SPD16_eabi.lib : _printfi.c.obj (.text:_pconv_a)
                  0000150c    00000248     Timer.obj (.text)
                  00001754    000001d0     rtsv7M4_T_le_v4SPD16_eabi.lib : _printfi.c.obj (.text:_pconv_g)
                  00001924    000001b6                                   : fd_add_t2.asm.obj (.text)
                  00001ada    00000002     --HOLE-- [fill = 0]
                  00001adc    0000013c                                   : _printfi.c.obj (.text:_pconv_e)
                  00001c18    00000136                                   : fd_div_t2.asm.obj (.text)
                  00001d4e    00000002     --HOLE-- [fill = 0]
                  00001d50    00000124                                   : _printfi.c.obj (.text:fcvt)
                  00001e74    00000110                                   : s_scalbn.c.obj (.text:scalbn)
                  00001f84    000000fc                                   : fd_mul_t2.asm.obj (.text)
                  00002080    000000b1                                   : _printfi.c.obj (.text:_ltostr)
                  00002131    00000001     --HOLE-- [fill = 0]
                  00002132    0000009c                                   : memcpy_t2.asm.obj (.text)
                  000021ce    00000096                                   : ull_div_t2.asm.obj (.text)
                  00002264    00000086                                   : fd_cmp_t2.asm.obj (.text:__aeabi_cdcmple)
                  000022ea    00000086                                   : fd_cmp_t2.asm.obj (.text:__aeabi_cdrcmple)
                  00002370    0000007a                                   : memset_t2.asm.obj (.text)
                  000023ea    0000006e                                   : _printfi.c.obj (.text:_mcpy)
                  00002458    0000006e                                   : fd_tos_t2.asm.obj (.text)
                  000024c6    00000068                                   : copy_decompress_lzss.c.obj (.text:decompress:lzss:__TI_decompress_lzss)
                  0000252e    00000002     --HOLE-- [fill = 0]
                  00002530    00000064                                   : s_frexp.c.obj (.text:frexp)
                  00002594    00000060     resetSimulation.obj (.text)
                  000025f4    00000056     rtsv7M4_T_le_v4SPD16_eabi.lib : _printfi.c.obj (.text:_pconv_f)
                  0000264a    00000054                                   : _ltoa.c.obj (.text:__TI_ltoa)
                  0000269e    00000052                                   : _printfi.c.obj (.text:_ecpy)
                  000026f0    0000004c                                   : atoi.c.obj (.text:atoi)
                  0000273c    00000048                                   : fd_toi_t2.asm.obj (.text)
                  00002784    00000044                                   : autoinit.c.obj (.text:__TI_auto_init_nobinit_nopinit:__TI_auto_init_nobinit_nopinit)
                  000027c8    00000040                                   : vsnprintf.c.obj (.text:vsnprintf)
                  00002808    0000003e                                   : _printfi.c.obj (.text:_fcpy)
                  00002846    00000002     --HOLE-- [fill = 0]
                  00002848    00000038     lab8_template.obj (.text)
                  00002880    00000038     rtsv7M4_T_le_v4SPD16_eabi.lib : fs_tod_t2.asm.obj (.text)
                  000028b8    00000034     driverlib.lib : interrupt.obj (.text:IntRegister)
                  000028ec    00000034     rtsv7M4_T_le_v4SPD16_eabi.lib : boot_cortex_m.c.obj (.text:_c_int00_noargs:_c_int00_noargs)
                  00002920    00000030                                   : vsnprintf.c.obj (.text:_outs)
                  00002950    0000002e                                   : i_tofd_t2.asm.obj (.text)
                  0000297e    00000020                                   : u_tofd_t2.asm.obj (.text)
                  0000299e    0000001c                                   : copy_zero_init.c.obj (.text:decompress:ZI:__TI_zero_init_nomemset:__TI_zero_init_nomemset)
                  000029ba    0000001c                                   : memccpy.c.obj (.text:memccpy)
                  000029d6    0000001a                                   : s_copysign.c.obj (.text:copysign)
                  000029f0    00000018                                   : vsnprintf.c.obj (.text:_outc)
                  00002a08    00000018                                   : strcmp.c.obj (.text:strcmp)
                  00002a20    00000016                                   : strchr.c.obj (.text:strchr)
                  00002a36    00000014                                   : strcpy.c.obj (.text:strcpy)
                  00002a4a    00000014                                   : strlen.c.obj (.text:strlen)
                  00002a5e    00000012                                   : wcslen.c.obj (.text:wcslen)
                  00002a70    00000010     driverlib.lib : interrupt.obj (.text:IntMasterEnable)
                  00002a80    00000010     lcd.obj (.text:lcd_clear)
                  00002a90    0000000e     rtsv7M4_T_le_v4SPD16_eabi.lib : copy_decompress_none.c.obj (.text:decompress:none:__TI_decompress_none)
                  00002a9e    0000000c     driverlib.lib : cpu.obj (.text:CPUcpsie)
                  00002aaa    0000000c     tm4c123gh6pm_startup_ccs.obj (.text)
                  00002ab6    00000002     --HOLE-- [fill = 0]
                  00002ab8    00000008     rtsv7M4_T_le_v4SPD16_eabi.lib : errno.c.obj (.text:__aeabi_errno_addr)
                  00002ac0    00000004                                   : pre_init.c.obj (.text:_system_pre_init)
                  00002ac4    00000004                                   : exit.c.obj (.text:abort:abort)

.const     0    00002ac8    00000109     
                  00002ac8    00000101     rtsv7M4_T_le_v4SPD16_eabi.lib : ctype.c.obj (.const:.string:_ctypes_)
                  00002bc9    00000004     lcd.obj (.const:.string:lineAddress$1)
                  00002bcd    00000004     lcd.obj (.const:.string:lineAddresses$2)

.cinit     0    00002bd8    00000040     
                  00002bd8    0000000c     (__TI_handler_table)
                  00002be4    00000004     --HOLE-- [fill = 0]
                  00002be8    00000008     (.cinit..bss.load) [load image, compression = zero_init]
                  00002bf0    00000008     (.cinit..vtable.load) [load image, compression = zero_init]
                  00002bf8    00000007     (.cinit..data.load) [load image, compression = lzss]
                  00002bff    00000001     --HOLE-- [fill = 0]
                  00002c00    00000018     (__TI_cinit_table)

.init_array 
*          0    00000000    00000000     UNINITIALIZED

.vtable    0    20000000    0000026c     UNINITIALIZED
                  20000000    0000026c     driverlib.lib : interrupt.obj (.vtable)

.stack     0    20000270    00001000     UNINITIALIZED
                  20000270    00000004     rtsv7M4_T_le_v4SPD16_eabi.lib : boot_cortex_m.c.obj (.stack)
                  20000274    00000ffc     --HOLE--

.sysmem    0    20001270    00001000     UNINITIALIZED
                  20001270    00000010     rtsv7M4_T_le_v4SPD16_eabi.lib : memory.c.obj (.sysmem)
                  20001280    00000ff0     --HOLE--

.bss       0    20002270    00000058     UNINITIALIZED
                  20002270    00000054     lcd.obj (.bss:lastbuffer$3)
                  200022c4    00000004     (.common:_timeout_ticks)

.data      0    200022c8    00000010     UNINITIALIZED
                  200022c8    0000000a     ping_template.obj (.data)
                  200022d2    00000001     Timer.obj (.data)
                  200022d3    00000001     --HOLE--
                  200022d4    00000004     rtsv7M4_T_le_v4SPD16_eabi.lib : errno.c.obj (.data)

__llvm_prf_cnts 
*          0    20000000    00000000     UNINITIALIZED

MODULE SUMMARY

       Module                         code    ro data   rw data
       ------                         ----    -------   -------
    .\
       lcd.obj                        824     8         84     
       ping_template.obj              696     0         10     
       tm4c123gh6pm_startup_ccs.obj   12      620       0      
       Timer.obj                      584     0         5      
       resetSimulation.obj            96      0         0      
       lab8_template.obj              56      0         0      
    +--+------------------------------+-------+---------+---------+
       Total:                         2268    628       99     
                                                               
    C:/ti/TivaWare_C_Series-2.1.4.178/driverlib/ccs/Debug/driverlib.lib
       interrupt.obj                  68      0         620    
       cpu.obj                        12      0         0      
    +--+------------------------------+-------+---------+---------+
       Total:                         80      0         620    
                                                               
    C:\ti\ccs1010\ccs\tools\compiler\ti-cgt-arm_20.2.1.LTS\lib\rtsv7M4_T_le_v4SPD16_eabi.lib
       _printfi.c.obj                 4851    0         0      
       fd_add_t2.asm.obj              438     0         0      
       fd_div_t2.asm.obj              310     0         0      
       s_scalbn.c.obj                 272     0         0      
       fd_cmp_t2.asm.obj              268     0         0      
       ctype.c.obj                    0       257       0      
       fd_mul_t2.asm.obj              252     0         0      
       memcpy_t2.asm.obj              156     0         0      
       ull_div_t2.asm.obj             150     0         0      
       vsnprintf.c.obj                136     0         0      
       memset_t2.asm.obj              122     0         0      
       fd_tos_t2.asm.obj              110     0         0      
       copy_decompress_lzss.c.obj     104     0         0      
       s_frexp.c.obj                  100     0         0      
       _ltoa.c.obj                    84      0         0      
       atoi.c.obj                     76      0         0      
       fd_toi_t2.asm.obj              72      0         0      
       autoinit.c.obj                 68      0         0      
       fs_tod_t2.asm.obj              56      0         0      
       boot_cortex_m.c.obj            52      0         0      
       i_tofd_t2.asm.obj              46      0         0      
       u_tofd_t2.asm.obj              32      0         0      
       copy_zero_init.c.obj           28      0         0      
       memccpy.c.obj                  28      0         0      
       s_copysign.c.obj               26      0         0      
       strcmp.c.obj                   24      0         0      
       strchr.c.obj                   22      0         0      
       strcpy.c.obj                   20      0         0      
       strlen.c.obj                   20      0         0      
       wcslen.c.obj                   18      0         0      
       copy_decompress_none.c.obj     14      0         0      
       errno.c.obj                    8       0         4      
       exit.c.obj                     4       0         0      
       pre_init.c.obj                 4       0         0      
       div0.asm.obj                   2       0         0      
    +--+------------------------------+-------+---------+---------+
       Total:                         7973    257       4      
                                                               
       Heap:                          0       0         4096   
       Stack:                         0       0         4096   
       Linker Generated:              0       59        0      
    +--+------------------------------+-------+---------+---------+
       Grand Total:                   10321   944       8915   


LINKER GENERATED COPY TABLES

__TI_cinit_table @ 00002c00 records: 3, size/record: 8, table size: 24
	.bss: load addr=00002be8, load size=00000008 bytes, run addr=20002270, run size=00000058 bytes, compression=zero_init
	.vtable: load addr=00002bf0, load size=00000008 bytes, run addr=20000000, run size=0000026c bytes, compression=zero_init
	.data: load addr=00002bf8, load size=00000007 bytes, run addr=200022c8, run size=00000010 bytes, compression=lzss


LINKER GENERATED HANDLER TABLE

__TI_handler_table @ 00002bd8 records: 3, size/record: 4, table size: 12
	index: 0, handler: __TI_zero_init
	index: 1, handler: __TI_decompress_lzss
	index: 2, handler: __TI_decompress_none


GLOBAL SYMBOLS: SORTED ALPHABETICALLY BY Name 

address   name                          
-------   ----                          
00002ac5  C$$EXIT                       
00002a9f  CPUcpsie                      
200022cc  END_TIME                      
00002a71  IntMasterEnable               
000028b9  IntRegister                   
00002aab  ResetISR                      
200022c8  START_TIME                    
200022d0  STATE                         
00001143  TIMER3B_Handler               
20001270  __STACK_END                   
00001000  __STACK_SIZE                  
20000470  __STACK_TOP                   
00001000  __SYSMEM_SIZE                 
00002c00  __TI_CINIT_Base               
00002c18  __TI_CINIT_Limit              
00002bd8  __TI_Handler_Table_Base       
00002be4  __TI_Handler_Table_Limit      
00002785  __TI_auto_init_nobinit_nopinit
000024c7  __TI_decompress_lzss          
00002a91  __TI_decompress_none          
0000264b  __TI_ltoa                     
ffffffff  __TI_pprof_out_hndl           
0000026d  __TI_printfi                  
ffffffff  __TI_prof_data_size           
ffffffff  __TI_prof_data_start          
00000000  __TI_static_base__            
0000299f  __TI_zero_init_nomemset       
00002265  __aeabi_cdcmpeq               
00002265  __aeabi_cdcmple               
000022eb  __aeabi_cdrcmple              
00002459  __aeabi_d2f                   
0000273d  __aeabi_d2iz                  
0000192f  __aeabi_dadd                  
00001c19  __aeabi_ddiv                  
00001f85  __aeabi_dmul                  
00001925  __aeabi_dsub                  
00002ab9  __aeabi_errno_addr            
00002881  __aeabi_f2d                   
00002951  __aeabi_i2d                   
00000cbb  __aeabi_idiv0                 
00000cbb  __aeabi_ldiv0                 
00002371  __aeabi_memclr                
00002371  __aeabi_memclr4               
00002371  __aeabi_memclr8               
00002133  __aeabi_memcpy                
00002133  __aeabi_memcpy4               
00002133  __aeabi_memcpy8               
00002373  __aeabi_memset                
00002373  __aeabi_memset4               
00002373  __aeabi_memset8               
0000297f  __aeabi_ui2d                  
000021cf  __aeabi_uldivmod              
ffffffff  __binit__                     
ffffffff  __c_args__                    
UNDEFED   __mpu_init                    
20000270  __stack                       
20000000  __start___llvm_prf_cnts       
20000000  __stop___llvm_prf_cnts        
000028ed  _c_int00_noargs               
00002ac8  _ctypes_                      
200022d2  _running                      
20001270  _sys_memory                   
UNDEFED   _system_post_cinit            
00002ac1  _system_pre_init              
200022c4  _timeout_ticks                
00002ac5  abort                         
000026f1  atoi                          
ffffffff  binit                         
000029d7  copysign                      
000029d7  copysignl                     
200022d4  errno                         
00002531  frexp                         
00002531  frexpl                        
20000000  g_pfnRAMVectors               
00000000  g_pfnVectors                  
00002a81  lcd_clear                     
00000e91  lcd_gotoLine                  
00000cf9  lcd_init                      
00000ef7  lcd_printf                    
00000db9  lcd_putc                      
00000df1  lcd_puts                      
00000cbd  lcd_reverseNibble             
00000e0f  lcd_sendCommand               
00000e4d  lcd_sendNibble                
00000eb9  lcd_setCursorPos              
00001e75  ldexp                         
00001e75  ldexpl                        
00002849  main                          
000029bb  memccpy                       
00002133  memcpy                        
00002379  memset                        
200022d1  overflow                      
00001183  ping_getDistance              
00000fe5  ping_init                     
000010c5  ping_trigger                  
00002595  resetSimulationBoard          
00001e75  scalbn                        
00001e75  scalbnl                       
00002a21  strchr                        
00002a09  strcmp                        
00002a37  strcpy                        
00002a4b  strlen                        
0000162b  timer_getMicros               
000015d3  timer_getMillis               
0000150d  timer_init                    
000015af  timer_pause                   
000015c1  timer_resume                  
00001585  timer_stop                    
00001685  timer_waitMicros              
000016b7  timer_waitMillis              
000027c9  vsnprintf                     
00002a5f  wcslen                        


GLOBAL SYMBOLS: SORTED BY Symbol Address 

address   name                          
-------   ----                          
00000000  __TI_static_base__            
00000000  g_pfnVectors                  
0000026d  __TI_printfi                  
00000cbb  __aeabi_idiv0                 
00000cbb  __aeabi_ldiv0                 
00000cbd  lcd_reverseNibble             
00000cf9  lcd_init                      
00000db9  lcd_putc                      
00000df1  lcd_puts                      
00000e0f  lcd_sendCommand               
00000e4d  lcd_sendNibble                
00000e91  lcd_gotoLine                  
00000eb9  lcd_setCursorPos              
00000ef7  lcd_printf                    
00000fe5  ping_init                     
00001000  __STACK_SIZE                  
00001000  __SYSMEM_SIZE                 
000010c5  ping_trigger                  
00001143  TIMER3B_Handler               
00001183  ping_getDistance              
0000150d  timer_init                    
00001585  timer_stop                    
000015af  timer_pause                   
000015c1  timer_resume                  
000015d3  timer_getMillis               
0000162b  timer_getMicros               
00001685  timer_waitMicros              
000016b7  timer_waitMillis              
00001925  __aeabi_dsub                  
0000192f  __aeabi_dadd                  
00001c19  __aeabi_ddiv                  
00001e75  ldexp                         
00001e75  ldexpl                        
00001e75  scalbn                        
00001e75  scalbnl                       
00001f85  __aeabi_dmul                  
00002133  __aeabi_memcpy                
00002133  __aeabi_memcpy4               
00002133  __aeabi_memcpy8               
00002133  memcpy                        
000021cf  __aeabi_uldivmod              
00002265  __aeabi_cdcmpeq               
00002265  __aeabi_cdcmple               
000022eb  __aeabi_cdrcmple              
00002371  __aeabi_memclr                
00002371  __aeabi_memclr4               
00002371  __aeabi_memclr8               
00002373  __aeabi_memset                
00002373  __aeabi_memset4               
00002373  __aeabi_memset8               
00002379  memset                        
00002459  __aeabi_d2f                   
000024c7  __TI_decompress_lzss          
00002531  frexp                         
00002531  frexpl                        
00002595  resetSimulationBoard          
0000264b  __TI_ltoa                     
000026f1  atoi                          
0000273d  __aeabi_d2iz                  
00002785  __TI_auto_init_nobinit_nopinit
000027c9  vsnprintf                     
00002849  main                          
00002881  __aeabi_f2d                   
000028b9  IntRegister                   
000028ed  _c_int00_noargs               
00002951  __aeabi_i2d                   
0000297f  __aeabi_ui2d                  
0000299f  __TI_zero_init_nomemset       
000029bb  memccpy                       
000029d7  copysign                      
000029d7  copysignl                     
00002a09  strcmp                        
00002a21  strchr                        
00002a37  strcpy                        
00002a4b  strlen                        
00002a5f  wcslen                        
00002a71  IntMasterEnable               
00002a81  lcd_clear                     
00002a91  __TI_decompress_none          
00002a9f  CPUcpsie                      
00002aab  ResetISR                      
00002ab9  __aeabi_errno_addr            
00002ac1  _system_pre_init              
00002ac5  C$$EXIT                       
00002ac5  abort                         
00002ac8  _ctypes_                      
00002bd8  __TI_Handler_Table_Base       
00002be4  __TI_Handler_Table_Limit      
00002c00  __TI_CINIT_Base               
00002c18  __TI_CINIT_Limit              
20000000  __start___llvm_prf_cnts       
20000000  __stop___llvm_prf_cnts        
20000000  g_pfnRAMVectors               
20000270  __stack                       
20000470  __STACK_TOP                   
20001270  __STACK_END                   
20001270  _sys_memory                   
200022c4  _timeout_ticks                
200022c8  START_TIME                    
200022cc  END_TIME                      
200022d0  STATE                         
200022d1  overflow                      
200022d2  _running                      
200022d4  errno                         
ffffffff  __TI_pprof_out_hndl           
ffffffff  __TI_prof_data_size           
ffffffff  __TI_prof_data_start          
ffffffff  __binit__                     
ffffffff  __c_args__                    
ffffffff  binit                         
UNDEFED   __mpu_init                    
UNDEFED   _system_post_cinit            

[112 symbols]
