******************************************************************************
                  TI ARM Linker PC v20.2.1                     
******************************************************************************
>> Linked Thu Apr  8 14:41:55 2021

OUTPUT FILE NAME:   <Lab6.out>
ENTRY POINT SYMBOL: "_c_int00_noargs"  address: 00002b59


MEMORY CONFIGURATION

         name            origin    length      used     unused   attr    fill
----------------------  --------  ---------  --------  --------  ----  --------
  FLASH                 00000000   00040000  00002e71  0003d18f  R  X
  SRAM                  20000000   00008000  000022e2  00005d1e  RW X


SEGMENT ALLOCATION MAP

run origin  load origin   length   init length attrs members
----------  ----------- ---------- ----------- ----- -------
00000000    00000000    00002e78   00002e78    r-x
  00000000    00000000    0000026c   0000026c    r-- .intvecs
  0000026c    0000026c    00002abc   00002abc    r-x .text
  00002d28    00002d28    00000109   00000109    r-- .const
  00002e38    00002e38    00000040   00000040    r-- .cinit
20000000    20000000    000022e9   00000000    rw-
  20000000    20000000    0000026c   00000000    rw- .vtable
  20000270    20000270    00001000   00000000    rw- .stack
  20001270    20001270    00001000   00000000    rw- .sysmem
  20002270    20002270    00000069   00000000    rw- .bss
  200022dc    200022dc    0000000d   00000000    rw- .data


SECTION ALLOCATION MAP

 output                                  attributes/
section   page    origin      length       input sections
--------  ----  ----------  ----------   ----------------
.intvecs   0    00000000    0000026c     
                  00000000    0000026c     tm4c123gh6pm_startup_ccs.obj (.intvecs)

.text      0    0000026c    00002abc     
                  0000026c    00000a4e     rtsv7M4_T_le_v4SPD16_eabi.lib : _printfi.c.obj (.text:__TI_printfi)
                  00000cba    00000002                                   : div0.asm.obj (.text)
                  00000cbc    00000328     lcd.obj (.text)
                  00000fe4    00000270     rtsv7M4_T_le_v4SPD16_eabi.lib : _printfi.c.obj (.text:_pconv_a)
                  00001254    00000248     Timer.obj (.text)
                  0000149c    000001d0     rtsv7M4_T_le_v4SPD16_eabi.lib : _printfi.c.obj (.text:_pconv_g)
                  0000166c    000001bc     libcybotScan.lib : ping.obj (.text)
                  00001828    000001b6     rtsv7M4_T_le_v4SPD16_eabi.lib : fd_add_t2.asm.obj (.text)
                  000019de    00000002     --HOLE-- [fill = 0]
                  000019e0    0000017c     uart-interrupt.obj (.text)
                  00001b5c    00000144     uart.obj (.text)
                  00001ca0    0000013c     rtsv7M4_T_le_v4SPD16_eabi.lib : _printfi.c.obj (.text:_pconv_e)
                  00001ddc    00000136                                   : fd_div_t2.asm.obj (.text)
                  00001f12    00000002     --HOLE-- [fill = 0]
                  00001f14    00000124                                   : _printfi.c.obj (.text:fcvt)
                  00002038    00000110                                   : s_scalbn.c.obj (.text:scalbn)
                  00002148    000000fc                                   : fd_mul_t2.asm.obj (.text)
                  00002244    000000dc     libcybotScan.lib : ir.obj (.text)
                  00002320    000000c4                      : servo.obj (.text)
                  000023e4    000000b1     rtsv7M4_T_le_v4SPD16_eabi.lib : _printfi.c.obj (.text:_ltostr)
                  00002495    00000001     --HOLE-- [fill = 0]
                  00002496    0000009c                                   : memcpy_t2.asm.obj (.text)
                  00002532    00000096                                   : ull_div_t2.asm.obj (.text)
                  000025c8    00000086                                   : fd_cmp_t2.asm.obj (.text:__aeabi_cdcmple)
                  0000264e    00000086                                   : fd_cmp_t2.asm.obj (.text:__aeabi_cdrcmple)
                  000026d4    0000007a                                   : memset_t2.asm.obj (.text)
                  0000274e    0000006e                                   : _printfi.c.obj (.text:_mcpy)
                  000027bc    00000068                                   : copy_decompress_lzss.c.obj (.text:decompress:lzss:__TI_decompress_lzss)
                  00002824    00000064                                   : s_frexp.c.obj (.text:frexp)
                  00002888    00000056                                   : _printfi.c.obj (.text:_pconv_f)
                  000028de    00000054                                   : _ltoa.c.obj (.text:__TI_ltoa)
                  00002932    00000052                                   : _printfi.c.obj (.text:_ecpy)
                  00002984    0000004c                                   : atoi.c.obj (.text:atoi)
                  000029d0    00000048     libcybotScan.lib : cyBot_Scan.obj (.text)
                  00002a18    00000048     rtsv7M4_T_le_v4SPD16_eabi.lib : fd_toi_t2.asm.obj (.text)
                  00002a60    00000044                                   : autoinit.c.obj (.text:__TI_auto_init_nobinit_nopinit:__TI_auto_init_nobinit_nopinit)
                  00002aa4    00000040                                   : vsnprintf.c.obj (.text:vsnprintf)
                  00002ae4    0000003e                                   : _printfi.c.obj (.text:_fcpy)
                  00002b22    00000002     --HOLE-- [fill = 0]
                  00002b24    00000034     driverlib.lib : interrupt.obj (.text:IntRegister)
                  00002b58    00000034     rtsv7M4_T_le_v4SPD16_eabi.lib : boot_cortex_m.c.obj (.text:_c_int00_noargs:_c_int00_noargs)
                  00002b8c    00000030                                   : vsnprintf.c.obj (.text:_outs)
                  00002bbc    0000002e                                   : i_tofd_t2.asm.obj (.text)
                  00002bea    0000001c                                   : copy_zero_init.c.obj (.text:decompress:ZI:__TI_zero_init_nomemset:__TI_zero_init_nomemset)
                  00002c06    0000001c                                   : memccpy.c.obj (.text:memccpy)
                  00002c22    0000001a                                   : s_copysign.c.obj (.text:copysign)
                  00002c3c    00000018                                   : vsnprintf.c.obj (.text:_outc)
                  00002c54    00000018                                   : strcmp.c.obj (.text:strcmp)
                  00002c6c    00000016                                   : strchr.c.obj (.text:strchr)
                  00002c82    00000014     lab6-interrupt_template.obj (.text)
                  00002c96    00000014     rtsv7M4_T_le_v4SPD16_eabi.lib : strcpy.c.obj (.text:strcpy)
                  00002caa    00000014                                   : strlen.c.obj (.text:strlen)
                  00002cbe    00000012                                   : wcslen.c.obj (.text:wcslen)
                  00002cd0    00000010     driverlib.lib : interrupt.obj (.text:IntMasterEnable)
                  00002ce0    00000010     lcd.obj (.text:lcd_clear)
                  00002cf0    0000000e     rtsv7M4_T_le_v4SPD16_eabi.lib : copy_decompress_none.c.obj (.text:decompress:none:__TI_decompress_none)
                  00002cfe    0000000c     driverlib.lib : cpu.obj (.text:CPUcpsie)
                  00002d0a    0000000c     tm4c123gh6pm_startup_ccs.obj (.text)
                  00002d16    00000002     --HOLE-- [fill = 0]
                  00002d18    00000008     rtsv7M4_T_le_v4SPD16_eabi.lib : errno.c.obj (.text:__aeabi_errno_addr)
                  00002d20    00000004                                   : pre_init.c.obj (.text:_system_pre_init)
                  00002d24    00000004                                   : exit.c.obj (.text:abort:abort)

.const     0    00002d28    00000109     
                  00002d28    00000101     rtsv7M4_T_le_v4SPD16_eabi.lib : ctype.c.obj (.const:.string:_ctypes_)
                  00002e29    00000004     lcd.obj (.const:.string:lineAddress$1)
                  00002e2d    00000004     lcd.obj (.const:.string:lineAddresses$2)

.cinit     0    00002e38    00000040     
                  00002e38    0000000c     (__TI_handler_table)
                  00002e44    0000000b     (.cinit..data.load) [load image, compression = lzss]
                  00002e4f    00000001     --HOLE-- [fill = 0]
                  00002e50    00000008     (.cinit..bss.load) [load image, compression = zero_init]
                  00002e58    00000008     (.cinit..vtable.load) [load image, compression = zero_init]
                  00002e60    00000018     (__TI_cinit_table)

.init_array 
*          0    00000000    00000000     UNINITIALIZED

.vtable    0    20000000    0000026c     UNINITIALIZED
                  20000000    0000026c     driverlib.lib : interrupt.obj (.vtable)

.stack     0    20000270    00001000     UNINITIALIZED
                  20000270    00000004     rtsv7M4_T_le_v4SPD16_eabi.lib : boot_cortex_m.c.obj (.stack)
                  20000274    00000ffc     --HOLE--

.sysmem    0    20001270    00001000     UNINITIALIZED
                  20001270    00000010     rtsv7M4_T_le_v4SPD16_eabi.lib : memory.c.obj (.sysmem)
                  20001280    00000ff0     --HOLE--

.bss       0    20002270    00000069     UNINITIALIZED
                  20002270    00000054     lcd.obj (.bss:lastbuffer$3)
                  200022c4    00000004     (.common:_timeout_ticks)
                  200022c8    00000004     (.common:fallingEdge)
                  200022cc    00000004     (.common:isr_int_value)
                  200022d0    00000004     (.common:pulseLength)
                  200022d4    00000004     (.common:risingEdge)
                  200022d8    00000001     (.common:isRisingEdge)

.data      0    200022dc    0000000d     UNINITIALIZED
                  200022dc    00000008     uart-interrupt.obj (.data)
                  200022e4    00000004     rtsv7M4_T_le_v4SPD16_eabi.lib : errno.c.obj (.data)
                  200022e8    00000001     Timer.obj (.data)

__llvm_prf_cnts 
*          0    20000000    00000000     UNINITIALIZED

MODULE SUMMARY

       Module                         code    ro data   rw data
       ------                         ----    -------   -------
    .\
       lcd.obj                        824     8         84     
       tm4c123gh6pm_startup_ccs.obj   12      620       0      
       Timer.obj                      584     0         5      
       uart-interrupt.obj             380     0         8      
       uart.obj                       324     0         0      
       lab6-interrupt_template.obj    20      0         0      
    +--+------------------------------+-------+---------+---------+
       Total:                         2144    628       97     
                                                               
    ../libcybotScan.lib
       ping.obj                       444     0         13     
       ir.obj                         220     0         4      
       servo.obj                      196     0         0      
       cyBot_Scan.obj                 72      0         0      
    +--+------------------------------+-------+---------+---------+
       Total:                         932     0         17     
                                                               
    C:/ti/TivaWare_C_Series-2.1.4.178/driverlib/ccs/Debug/driverlib.lib
       interrupt.obj                  68      0         620    
       cpu.obj                        12      0         0      
    +--+------------------------------+-------+---------+---------+
       Total:                         80      0         620    
                                                               
    C:\ti\ccs1010\ccs\tools\compiler\ti-cgt-arm_20.2.1.LTS\lib\rtsv7M4_T_le_v4SPD16_eabi.lib
       _printfi.c.obj                 4851    0         0      
       fd_add_t2.asm.obj              438     0         0      
       fd_div_t2.asm.obj              310     0         0      
       s_scalbn.c.obj                 272     0         0      
       fd_cmp_t2.asm.obj              268     0         0      
       ctype.c.obj                    0       257       0      
       fd_mul_t2.asm.obj              252     0         0      
       memcpy_t2.asm.obj              156     0         0      
       ull_div_t2.asm.obj             150     0         0      
       vsnprintf.c.obj                136     0         0      
       memset_t2.asm.obj              122     0         0      
       copy_decompress_lzss.c.obj     104     0         0      
       s_frexp.c.obj                  100     0         0      
       _ltoa.c.obj                    84      0         0      
       atoi.c.obj                     76      0         0      
       fd_toi_t2.asm.obj              72      0         0      
       autoinit.c.obj                 68      0         0      
       boot_cortex_m.c.obj            52      0         0      
       i_tofd_t2.asm.obj              46      0         0      
       copy_zero_init.c.obj           28      0         0      
       memccpy.c.obj                  28      0         0      
       s_copysign.c.obj               26      0         0      
       strcmp.c.obj                   24      0         0      
       strchr.c.obj                   22      0         0      
       strcpy.c.obj                   20      0         0      
       strlen.c.obj                   20      0         0      
       wcslen.c.obj                   18      0         0      
       copy_decompress_none.c.obj     14      0         0      
       errno.c.obj                    8       0         4      
       exit.c.obj                     4       0         0      
       pre_init.c.obj                 4       0         0      
       div0.asm.obj                   2       0         0      
    +--+------------------------------+-------+---------+---------+
       Total:                         7775    257       4      
                                                               
       Heap:                          0       0         4096   
       Stack:                         0       0         4096   
       Linker Generated:              0       63        0      
    +--+------------------------------+-------+---------+---------+
       Grand Total:                   10931   948       8930   


LINKER GENERATED COPY TABLES

__TI_cinit_table @ 00002e60 records: 3, size/record: 8, table size: 24
	.data: load addr=00002e44, load size=0000000b bytes, run addr=200022dc, run size=0000000d bytes, compression=lzss
	.bss: load addr=00002e50, load size=00000008 bytes, run addr=20002270, run size=00000069 bytes, compression=zero_init
	.vtable: load addr=00002e58, load size=00000008 bytes, run addr=20000000, run size=0000026c bytes, compression=zero_init


LINKER GENERATED HANDLER TABLE

__TI_handler_table @ 00002e38 records: 3, size/record: 4, table size: 12
	index: 0, handler: __TI_zero_init
	index: 1, handler: __TI_decompress_lzss
	index: 2, handler: __TI_decompress_none


GLOBAL SYMBOLS: SORTED ALPHABETICALLY BY Name 

address   name                          
-------   ----                          
000022f1  ADC0SS0_Handler               
00002d25  C$$EXIT                       
00002cff  CPUcpsie                      
00002cd1  IntMasterEnable               
00002b25  IntRegister                   
00002d0b  ResetISR                      
000017a9  TIMER3B_Handler               
00001ab7  UART1_Handler                 
20001270  __STACK_END                   
00001000  __STACK_SIZE                  
20000470  __STACK_TOP                   
00001000  __SYSMEM_SIZE                 
00002e60  __TI_CINIT_Base               
00002e78  __TI_CINIT_Limit              
00002e38  __TI_Handler_Table_Base       
00002e44  __TI_Handler_Table_Limit      
00002a61  __TI_auto_init_nobinit_nopinit
000027bd  __TI_decompress_lzss          
00002cf1  __TI_decompress_none          
000028df  __TI_ltoa                     
ffffffff  __TI_pprof_out_hndl           
0000026d  __TI_printfi                  
ffffffff  __TI_prof_data_size           
ffffffff  __TI_prof_data_start          
00000000  __TI_static_base__            
00002beb  __TI_zero_init_nomemset       
000025c9  __aeabi_cdcmpeq               
000025c9  __aeabi_cdcmple               
0000264f  __aeabi_cdrcmple              
00002a19  __aeabi_d2iz                  
00001833  __aeabi_dadd                  
00001ddd  __aeabi_ddiv                  
00002149  __aeabi_dmul                  
00001829  __aeabi_dsub                  
00002d19  __aeabi_errno_addr            
00002bbd  __aeabi_i2d                   
00000cbb  __aeabi_idiv0                 
00000cbb  __aeabi_ldiv0                 
000026d5  __aeabi_memclr                
000026d5  __aeabi_memclr4               
000026d5  __aeabi_memclr8               
00002497  __aeabi_memcpy                
00002497  __aeabi_memcpy4               
00002497  __aeabi_memcpy8               
000026d7  __aeabi_memset                
000026d7  __aeabi_memset4               
000026d7  __aeabi_memset8               
00002533  __aeabi_uldivmod              
ffffffff  __binit__                     
ffffffff  __c_args__                    
UNDEFED   __mpu_init                    
20000270  __stack                       
20000000  __start___llvm_prf_cnts       
20000000  __stop___llvm_prf_cnts        
00002b59  _c_int00_noargs               
00002d28  _ctypes_                      
200022e8  _running                      
20001270  _sys_memory                   
UNDEFED   _system_post_cinit            
00002d21  _system_pre_init              
200022c4  _timeout_ticks                
00002d25  abort                         
00002985  atoi                          
ffffffff  binit                         
200022dc  command_byte                  
200022e0  command_flag                  
00002c23  copysign                      
00002c23  copysignl                     
000029e1  cyBOT_Scan                    
000029d1  cyBOT_init_Scan               
200022e4  errno                         
200022c8  fallingEdge                   
00002825  frexp                         
00002825  frexpl                        
20000000  g_pfnRAMVectors               
00000000  g_pfnVectors                  
000022c1  ir_enableInterrupt            
000022b9  ir_getDistance                
000022a5  ir_getValue                   
00002245  ir_init                       
200022d8  isRisingEdge                  
200022cc  isr_int_value                 
00002ce1  lcd_clear                     
00000e91  lcd_gotoLine                  
00000cf9  lcd_init                      
00000ef7  lcd_printf                    
00000db9  lcd_putc                      
00000df1  lcd_puts                      
00000cbd  lcd_reverseNibble             
00000e0f  lcd_sendCommand               
00000e4d  lcd_sendNibble                
00000eb9  lcd_setCursorPos              
00002039  ldexp                         
00002039  ldexpl                        
00002c83  main                          
00002c07  memccpy                       
00002497  memcpy                        
000026dd  memset                        
00001773  ping_getDistance              
000016d1  ping_init                     
0000166d  ping_trigger                  
200022d0  pulseLength                   
200022d4  risingEdge                    
00002039  scalbn                        
00002039  scalbnl                       
0000235f  servo_init                    
0000233f  servo_move                    
0000232d  servo_setPWM                  
00002321  servo_stop                    
00002c6d  strchr                        
00002c55  strcmp                        
00002c97  strcpy                        
00002cab  strlen                        
00001373  timer_getMicros               
0000131b  timer_getMillis               
00001255  timer_init                    
000012f7  timer_pause                   
00001309  timer_resume                  
000012cd  timer_stop                    
000013cd  timer_waitMicros              
000013ff  timer_waitMillis              
00001b5d  uart_init                     
000019e1  uart_interrupt_init           
00001c0b  uart_receive                  
00001bef  uart_sendChar                 
00001c2f  uart_sendStr                  
00002aa5  vsnprintf                     
00002cbf  wcslen                        


GLOBAL SYMBOLS: SORTED BY Symbol Address 

address   name                          
-------   ----                          
00000000  __TI_static_base__            
00000000  g_pfnVectors                  
0000026d  __TI_printfi                  
00000cbb  __aeabi_idiv0                 
00000cbb  __aeabi_ldiv0                 
00000cbd  lcd_reverseNibble             
00000cf9  lcd_init                      
00000db9  lcd_putc                      
00000df1  lcd_puts                      
00000e0f  lcd_sendCommand               
00000e4d  lcd_sendNibble                
00000e91  lcd_gotoLine                  
00000eb9  lcd_setCursorPos              
00000ef7  lcd_printf                    
00001000  __STACK_SIZE                  
00001000  __SYSMEM_SIZE                 
00001255  timer_init                    
000012cd  timer_stop                    
000012f7  timer_pause                   
00001309  timer_resume                  
0000131b  timer_getMillis               
00001373  timer_getMicros               
000013cd  timer_waitMicros              
000013ff  timer_waitMillis              
0000166d  ping_trigger                  
000016d1  ping_init                     
00001773  ping_getDistance              
000017a9  TIMER3B_Handler               
00001829  __aeabi_dsub                  
00001833  __aeabi_dadd                  
000019e1  uart_interrupt_init           
00001ab7  UART1_Handler                 
00001b5d  uart_init                     
00001bef  uart_sendChar                 
00001c0b  uart_receive                  
00001c2f  uart_sendStr                  
00001ddd  __aeabi_ddiv                  
00002039  ldexp                         
00002039  ldexpl                        
00002039  scalbn                        
00002039  scalbnl                       
00002149  __aeabi_dmul                  
00002245  ir_init                       
000022a5  ir_getValue                   
000022b9  ir_getDistance                
000022c1  ir_enableInterrupt            
000022f1  ADC0SS0_Handler               
00002321  servo_stop                    
0000232d  servo_setPWM                  
0000233f  servo_move                    
0000235f  servo_init                    
00002497  __aeabi_memcpy                
00002497  __aeabi_memcpy4               
00002497  __aeabi_memcpy8               
00002497  memcpy                        
00002533  __aeabi_uldivmod              
000025c9  __aeabi_cdcmpeq               
000025c9  __aeabi_cdcmple               
0000264f  __aeabi_cdrcmple              
000026d5  __aeabi_memclr                
000026d5  __aeabi_memclr4               
000026d5  __aeabi_memclr8               
000026d7  __aeabi_memset                
000026d7  __aeabi_memset4               
000026d7  __aeabi_memset8               
000026dd  memset                        
000027bd  __TI_decompress_lzss          
00002825  frexp                         
00002825  frexpl                        
000028df  __TI_ltoa                     
00002985  atoi                          
000029d1  cyBOT_init_Scan               
000029e1  cyBOT_Scan                    
00002a19  __aeabi_d2iz                  
00002a61  __TI_auto_init_nobinit_nopinit
00002aa5  vsnprintf                     
00002b25  IntRegister                   
00002b59  _c_int00_noargs               
00002bbd  __aeabi_i2d                   
00002beb  __TI_zero_init_nomemset       
00002c07  memccpy                       
00002c23  copysign                      
00002c23  copysignl                     
00002c55  strcmp                        
00002c6d  strchr                        
00002c83  main                          
00002c97  strcpy                        
00002cab  strlen                        
00002cbf  wcslen                        
00002cd1  IntMasterEnable               
00002ce1  lcd_clear                     
00002cf1  __TI_decompress_none          
00002cff  CPUcpsie                      
00002d0b  ResetISR                      
00002d19  __aeabi_errno_addr            
00002d21  _system_pre_init              
00002d25  C$$EXIT                       
00002d25  abort                         
00002d28  _ctypes_                      
00002e38  __TI_Handler_Table_Base       
00002e44  __TI_Handler_Table_Limit      
00002e60  __TI_CINIT_Base               
00002e78  __TI_CINIT_Limit              
20000000  __start___llvm_prf_cnts       
20000000  __stop___llvm_prf_cnts        
20000000  g_pfnRAMVectors               
20000270  __stack                       
20000470  __STACK_TOP                   
20001270  __STACK_END                   
20001270  _sys_memory                   
200022c4  _timeout_ticks                
200022c8  fallingEdge                   
200022cc  isr_int_value                 
200022d0  pulseLength                   
200022d4  risingEdge                    
200022d8  isRisingEdge                  
200022dc  command_byte                  
200022e0  command_flag                  
200022e4  errno                         
200022e8  _running                      
ffffffff  __TI_pprof_out_hndl           
ffffffff  __TI_prof_data_size           
ffffffff  __TI_prof_data_start          
ffffffff  __binit__                     
ffffffff  __c_args__                    
ffffffff  binit                         
UNDEFED   __mpu_init                    
UNDEFED   _system_post_cinit            

[128 symbols]
